Information: Updating design information... (UID-85)
 
****************************************
Report : cell
Design : gen_nonlinear_part
Version: B-2008.09-SP4
Date   : Fri Feb 12 15:31:26 2016
****************************************

Attributes:
    b - black box (unknown)
    h - hierarchical
    n - noncombinational
    r - removable
    u - contains unmapped logic

Cell                      Reference       Library             Area  Attributes
--------------------------------------------------------------------------------
U631                      CKBD1           tcbn65gpluswc   1.440000  
U632                      CKBD1           tcbn65gpluswc   1.440000  
U633                      CKBD1           tcbn65gpluswc   1.440000  
U634                      CKBD1           tcbn65gpluswc   1.440000  
U635                      CKBD1           tcbn65gpluswc   1.440000  
U636                      CKBD1           tcbn65gpluswc   1.440000  
U637                      CKBD1           tcbn65gpluswc   1.440000  
U638                      CKBD1           tcbn65gpluswc   1.440000  
U639                      CKBD1           tcbn65gpluswc   1.440000  
U640                      CKBD1           tcbn65gpluswc   1.440000  
U641                      CKBD1           tcbn65gpluswc   1.440000  
U642                      CKBD1           tcbn65gpluswc   1.440000  
U643                      CKBD1           tcbn65gpluswc   1.440000  
U644                      CKBD1           tcbn65gpluswc   1.440000  
U645                      CKBD1           tcbn65gpluswc   1.440000  
U646                      CKBD1           tcbn65gpluswc   1.440000  
U647                      CKBD1           tcbn65gpluswc   1.440000  
U648                      CKBD1           tcbn65gpluswc   1.440000  
U649                      CKBD1           tcbn65gpluswc   1.440000  
U650                      CKBD1           tcbn65gpluswc   1.440000  
U651                      INVD1           tcbn65gpluswc   1.080000  
U652                      INVD1           tcbn65gpluswc   1.080000  
U653                      INVD1           tcbn65gpluswc   1.080000  
U654                      INVD1           tcbn65gpluswc   1.080000  
U655                      NR2D0           tcbn65gpluswc   1.440000  
U656                      NR2D0           tcbn65gpluswc   1.440000  
U657                      NR2D0           tcbn65gpluswc   1.440000  
U658                      NR2D0           tcbn65gpluswc   1.440000  
U659                      NR2D0           tcbn65gpluswc   1.440000  
U660                      NR2D0           tcbn65gpluswc   1.440000  
U661                      NR2D0           tcbn65gpluswc   1.440000  
U662                      NR2D0           tcbn65gpluswc   1.440000  
U663                      NR2D0           tcbn65gpluswc   1.440000  
U664                      NR2D0           tcbn65gpluswc   1.440000  
U665                      NR2D0           tcbn65gpluswc   1.440000  
U666                      NR2D0           tcbn65gpluswc   1.440000  
U667                      NR2D0           tcbn65gpluswc   1.440000  
U668                      NR2D0           tcbn65gpluswc   1.440000  
U669                      NR2D0           tcbn65gpluswc   1.440000  
U670                      NR2D0           tcbn65gpluswc   1.440000  
U671                      NR2D0           tcbn65gpluswc   1.440000  
U672                      NR2D0           tcbn65gpluswc   1.440000  
U673                      NR2D0           tcbn65gpluswc   1.440000  
U674                      NR2D0           tcbn65gpluswc   1.440000  
U675                      NR2D0           tcbn65gpluswc   1.440000  
U676                      NR2D0           tcbn65gpluswc   1.440000  
U677                      NR2D0           tcbn65gpluswc   1.440000  
U678                      NR2D0           tcbn65gpluswc   1.440000  
U679                      NR2D0           tcbn65gpluswc   1.440000  
U680                      NR2D0           tcbn65gpluswc   1.440000  
U681                      NR2D0           tcbn65gpluswc   1.440000  
U682                      NR2D0           tcbn65gpluswc   1.440000  
U683                      NR2D0           tcbn65gpluswc   1.440000  
U684                      NR2D0           tcbn65gpluswc   1.440000  
U685                      NR2D0           tcbn65gpluswc   1.440000  
U686                      NR2D0           tcbn65gpluswc   1.440000  
U687                      NR2D0           tcbn65gpluswc   1.440000  
U688                      NR2D0           tcbn65gpluswc   1.440000  
U689                      NR2D0           tcbn65gpluswc   1.440000  
U690                      NR2D0           tcbn65gpluswc   1.440000  
U691                      NR2D0           tcbn65gpluswc   1.440000  
U692                      NR2D0           tcbn65gpluswc   1.440000  
U693                      NR2D0           tcbn65gpluswc   1.440000  
U694                      NR2D0           tcbn65gpluswc   1.440000  
U695                      NR2D0           tcbn65gpluswc   1.440000  
U696                      NR2D0           tcbn65gpluswc   1.440000  
U697                      NR2D0           tcbn65gpluswc   1.440000  
U698                      NR2D0           tcbn65gpluswc   1.440000  
U699                      NR2D0           tcbn65gpluswc   1.440000  
U700                      NR2D0           tcbn65gpluswc   1.440000  
U701                      NR2D0           tcbn65gpluswc   1.440000  
U702                      NR2D0           tcbn65gpluswc   1.440000  
U703                      NR2D0           tcbn65gpluswc   1.440000  
U704                      NR2D0           tcbn65gpluswc   1.440000  
U705                      NR2D0           tcbn65gpluswc   1.440000  
U706                      NR2D0           tcbn65gpluswc   1.440000  
U707                      NR2D0           tcbn65gpluswc   1.440000  
U708                      NR2D0           tcbn65gpluswc   1.440000  
U709                      NR2D0           tcbn65gpluswc   1.440000  
U710                      NR2D0           tcbn65gpluswc   1.440000  
U711                      NR2D0           tcbn65gpluswc   1.440000  
U712                      NR2D0           tcbn65gpluswc   1.440000  
U713                      NR2D0           tcbn65gpluswc   1.440000  
U714                      NR2D0           tcbn65gpluswc   1.440000  
U715                      NR2D0           tcbn65gpluswc   1.440000  
U716                      NR2D0           tcbn65gpluswc   1.440000  
U717                      NR2D0           tcbn65gpluswc   1.440000  
U718                      NR2D0           tcbn65gpluswc   1.440000  
U719                      NR2D0           tcbn65gpluswc   1.440000  
U720                      NR2D0           tcbn65gpluswc   1.440000  
U721                      NR2D0           tcbn65gpluswc   1.440000  
U722                      NR2D0           tcbn65gpluswc   1.440000  
U723                      NR2D0           tcbn65gpluswc   1.440000  
U724                      NR2D0           tcbn65gpluswc   1.440000  
U725                      NR2D0           tcbn65gpluswc   1.440000  
U726                      NR2D0           tcbn65gpluswc   1.440000  
U727                      NR2D0           tcbn65gpluswc   1.440000  
U728                      NR2D0           tcbn65gpluswc   1.440000  
U729                      NR2D0           tcbn65gpluswc   1.440000  
U730                      NR2D0           tcbn65gpluswc   1.440000  
U731                      NR2D0           tcbn65gpluswc   1.440000  
U732                      NR2D0           tcbn65gpluswc   1.440000  
U733                      NR2D0           tcbn65gpluswc   1.440000  
U734                      NR2D0           tcbn65gpluswc   1.440000  
U735                      NR2D0           tcbn65gpluswc   1.440000  
U736                      NR2D0           tcbn65gpluswc   1.440000  
U737                      NR2D0           tcbn65gpluswc   1.440000  
U738                      NR2D0           tcbn65gpluswc   1.440000  
U739                      NR2D0           tcbn65gpluswc   1.440000  
U740                      NR2D0           tcbn65gpluswc   1.440000  
U741                      NR2D0           tcbn65gpluswc   1.440000  
U742                      NR2D0           tcbn65gpluswc   1.440000  
U743                      NR2D0           tcbn65gpluswc   1.440000  
U744                      NR2D0           tcbn65gpluswc   1.440000  
U745                      NR2D0           tcbn65gpluswc   1.440000  
U746                      NR2D0           tcbn65gpluswc   1.440000  
U747                      NR2D0           tcbn65gpluswc   1.440000  
U748                      NR2D0           tcbn65gpluswc   1.440000  
U749                      NR2D0           tcbn65gpluswc   1.440000  
U750                      NR2D0           tcbn65gpluswc   1.440000  
U751                      NR2D0           tcbn65gpluswc   1.440000  
U752                      NR2D0           tcbn65gpluswc   1.440000  
U753                      NR2D0           tcbn65gpluswc   1.440000  
U754                      NR2D0           tcbn65gpluswc   1.440000  
U755                      NR2D0           tcbn65gpluswc   1.440000  
U756                      NR2D0           tcbn65gpluswc   1.440000  
U757                      NR2D0           tcbn65gpluswc   1.440000  
U758                      NR2D0           tcbn65gpluswc   1.440000  
U759                      NR2D0           tcbn65gpluswc   1.440000  
U760                      NR2D0           tcbn65gpluswc   1.440000  
U761                      NR2D0           tcbn65gpluswc   1.440000  
U762                      NR2D0           tcbn65gpluswc   1.440000  
U763                      NR2D0           tcbn65gpluswc   1.440000  
U764                      NR2D0           tcbn65gpluswc   1.440000  
U765                      NR2D0           tcbn65gpluswc   1.440000  
U766                      NR2D0           tcbn65gpluswc   1.440000  
U767                      NR2D0           tcbn65gpluswc   1.440000  
U768                      NR2D0           tcbn65gpluswc   1.440000  
U769                      NR2D0           tcbn65gpluswc   1.440000  
U770                      NR2D0           tcbn65gpluswc   1.440000  
U771                      NR2D0           tcbn65gpluswc   1.440000  
U772                      NR2D0           tcbn65gpluswc   1.440000  
U773                      NR2D0           tcbn65gpluswc   1.440000  
U774                      NR2D0           tcbn65gpluswc   1.440000  
U775                      NR2D0           tcbn65gpluswc   1.440000  
U776                      NR2D0           tcbn65gpluswc   1.440000  
U777                      NR2D0           tcbn65gpluswc   1.440000  
U778                      NR2D0           tcbn65gpluswc   1.440000  
U779                      NR2D0           tcbn65gpluswc   1.440000  
U780                      NR2D0           tcbn65gpluswc   1.440000  
U781                      NR2D0           tcbn65gpluswc   1.440000  
U782                      NR2D0           tcbn65gpluswc   1.440000  
U783                      NR2D0           tcbn65gpluswc   1.440000  
U784                      NR2D0           tcbn65gpluswc   1.440000  
U785                      NR2D0           tcbn65gpluswc   1.440000  
U786                      NR2D0           tcbn65gpluswc   1.440000  
U787                      NR2D0           tcbn65gpluswc   1.440000  
U788                      NR2D0           tcbn65gpluswc   1.440000  
U789                      NR2D0           tcbn65gpluswc   1.440000  
U790                      NR2D0           tcbn65gpluswc   1.440000  
U791                      NR2D0           tcbn65gpluswc   1.440000  
U792                      NR2D0           tcbn65gpluswc   1.440000  
U793                      NR2D0           tcbn65gpluswc   1.440000  
U794                      NR2D0           tcbn65gpluswc   1.440000  
U795                      NR2D0           tcbn65gpluswc   1.440000  
U796                      NR2D0           tcbn65gpluswc   1.440000  
U797                      NR2D0           tcbn65gpluswc   1.440000  
U798                      NR2D0           tcbn65gpluswc   1.440000  
U799                      NR2D0           tcbn65gpluswc   1.440000  
U800                      NR2D0           tcbn65gpluswc   1.440000  
U801                      NR2D0           tcbn65gpluswc   1.440000  
U802                      NR2D0           tcbn65gpluswc   1.440000  
U803                      NR2D0           tcbn65gpluswc   1.440000  
U804                      NR2D0           tcbn65gpluswc   1.440000  
U805                      NR2D0           tcbn65gpluswc   1.440000  
U806                      NR2D0           tcbn65gpluswc   1.440000  
U807                      NR2D0           tcbn65gpluswc   1.440000  
U808                      NR2D0           tcbn65gpluswc   1.440000  
U809                      NR2D0           tcbn65gpluswc   1.440000  
U810                      NR2D0           tcbn65gpluswc   1.440000  
U811                      NR2D0           tcbn65gpluswc   1.440000  
U812                      NR2D0           tcbn65gpluswc   1.440000  
U813                      NR2D0           tcbn65gpluswc   1.440000  
U814                      NR2D0           tcbn65gpluswc   1.440000  
U815                      NR2D0           tcbn65gpluswc   1.440000  
U816                      NR2D0           tcbn65gpluswc   1.440000  
U817                      NR2D0           tcbn65gpluswc   1.440000  
U818                      NR2D0           tcbn65gpluswc   1.440000  
U819                      NR2D0           tcbn65gpluswc   1.440000  
U820                      NR2D0           tcbn65gpluswc   1.440000  
U821                      NR2D0           tcbn65gpluswc   1.440000  
U822                      NR2D0           tcbn65gpluswc   1.440000  
U823                      NR2D0           tcbn65gpluswc   1.440000  
U824                      NR2D0           tcbn65gpluswc   1.440000  
U825                      NR2D0           tcbn65gpluswc   1.440000  
U826                      NR2D0           tcbn65gpluswc   1.440000  
U827                      NR2D0           tcbn65gpluswc   1.440000  
U828                      NR2D0           tcbn65gpluswc   1.440000  
U829                      NR2D0           tcbn65gpluswc   1.440000  
U830                      NR2D0           tcbn65gpluswc   1.440000  
U831                      NR2D0           tcbn65gpluswc   1.440000  
U832                      NR2D0           tcbn65gpluswc   1.440000  
U833                      NR2D0           tcbn65gpluswc   1.440000  
U834                      NR2D0           tcbn65gpluswc   1.440000  
U835                      NR2D0           tcbn65gpluswc   1.440000  
U836                      NR2D0           tcbn65gpluswc   1.440000  
U837                      NR2D0           tcbn65gpluswc   1.440000  
U838                      NR2D0           tcbn65gpluswc   1.440000  
U839                      NR2D0           tcbn65gpluswc   1.440000  
U840                      NR2D0           tcbn65gpluswc   1.440000  
U841                      NR2D0           tcbn65gpluswc   1.440000  
U842                      NR2D0           tcbn65gpluswc   1.440000  
U843                      NR2D0           tcbn65gpluswc   1.440000  
U844                      NR2D0           tcbn65gpluswc   1.440000  
U845                      NR2D0           tcbn65gpluswc   1.440000  
U846                      NR2D0           tcbn65gpluswc   1.440000  
U847                      NR2D0           tcbn65gpluswc   1.440000  
U848                      NR2D0           tcbn65gpluswc   1.440000  
U849                      NR2D0           tcbn65gpluswc   1.440000  
U850                      NR2D0           tcbn65gpluswc   1.440000  
U851                      NR2D0           tcbn65gpluswc   1.440000  
U852                      NR2D0           tcbn65gpluswc   1.440000  
U853                      NR2D0           tcbn65gpluswc   1.440000  
U854                      NR2D0           tcbn65gpluswc   1.440000  
U855                      NR2D0           tcbn65gpluswc   1.440000  
U856                      NR2D0           tcbn65gpluswc   1.440000  
U857                      NR2D0           tcbn65gpluswc   1.440000  
U858                      NR2D0           tcbn65gpluswc   1.440000  
U859                      NR2D0           tcbn65gpluswc   1.440000  
U860                      NR2D0           tcbn65gpluswc   1.440000  
U861                      NR2D0           tcbn65gpluswc   1.440000  
U862                      NR2D0           tcbn65gpluswc   1.440000  
U863                      NR2D0           tcbn65gpluswc   1.440000  
U864                      NR2D0           tcbn65gpluswc   1.440000  
U865                      NR2D0           tcbn65gpluswc   1.440000  
U866                      NR2D0           tcbn65gpluswc   1.440000  
U867                      NR2D0           tcbn65gpluswc   1.440000  
U868                      NR2D0           tcbn65gpluswc   1.440000  
U869                      NR2D0           tcbn65gpluswc   1.440000  
U870                      NR2D0           tcbn65gpluswc   1.440000  
U871                      NR2D0           tcbn65gpluswc   1.440000  
U872                      NR2D0           tcbn65gpluswc   1.440000  
U873                      NR2D0           tcbn65gpluswc   1.440000  
U874                      NR2D0           tcbn65gpluswc   1.440000  
U875                      NR2D0           tcbn65gpluswc   1.440000  
U876                      NR2D0           tcbn65gpluswc   1.440000  
U877                      NR2D0           tcbn65gpluswc   1.440000  
U878                      NR2D0           tcbn65gpluswc   1.440000  
U879                      NR2D0           tcbn65gpluswc   1.440000  
U880                      NR2D0           tcbn65gpluswc   1.440000  
U881                      NR2D0           tcbn65gpluswc   1.440000  
U882                      NR2D0           tcbn65gpluswc   1.440000  
U883                      NR2D0           tcbn65gpluswc   1.440000  
U884                      NR2D0           tcbn65gpluswc   1.440000  
U885                      NR2D0           tcbn65gpluswc   1.440000  
U886                      NR2D0           tcbn65gpluswc   1.440000  
U887                      NR2D0           tcbn65gpluswc   1.440000  
U888                      NR2D0           tcbn65gpluswc   1.440000  
U889                      NR2D0           tcbn65gpluswc   1.440000  
U890                      NR2D0           tcbn65gpluswc   1.440000  
U891                      NR2D0           tcbn65gpluswc   1.440000  
U892                      NR2D0           tcbn65gpluswc   1.440000  
U893                      NR2D0           tcbn65gpluswc   1.440000  
U894                      NR2D0           tcbn65gpluswc   1.440000  
U895                      NR2D0           tcbn65gpluswc   1.440000  
U896                      NR2D0           tcbn65gpluswc   1.440000  
U897                      NR2D0           tcbn65gpluswc   1.440000  
U898                      NR2D0           tcbn65gpluswc   1.440000  
U899                      NR2D0           tcbn65gpluswc   1.440000  
U900                      NR2D0           tcbn65gpluswc   1.440000  
U901                      NR2D0           tcbn65gpluswc   1.440000  
U902                      NR2D0           tcbn65gpluswc   1.440000  
U903                      NR2D0           tcbn65gpluswc   1.440000  
U904                      NR2D0           tcbn65gpluswc   1.440000  
U905                      NR2D0           tcbn65gpluswc   1.440000  
U906                      NR2D0           tcbn65gpluswc   1.440000  
U907                      NR2D0           tcbn65gpluswc   1.440000  
U908                      NR2D0           tcbn65gpluswc   1.440000  
U909                      NR2D0           tcbn65gpluswc   1.440000  
U910                      CKND0           tcbn65gpluswc   1.080000  
U911                      CKND0           tcbn65gpluswc   1.080000  
U912                      CKND0           tcbn65gpluswc   1.080000  
U913                      CKND2D0         tcbn65gpluswc   1.440000  
U914                      CKND0           tcbn65gpluswc   1.080000  
U915                      CKND2D0         tcbn65gpluswc   1.440000  
U916                      CKND0           tcbn65gpluswc   1.080000  
U917                      CKND2D0         tcbn65gpluswc   1.440000  
U918                      CKND0           tcbn65gpluswc   1.080000  
U919                      CKND2D0         tcbn65gpluswc   1.440000  
U920                      CKND0           tcbn65gpluswc   1.080000  
U921                      CKND2D0         tcbn65gpluswc   1.440000  
U922                      CKND0           tcbn65gpluswc   1.080000  
U923                      CKND2D0         tcbn65gpluswc   1.440000  
U924                      CKND0           tcbn65gpluswc   1.080000  
U925                      CKND2D0         tcbn65gpluswc   1.440000  
U926                      CKND0           tcbn65gpluswc   1.080000  
U927                      CKND2D0         tcbn65gpluswc   1.440000  
U928                      CKND0           tcbn65gpluswc   1.080000  
U929                      CKND2D0         tcbn65gpluswc   1.440000  
U930                      CKND0           tcbn65gpluswc   1.080000  
U931                      CKND2D0         tcbn65gpluswc   1.440000  
U932                      CKND0           tcbn65gpluswc   1.080000  
U933                      CKND2D0         tcbn65gpluswc   1.440000  
U934                      CKND0           tcbn65gpluswc   1.080000  
U935                      CKND2D0         tcbn65gpluswc   1.440000  
U936                      CKND0           tcbn65gpluswc   1.080000  
U937                      CKND2D0         tcbn65gpluswc   1.440000  
U938                      CKND0           tcbn65gpluswc   1.080000  
U939                      CKND2D0         tcbn65gpluswc   1.440000  
U940                      CKND0           tcbn65gpluswc   1.080000  
U941                      CKND2D0         tcbn65gpluswc   1.440000  
U942                      CKND0           tcbn65gpluswc   1.080000  
U943                      CKND2D0         tcbn65gpluswc   1.440000  
U944                      CKND0           tcbn65gpluswc   1.080000  
U945                      CKND2D0         tcbn65gpluswc   1.440000  
U946                      CKND0           tcbn65gpluswc   1.080000  
U947                      CKND2D0         tcbn65gpluswc   1.440000  
U948                      CKND0           tcbn65gpluswc   1.080000  
U949                      CKND2D0         tcbn65gpluswc   1.440000  
U950                      CKND0           tcbn65gpluswc   1.080000  
U951                      CKND2D0         tcbn65gpluswc   1.440000  
U952                      CKND0           tcbn65gpluswc   1.080000  
U953                      CKND2D0         tcbn65gpluswc   1.440000  
U954                      CKND0           tcbn65gpluswc   1.080000  
U955                      CKND2D0         tcbn65gpluswc   1.440000  
U956                      CKND0           tcbn65gpluswc   1.080000  
U957                      CKND2D0         tcbn65gpluswc   1.440000  
U958                      CKND0           tcbn65gpluswc   1.080000  
U959                      CKND2D0         tcbn65gpluswc   1.440000  
U960                      CKND0           tcbn65gpluswc   1.080000  
U961                      CKND2D0         tcbn65gpluswc   1.440000  
U962                      CKND0           tcbn65gpluswc   1.080000  
U963                      CKND2D0         tcbn65gpluswc   1.440000  
U964                      CKND0           tcbn65gpluswc   1.080000  
U965                      CKND2D0         tcbn65gpluswc   1.440000  
U966                      CKND0           tcbn65gpluswc   1.080000  
U967                      CKND2D0         tcbn65gpluswc   1.440000  
U968                      CKND0           tcbn65gpluswc   1.080000  
U969                      CKND2D0         tcbn65gpluswc   1.440000  
U970                      CKND0           tcbn65gpluswc   1.080000  
U971                      CKND2D0         tcbn65gpluswc   1.440000  
U972                      CKND0           tcbn65gpluswc   1.080000  
U973                      CKND2D0         tcbn65gpluswc   1.440000  
U974                      CKND0           tcbn65gpluswc   1.080000  
U975                      CKND2D0         tcbn65gpluswc   1.440000  
U976                      CKND0           tcbn65gpluswc   1.080000  
U977                      CKND2D0         tcbn65gpluswc   1.440000  
U978                      CKND0           tcbn65gpluswc   1.080000  
U979                      CKND2D0         tcbn65gpluswc   1.440000  
U980                      CKND0           tcbn65gpluswc   1.080000  
U981                      CKND2D0         tcbn65gpluswc   1.440000  
U982                      CKND0           tcbn65gpluswc   1.080000  
U983                      CKND2D0         tcbn65gpluswc   1.440000  
U984                      CKND0           tcbn65gpluswc   1.080000  
U985                      CKND2D0         tcbn65gpluswc   1.440000  
U986                      CKND0           tcbn65gpluswc   1.080000  
U987                      CKND2D0         tcbn65gpluswc   1.440000  
U988                      CKND0           tcbn65gpluswc   1.080000  
U989                      CKND2D0         tcbn65gpluswc   1.440000  
U990                      CKND0           tcbn65gpluswc   1.080000  
U991                      CKND2D0         tcbn65gpluswc   1.440000  
U992                      CKND0           tcbn65gpluswc   1.080000  
U993                      CKND2D0         tcbn65gpluswc   1.440000  
U994                      CKND0           tcbn65gpluswc   1.080000  
U995                      CKND2D0         tcbn65gpluswc   1.440000  
U996                      CKND0           tcbn65gpluswc   1.080000  
U997                      CKND2D0         tcbn65gpluswc   1.440000  
U998                      CKND0           tcbn65gpluswc   1.080000  
U999                      CKND2D0         tcbn65gpluswc   1.440000  
U1000                     CKND0           tcbn65gpluswc   1.080000  
U1001                     CKND2D0         tcbn65gpluswc   1.440000  
U1002                     CKND0           tcbn65gpluswc   1.080000  
U1003                     CKND2D0         tcbn65gpluswc   1.440000  
U1004                     CKND0           tcbn65gpluswc   1.080000  
U1005                     CKND2D0         tcbn65gpluswc   1.440000  
U1006                     CKND0           tcbn65gpluswc   1.080000  
U1007                     CKND2D0         tcbn65gpluswc   1.440000  
U1008                     CKND0           tcbn65gpluswc   1.080000  
U1009                     CKND2D0         tcbn65gpluswc   1.440000  
U1010                     CKND0           tcbn65gpluswc   1.080000  
U1011                     CKND2D0         tcbn65gpluswc   1.440000  
U1012                     CKND0           tcbn65gpluswc   1.080000  
U1013                     CKND2D0         tcbn65gpluswc   1.440000  
U1014                     CKND0           tcbn65gpluswc   1.080000  
U1015                     CKND2D0         tcbn65gpluswc   1.440000  
U1016                     CKND0           tcbn65gpluswc   1.080000  
U1017                     CKND2D0         tcbn65gpluswc   1.440000  
U1018                     CKND0           tcbn65gpluswc   1.080000  
U1019                     CKND2D0         tcbn65gpluswc   1.440000  
U1020                     CKND0           tcbn65gpluswc   1.080000  
U1021                     CKND2D0         tcbn65gpluswc   1.440000  
U1022                     CKND0           tcbn65gpluswc   1.080000  
U1023                     CKND2D0         tcbn65gpluswc   1.440000  
U1024                     CKND0           tcbn65gpluswc   1.080000  
U1025                     CKND2D0         tcbn65gpluswc   1.440000  
U1026                     CKND0           tcbn65gpluswc   1.080000  
U1027                     CKND2D0         tcbn65gpluswc   1.440000  
U1028                     CKND0           tcbn65gpluswc   1.080000  
U1029                     CKND2D0         tcbn65gpluswc   1.440000  
U1030                     CKND0           tcbn65gpluswc   1.080000  
U1031                     CKND2D0         tcbn65gpluswc   1.440000  
U1032                     CKND0           tcbn65gpluswc   1.080000  
U1033                     CKND2D0         tcbn65gpluswc   1.440000  
U1034                     CKND0           tcbn65gpluswc   1.080000  
U1035                     CKND2D0         tcbn65gpluswc   1.440000  
U1036                     CKND0           tcbn65gpluswc   1.080000  
U1037                     CKND2D0         tcbn65gpluswc   1.440000  
U1038                     CKND0           tcbn65gpluswc   1.080000  
U1039                     CKND2D0         tcbn65gpluswc   1.440000  
U1040                     CKND0           tcbn65gpluswc   1.080000  
U1041                     CKND2D0         tcbn65gpluswc   1.440000  
U1042                     CKND0           tcbn65gpluswc   1.080000  
U1043                     CKND2D0         tcbn65gpluswc   1.440000  
U1044                     CKND0           tcbn65gpluswc   1.080000  
U1045                     CKND2D0         tcbn65gpluswc   1.440000  
U1046                     CKND0           tcbn65gpluswc   1.080000  
U1047                     CKND2D0         tcbn65gpluswc   1.440000  
U1048                     CKND0           tcbn65gpluswc   1.080000  
U1049                     CKND2D0         tcbn65gpluswc   1.440000  
U1050                     CKND0           tcbn65gpluswc   1.080000  
U1051                     CKND2D0         tcbn65gpluswc   1.440000  
U1052                     CKND0           tcbn65gpluswc   1.080000  
U1053                     CKND2D0         tcbn65gpluswc   1.440000  
U1054                     CKND0           tcbn65gpluswc   1.080000  
U1055                     CKND2D0         tcbn65gpluswc   1.440000  
U1056                     CKND0           tcbn65gpluswc   1.080000  
U1057                     CKND2D0         tcbn65gpluswc   1.440000  
U1058                     CKND0           tcbn65gpluswc   1.080000  
U1059                     CKND2D0         tcbn65gpluswc   1.440000  
U1060                     CKND0           tcbn65gpluswc   1.080000  
U1061                     CKND2D0         tcbn65gpluswc   1.440000  
U1062                     CKND0           tcbn65gpluswc   1.080000  
U1063                     CKND2D0         tcbn65gpluswc   1.440000  
U1064                     CKND0           tcbn65gpluswc   1.080000  
U1065                     CKND2D0         tcbn65gpluswc   1.440000  
U1066                     CKND0           tcbn65gpluswc   1.080000  
U1067                     CKND2D0         tcbn65gpluswc   1.440000  
U1068                     CKND0           tcbn65gpluswc   1.080000  
U1069                     CKND2D0         tcbn65gpluswc   1.440000  
U1070                     CKND0           tcbn65gpluswc   1.080000  
U1071                     CKND2D0         tcbn65gpluswc   1.440000  
U1072                     CKND0           tcbn65gpluswc   1.080000  
U1073                     CKND2D0         tcbn65gpluswc   1.440000  
U1074                     CKND0           tcbn65gpluswc   1.080000  
U1075                     CKND2D0         tcbn65gpluswc   1.440000  
U1076                     CKND0           tcbn65gpluswc   1.080000  
U1077                     CKND2D0         tcbn65gpluswc   1.440000  
U1078                     AN2D0           tcbn65gpluswc   2.160000  
U1079                     CKND0           tcbn65gpluswc   1.080000  
U1080                     CKND2D0         tcbn65gpluswc   1.440000  
U1081                     AN2D0           tcbn65gpluswc   2.160000  
U1082                     CKND0           tcbn65gpluswc   1.080000  
U1083                     CKND2D0         tcbn65gpluswc   1.440000  
U1084                     AN2D0           tcbn65gpluswc   2.160000  
U1085                     CKND0           tcbn65gpluswc   1.080000  
U1086                     CKND2D0         tcbn65gpluswc   1.440000  
U1087                     AN2D0           tcbn65gpluswc   2.160000  
U1088                     CKND0           tcbn65gpluswc   1.080000  
U1089                     CKND2D0         tcbn65gpluswc   1.440000  
U1090                     AN2D0           tcbn65gpluswc   2.160000  
U1091                     CKND0           tcbn65gpluswc   1.080000  
U1092                     CKND2D0         tcbn65gpluswc   1.440000  
U1093                     AN2D0           tcbn65gpluswc   2.160000  
U1094                     CKND0           tcbn65gpluswc   1.080000  
U1095                     CKND2D0         tcbn65gpluswc   1.440000  
U1096                     AN2D0           tcbn65gpluswc   2.160000  
U1097                     CKND0           tcbn65gpluswc   1.080000  
U1098                     CKND2D0         tcbn65gpluswc   1.440000  
U1099                     AN2D0           tcbn65gpluswc   2.160000  
U1100                     CKND0           tcbn65gpluswc   1.080000  
U1101                     CKND2D0         tcbn65gpluswc   1.440000  
U1102                     AN2D0           tcbn65gpluswc   2.160000  
U1103                     CKND0           tcbn65gpluswc   1.080000  
U1104                     CKND2D0         tcbn65gpluswc   1.440000  
U1105                     AN2D0           tcbn65gpluswc   2.160000  
U1106                     CKND0           tcbn65gpluswc   1.080000  
U1107                     CKND2D0         tcbn65gpluswc   1.440000  
U1108                     AN2D0           tcbn65gpluswc   2.160000  
U1109                     CKND0           tcbn65gpluswc   1.080000  
U1110                     CKND2D0         tcbn65gpluswc   1.440000  
U1111                     AN2D0           tcbn65gpluswc   2.160000  
U1112                     CKND0           tcbn65gpluswc   1.080000  
U1113                     CKND2D0         tcbn65gpluswc   1.440000  
U1114                     AN2D0           tcbn65gpluswc   2.160000  
U1115                     CKND0           tcbn65gpluswc   1.080000  
U1116                     CKND2D0         tcbn65gpluswc   1.440000  
U1117                     AN2D0           tcbn65gpluswc   2.160000  
U1118                     CKND0           tcbn65gpluswc   1.080000  
U1119                     CKND2D0         tcbn65gpluswc   1.440000  
U1120                     AN2D0           tcbn65gpluswc   2.160000  
U1121                     CKND0           tcbn65gpluswc   1.080000  
U1122                     CKND2D0         tcbn65gpluswc   1.440000  
U1123                     AN2D0           tcbn65gpluswc   2.160000  
U1124                     CKND0           tcbn65gpluswc   1.080000  
U1125                     CKND2D0         tcbn65gpluswc   1.440000  
U1126                     AN2D0           tcbn65gpluswc   2.160000  
U1127                     CKND0           tcbn65gpluswc   1.080000  
U1128                     CKND2D0         tcbn65gpluswc   1.440000  
U1129                     AN2D0           tcbn65gpluswc   2.160000  
U1130                     CKND0           tcbn65gpluswc   1.080000  
U1131                     CKND2D0         tcbn65gpluswc   1.440000  
U1132                     AN2D0           tcbn65gpluswc   2.160000  
U1133                     CKND0           tcbn65gpluswc   1.080000  
U1134                     CKND2D0         tcbn65gpluswc   1.440000  
U1135                     AN2D0           tcbn65gpluswc   2.160000  
U1136                     CKND0           tcbn65gpluswc   1.080000  
U1137                     CKND2D0         tcbn65gpluswc   1.440000  
U1138                     AN2D0           tcbn65gpluswc   2.160000  
U1139                     CKND0           tcbn65gpluswc   1.080000  
U1140                     CKND2D0         tcbn65gpluswc   1.440000  
U1141                     AN2D0           tcbn65gpluswc   2.160000  
U1142                     CKND0           tcbn65gpluswc   1.080000  
U1143                     CKND2D0         tcbn65gpluswc   1.440000  
U1144                     AN2D0           tcbn65gpluswc   2.160000  
U1145                     CKND0           tcbn65gpluswc   1.080000  
U1146                     CKND2D0         tcbn65gpluswc   1.440000  
U1147                     AN2D0           tcbn65gpluswc   2.160000  
U1148                     CKND0           tcbn65gpluswc   1.080000  
U1149                     CKND2D0         tcbn65gpluswc   1.440000  
U1150                     AN2D0           tcbn65gpluswc   2.160000  
U1151                     CKND0           tcbn65gpluswc   1.080000  
U1152                     CKND2D0         tcbn65gpluswc   1.440000  
U1153                     AN2D0           tcbn65gpluswc   2.160000  
U1154                     CKND0           tcbn65gpluswc   1.080000  
U1155                     CKND2D0         tcbn65gpluswc   1.440000  
U1156                     AN2D0           tcbn65gpluswc   2.160000  
U1157                     CKND0           tcbn65gpluswc   1.080000  
U1158                     CKND2D0         tcbn65gpluswc   1.440000  
U1159                     AN2D0           tcbn65gpluswc   2.160000  
U1160                     CKND0           tcbn65gpluswc   1.080000  
U1161                     CKND2D0         tcbn65gpluswc   1.440000  
U1162                     AN2D0           tcbn65gpluswc   2.160000  
U1163                     CKND0           tcbn65gpluswc   1.080000  
U1164                     CKND2D0         tcbn65gpluswc   1.440000  
U1165                     AN2D0           tcbn65gpluswc   2.160000  
U1166                     CKND0           tcbn65gpluswc   1.080000  
U1167                     CKND2D0         tcbn65gpluswc   1.440000  
U1168                     AN2D0           tcbn65gpluswc   2.160000  
U1169                     CKND0           tcbn65gpluswc   1.080000  
U1170                     CKND2D0         tcbn65gpluswc   1.440000  
U1171                     AN2D0           tcbn65gpluswc   2.160000  
U1172                     AN2D0           tcbn65gpluswc   2.160000  
U1173                     CKND0           tcbn65gpluswc   1.080000  
U1174                     CKND2D0         tcbn65gpluswc   1.440000  
U1175                     AN2D0           tcbn65gpluswc   2.160000  
U1176                     AN2D0           tcbn65gpluswc   2.160000  
U1177                     CKND0           tcbn65gpluswc   1.080000  
U1178                     CKND2D0         tcbn65gpluswc   1.440000  
U1179                     AN2D0           tcbn65gpluswc   2.160000  
U1180                     AN2D0           tcbn65gpluswc   2.160000  
U1181                     CKND0           tcbn65gpluswc   1.080000  
U1182                     CKND2D0         tcbn65gpluswc   1.440000  
U1183                     AN2D0           tcbn65gpluswc   2.160000  
U1184                     AN2D0           tcbn65gpluswc   2.160000  
U1185                     CKND0           tcbn65gpluswc   1.080000  
U1186                     CKND2D0         tcbn65gpluswc   1.440000  
U1187                     AN2D0           tcbn65gpluswc   2.160000  
U1188                     AN2D0           tcbn65gpluswc   2.160000  
U1189                     CKND0           tcbn65gpluswc   1.080000  
U1190                     CKND2D0         tcbn65gpluswc   1.440000  
U1191                     AN2D0           tcbn65gpluswc   2.160000  
U1192                     AN2D0           tcbn65gpluswc   2.160000  
U1193                     CKND0           tcbn65gpluswc   1.080000  
U1194                     CKND2D0         tcbn65gpluswc   1.440000  
U1195                     AN2D0           tcbn65gpluswc   2.160000  
U1196                     AN2D0           tcbn65gpluswc   2.160000  
U1197                     CKND0           tcbn65gpluswc   1.080000  
U1198                     CKND2D0         tcbn65gpluswc   1.440000  
U1199                     AN2D0           tcbn65gpluswc   2.160000  
U1200                     AN2D0           tcbn65gpluswc   2.160000  
U1201                     CKND0           tcbn65gpluswc   1.080000  
U1202                     CKND2D0         tcbn65gpluswc   1.440000  
U1203                     AN2D0           tcbn65gpluswc   2.160000  
U1204                     AN2D0           tcbn65gpluswc   2.160000  
U1205                     CKND0           tcbn65gpluswc   1.080000  
U1206                     CKND2D0         tcbn65gpluswc   1.440000  
U1207                     AN2D0           tcbn65gpluswc   2.160000  
U1208                     AN2D0           tcbn65gpluswc   2.160000  
U1209                     CKND0           tcbn65gpluswc   1.080000  
U1210                     CKND2D0         tcbn65gpluswc   1.440000  
U1211                     AN2D0           tcbn65gpluswc   2.160000  
U1212                     AN2D0           tcbn65gpluswc   2.160000  
U1213                     CKND0           tcbn65gpluswc   1.080000  
U1214                     CKND2D0         tcbn65gpluswc   1.440000  
U1215                     AN2D0           tcbn65gpluswc   2.160000  
U1216                     AN2D0           tcbn65gpluswc   2.160000  
U1217                     CKND0           tcbn65gpluswc   1.080000  
U1218                     CKND2D0         tcbn65gpluswc   1.440000  
U1219                     AN2D0           tcbn65gpluswc   2.160000  
U1220                     CKND0           tcbn65gpluswc   1.080000  
U1221                     CKND2D0         tcbn65gpluswc   1.440000  
U1222                     AN2D0           tcbn65gpluswc   2.160000  
U1223                     AN2D0           tcbn65gpluswc   2.160000  
U1224                     AN2D0           tcbn65gpluswc   2.160000  
U1225                     AN2D0           tcbn65gpluswc   2.160000  
U1226                     AN2D0           tcbn65gpluswc   2.160000  
U1227                     AN2D0           tcbn65gpluswc   2.160000  
U1228                     AN2D0           tcbn65gpluswc   2.160000  
U1229                     AN2D0           tcbn65gpluswc   2.160000  
U1230                     AN2D0           tcbn65gpluswc   2.160000  
U1231                     AN2D0           tcbn65gpluswc   2.160000  
U1232                     AN2D0           tcbn65gpluswc   2.160000  
U1233                     AN2D0           tcbn65gpluswc   2.160000  
U1234                     AN2D0           tcbn65gpluswc   2.160000  
U1235                     AN2D0           tcbn65gpluswc   2.160000  
U1236                     AN2D0           tcbn65gpluswc   2.160000  
U1237                     AN2D0           tcbn65gpluswc   2.160000  
U1238                     AN2D0           tcbn65gpluswc   2.160000  
U1239                     AN2D0           tcbn65gpluswc   2.160000  
U1240                     AN2D0           tcbn65gpluswc   2.160000  
U1241                     AN2D0           tcbn65gpluswc   2.160000  
U1242                     AN2D0           tcbn65gpluswc   2.160000  
U1243                     AN2D0           tcbn65gpluswc   2.160000  
U1244                     AN2D0           tcbn65gpluswc   2.160000  
U1245                     AN2D0           tcbn65gpluswc   2.160000  
U1246                     AN2D0           tcbn65gpluswc   2.160000  
U1247                     AN2D0           tcbn65gpluswc   2.160000  
U1248                     AN2D0           tcbn65gpluswc   2.160000  
U1249                     AN2D0           tcbn65gpluswc   2.160000  
U1250                     AN2D0           tcbn65gpluswc   2.160000  
U1251                     AN2D0           tcbn65gpluswc   2.160000  
U1252                     AN2D0           tcbn65gpluswc   2.160000  
U1253                     AN2D0           tcbn65gpluswc   2.160000  
U1254                     AN2D0           tcbn65gpluswc   2.160000  
U1255                     AN2D0           tcbn65gpluswc   2.160000  
U1256                     AN2D0           tcbn65gpluswc   2.160000  
U1257                     AN2D0           tcbn65gpluswc   2.160000  
U1258                     AN2D0           tcbn65gpluswc   2.160000  
U1259                     AN2D0           tcbn65gpluswc   2.160000  
U1260                     AN2D0           tcbn65gpluswc   2.160000  
U1261                     AN2D0           tcbn65gpluswc   2.160000  
U1262                     AN2D0           tcbn65gpluswc   2.160000  
U1263                     AN2D0           tcbn65gpluswc   2.160000  
U1264                     AN2D0           tcbn65gpluswc   2.160000  
U1265                     AN2D0           tcbn65gpluswc   2.160000  
U1266                     AN2D0           tcbn65gpluswc   2.160000  
U1267                     AN2D0           tcbn65gpluswc   2.160000  
U1268                     AN2D0           tcbn65gpluswc   2.160000  
U1269                     AN2D0           tcbn65gpluswc   2.160000  
U1270                     AN2D0           tcbn65gpluswc   2.160000  
U1271                     AN2D0           tcbn65gpluswc   2.160000  
U1272                     AN2D0           tcbn65gpluswc   2.160000  
U1273                     AN2D0           tcbn65gpluswc   2.160000  
U1274                     AN2D0           tcbn65gpluswc   2.160000  
U1275                     AN2D0           tcbn65gpluswc   2.160000  
U1276                     AN2D0           tcbn65gpluswc   2.160000  
U1277                     AN2D0           tcbn65gpluswc   2.160000  
U1278                     AN2D0           tcbn65gpluswc   2.160000  
U1279                     AN2D0           tcbn65gpluswc   2.160000  
U1280                     AN2D0           tcbn65gpluswc   2.160000  
U1281                     AN2D0           tcbn65gpluswc   2.160000  
U1282                     AN2D0           tcbn65gpluswc   2.160000  
U1283                     AN2D0           tcbn65gpluswc   2.160000  
U1284                     AN2D0           tcbn65gpluswc   2.160000  
--------------------------------------------------------------------------------
Total 654 cells                                           979.560039
1
