Information: Updating design information... (UID-85)
 
****************************************
Report : timing
        -path full
        -delay max
        -nets
        -max_paths 1
        -transition_time
Design : gen_cla_decomposed
Version: K-2015.06-SP5-1
Date   : Mon Apr 18 15:24:29 2016
****************************************

Operating Conditions: WCCOM   Library: tcbn65gpluswc
Wire Load Model Mode: segmented

  Startpoint: b[1] (input port)
  Endpoint: s[9] (output port)
  Path Group: (none)
  Path Type: max

  Des/Clust/Port     Wire Load Model       Library
  ------------------------------------------------
  gen_cla_decomposed ZeroWireload          tcbn65gpluswc

Attributes:
    d - dont_touch
    u - dont_use
   mo - map_only
   so - size_only
    i - ideal_net or ideal_network
  inf - infeasible path

  Point                        Fanout     Trans      Incr       Path      Attributes
  ------------------------------------------------------------------------------------------
  input external delay                               0.00       0.00 r
  b[1] (in)                                0.00      0.00       0.00 r
  b[1] (net)                     3                   0.00       0.00 r
  NLIN/U1012/Z (AN2D0)                     0.06      0.07       0.07 r
  n[1] (net)                     3                   0.00       0.07 r
  NLIN/U1011/Z (AN2D0)                     0.06      0.08       0.15 r
  n[5] (net)                     3                   0.00       0.15 r
  NLIN/U1010/Z (AN2D0)                     0.07      0.09       0.24 r
  n[13] (net)                    3                   0.00       0.24 r
  NLIN/U896/Z (AN2D0)                      0.06      0.09       0.33 r
  n[29] (net)                    3                   0.00       0.33 r
  NLIN/U895/Z (AN2D0)                      0.06      0.08       0.41 r
  n[61] (net)                    3                   0.00       0.41 r
  NLIN/U894/Z (AN2D0)                      0.07      0.09       0.50 r
  n[125] (net)                   3                   0.00       0.50 r
  NLIN/U734/Z (AN2D0)                      0.07      0.09       0.59 r
  n[253] (net)                   3                   0.00       0.59 r
  NLIN/U491/Z (AN2D0)                      0.03      0.07       0.66 r
  n[509] (net)                   1                   0.00       0.66 r
  LIN/U111/Z (XOR4D0)                      0.06      0.20       0.86 f
  LIN/n181 (net)                 1                   0.00       0.86 f
  LIN/U109/Z (XOR3D0)                      0.04      0.21       1.07 f
  LIN/n180 (net)                 1                   0.00       1.07 f
  LIN/U108/Z (XOR4D0)                      0.06      0.17       1.24 f
  LIN/n178 (net)                 1                   0.00       1.24 f
  LIN/U107/Z (XOR4D0)                      0.06      0.22       1.46 f
  LIN/n177 (net)                 1                   0.00       1.46 f
  LIN/U106/Z (XOR3D0)                      0.04      0.20       1.65 f
  LIN/n175 (net)                 1                   0.00       1.65 f
  LIN/U105/Z (XOR4D0)                      0.06      0.17       1.83 f
  LIN/n173 (net)                 1                   0.00       1.83 f
  LIN/U104/Z (XOR4D0)                      0.06      0.22       2.05 f
  LIN/n172 (net)                 1                   0.00       2.05 f
  LIN/U103/Z (XOR3D0)                      0.04      0.20       2.24 f
  LIN/n170 (net)                 1                   0.00       2.24 f
  LIN/U102/Z (XOR4D0)                      0.06      0.17       2.42 f
  LIN/n168 (net)                 1                   0.00       2.42 f
  LIN/U101/Z (XOR4D0)                      0.06      0.22       2.63 f
  LIN/n167 (net)                 1                   0.00       2.63 f
  LIN/U100/Z (XOR3D0)                      0.04      0.20       2.83 f
  LIN/n165 (net)                 1                   0.00       2.83 f
  LIN/U99/Z (XOR4D0)                       0.06      0.17       3.00 f
  LIN/n163 (net)                 1                   0.00       3.00 f
  LIN/U98/Z (XOR4D0)                       0.06      0.22       3.22 f
  LIN/n162 (net)                 1                   0.00       3.22 f
  LIN/U97/Z (XOR3D0)                       0.04      0.20       3.42 f
  LIN/n160 (net)                 1                   0.00       3.42 f
  LIN/U96/Z (XOR4D0)                       0.06      0.17       3.59 f
  LIN/n158 (net)                 1                   0.00       3.59 f
  LIN/U95/Z (XOR4D0)                       0.06      0.22       3.81 f
  LIN/n157 (net)                 1                   0.00       3.81 f
  LIN/U94/Z (XOR3D0)                       0.04      0.20       4.01 f
  LIN/n155 (net)                 1                   0.00       4.01 f
  LIN/U93/Z (XOR4D0)                       0.06      0.17       4.18 f
  LIN/n153 (net)                 1                   0.00       4.18 f
  LIN/U92/Z (XOR4D0)                       0.06      0.22       4.40 f
  LIN/n152 (net)                 1                   0.00       4.40 f
  LIN/U91/Z (XOR3D0)                       0.04      0.20       4.60 f
  LIN/n150 (net)                 1                   0.00       4.60 f
  LIN/U90/Z (XOR4D0)                       0.06      0.17       4.77 f
  LIN/n148 (net)                 1                   0.00       4.77 f
  LIN/U89/Z (XOR4D0)                       0.06      0.22       4.99 f
  LIN/n147 (net)                 1                   0.00       4.99 f
  LIN/U88/Z (XOR3D0)                       0.04      0.20       5.19 f
  LIN/n145 (net)                 1                   0.00       5.19 f
  LIN/U87/Z (XOR4D0)                       0.06      0.17       5.36 f
  LIN/n143 (net)                 1                   0.00       5.36 f
  LIN/U86/Z (XOR4D0)                       0.06      0.22       5.58 f
  LIN/n142 (net)                 1                   0.00       5.58 f
  LIN/U85/Z (XOR3D0)                       0.04      0.20       5.78 f
  LIN/n140 (net)                 1                   0.00       5.78 f
  LIN/U84/Z (XOR4D0)                       0.06      0.17       5.95 f
  LIN/n138 (net)                 1                   0.00       5.95 f
  LIN/U83/Z (XOR4D0)                       0.06      0.22       6.17 f
  LIN/n137 (net)                 1                   0.00       6.17 f
  LIN/U82/Z (XOR3D0)                       0.04      0.20       6.37 f
  LIN/n135 (net)                 1                   0.00       6.37 f
  LIN/U81/Z (XOR4D0)                       0.06      0.17       6.54 f
  LIN/n133 (net)                 1                   0.00       6.54 f
  LIN/U80/Z (XOR4D0)                       0.06      0.22       6.76 f
  LIN/n132 (net)                 1                   0.00       6.76 f
  LIN/U79/Z (XOR3D0)                       0.04      0.20       6.95 f
  LIN/n130 (net)                 1                   0.00       6.95 f
  LIN/U78/Z (XOR4D0)                       0.06      0.17       7.13 f
  LIN/n128 (net)                 1                   0.00       7.13 f
  LIN/U77/Z (XOR4D0)                       0.06      0.22       7.34 f
  LIN/n127 (net)                 1                   0.00       7.34 f
  LIN/U76/Z (XOR3D0)                       0.04      0.20       7.54 f
  LIN/n125 (net)                 1                   0.00       7.54 f
  LIN/U75/Z (XOR4D0)                       0.06      0.17       7.72 f
  LIN/n123 (net)                 1                   0.00       7.72 f
  LIN/U74/Z (XOR4D0)                       0.06      0.22       7.93 f
  LIN/n122 (net)                 1                   0.00       7.93 f
  LIN/U73/Z (XOR3D0)                       0.04      0.20       8.13 f
  LIN/n120 (net)                 1                   0.00       8.13 f
  LIN/U72/Z (XOR4D0)                       0.06      0.17       8.30 f
  LIN/n118 (net)                 1                   0.00       8.30 f
  LIN/U71/Z (XOR4D0)                       0.06      0.22       8.52 f
  LIN/n117 (net)                 1                   0.00       8.52 f
  LIN/U70/Z (XOR3D0)                       0.04      0.20       8.72 f
  LIN/n115 (net)                 1                   0.00       8.72 f
  LIN/U69/Z (XOR4D0)                       0.06      0.17       8.89 f
  LIN/n113 (net)                 1                   0.00       8.89 f
  LIN/U68/Z (XOR4D0)                       0.06      0.22       9.11 f
  LIN/n112 (net)                 1                   0.00       9.11 f
  LIN/U67/Z (XOR3D0)                       0.04      0.20       9.31 f
  LIN/n110 (net)                 1                   0.00       9.31 f
  LIN/U66/Z (XOR4D0)                       0.06      0.17       9.48 f
  LIN/n108 (net)                 1                   0.00       9.48 f
  LIN/U65/Z (XOR4D0)                       0.06      0.22       9.70 f
  LIN/n107 (net)                 1                   0.00       9.70 f
  LIN/U64/Z (XOR3D0)                       0.04      0.20       9.90 f
  LIN/n105 (net)                 1                   0.00       9.90 f
  LIN/U63/Z (XOR4D0)                       0.06      0.17      10.07 f
  LIN/n103 (net)                 1                   0.00      10.07 f
  LIN/U62/Z (XOR4D0)                       0.06      0.22      10.29 f
  LIN/n102 (net)                 1                   0.00      10.29 f
  LIN/U61/Z (XOR3D0)                       0.04      0.20      10.49 f
  LIN/n100 (net)                 1                   0.00      10.49 f
  LIN/U60/Z (XOR4D0)                       0.06      0.17      10.66 f
  LIN/n98 (net)                  1                   0.00      10.66 f
  LIN/U59/Z (XOR4D0)                       0.06      0.22      10.88 f
  LIN/n97 (net)                  1                   0.00      10.88 f
  LIN/U58/Z (XOR3D0)                       0.04      0.20      11.08 f
  LIN/n95 (net)                  1                   0.00      11.08 f
  LIN/U57/Z (XOR4D0)                       0.06      0.17      11.25 f
  LIN/n93 (net)                  1                   0.00      11.25 f
  LIN/U56/Z (XOR4D0)                       0.06      0.22      11.47 f
  LIN/n92 (net)                  1                   0.00      11.47 f
  LIN/U55/Z (XOR3D0)                       0.04      0.20      11.66 f
  LIN/n90 (net)                  1                   0.00      11.66 f
  LIN/U54/Z (XOR4D0)                       0.06      0.17      11.84 f
  LIN/n88 (net)                  1                   0.00      11.84 f
  LIN/U53/Z (XOR4D0)                       0.06      0.22      12.06 f
  LIN/n87 (net)                  1                   0.00      12.06 f
  LIN/U52/Z (XOR3D0)                       0.04      0.20      12.25 f
  LIN/n85 (net)                  1                   0.00      12.25 f
  LIN/U51/Z (XOR4D0)                       0.06      0.17      12.43 f
  LIN/n83 (net)                  1                   0.00      12.43 f
  LIN/U50/Z (XOR4D0)                       0.06      0.22      12.64 f
  LIN/n82 (net)                  1                   0.00      12.64 f
  LIN/U49/Z (XOR3D0)                       0.04      0.20      12.84 f
  LIN/n80 (net)                  1                   0.00      12.84 f
  LIN/U48/Z (XOR4D0)                       0.06      0.17      13.02 f
  LIN/n78 (net)                  1                   0.00      13.02 f
  LIN/U47/Z (XOR4D0)                       0.06      0.22      13.23 f
  LIN/n77 (net)                  1                   0.00      13.23 f
  LIN/U46/Z (XOR3D0)                       0.04      0.20      13.43 f
  LIN/n75 (net)                  1                   0.00      13.43 f
  LIN/U45/Z (XOR4D0)                       0.06      0.17      13.60 f
  LIN/n73 (net)                  1                   0.00      13.60 f
  LIN/U44/Z (XOR4D0)                       0.06      0.22      13.82 f
  LIN/n72 (net)                  1                   0.00      13.82 f
  LIN/U43/Z (XOR3D0)                       0.04      0.20      14.02 f
  LIN/n70 (net)                  1                   0.00      14.02 f
  LIN/U42/Z (XOR4D0)                       0.06      0.17      14.19 f
  LIN/n68 (net)                  1                   0.00      14.19 f
  LIN/U41/Z (XOR4D0)                       0.06      0.22      14.41 f
  LIN/n67 (net)                  1                   0.00      14.41 f
  LIN/U40/Z (XOR3D0)                       0.04      0.20      14.61 f
  LIN/n65 (net)                  1                   0.00      14.61 f
  LIN/U39/Z (XOR4D0)                       0.06      0.17      14.78 f
  LIN/n63 (net)                  1                   0.00      14.78 f
  LIN/U38/Z (XOR4D0)                       0.06      0.22      15.00 f
  LIN/n62 (net)                  1                   0.00      15.00 f
  LIN/U37/Z (XOR3D0)                       0.04      0.20      15.20 f
  LIN/n60 (net)                  1                   0.00      15.20 f
  LIN/U36/Z (XOR4D0)                       0.06      0.17      15.37 f
  LIN/n58 (net)                  1                   0.00      15.37 f
  LIN/U35/Z (XOR4D0)                       0.06      0.22      15.59 f
  LIN/n57 (net)                  1                   0.00      15.59 f
  LIN/U34/Z (XOR3D0)                       0.04      0.20      15.79 f
  LIN/n55 (net)                  1                   0.00      15.79 f
  LIN/U33/Z (XOR4D0)                       0.06      0.17      15.96 f
  LIN/n53 (net)                  1                   0.00      15.96 f
  LIN/U32/Z (XOR4D0)                       0.06      0.22      16.18 f
  LIN/n52 (net)                  1                   0.00      16.18 f
  LIN/U31/Z (XOR3D0)                       0.04      0.20      16.38 f
  LIN/n50 (net)                  1                   0.00      16.38 f
  LIN/U30/Z (XOR4D0)                       0.06      0.17      16.55 f
  LIN/n48 (net)                  1                   0.00      16.55 f
  LIN/U29/Z (XOR4D0)                       0.06      0.22      16.77 f
  LIN/n47 (net)                  1                   0.00      16.77 f
  LIN/U28/Z (XOR3D0)                       0.04      0.20      16.96 f
  LIN/n45 (net)                  1                   0.00      16.96 f
  LIN/U27/Z (XOR4D0)                       0.06      0.17      17.14 f
  LIN/n43 (net)                  1                   0.00      17.14 f
  LIN/U26/Z (XOR4D0)                       0.06      0.22      17.36 f
  LIN/n42 (net)                  1                   0.00      17.36 f
  LIN/U25/Z (XOR3D0)                       0.04      0.20      17.55 f
  LIN/n40 (net)                  1                   0.00      17.55 f
  LIN/U24/Z (XOR4D0)                       0.06      0.17      17.73 f
  LIN/n38 (net)                  1                   0.00      17.73 f
  LIN/U23/Z (XOR4D0)                       0.06      0.22      17.94 f
  LIN/n37 (net)                  1                   0.00      17.94 f
  LIN/U22/Z (XOR3D0)                       0.04      0.20      18.14 f
  LIN/n35 (net)                  1                   0.00      18.14 f
  LIN/U21/Z (XOR4D0)                       0.06      0.17      18.32 f
  LIN/n33 (net)                  1                   0.00      18.32 f
  LIN/U20/Z (XOR4D0)                       0.06      0.22      18.53 f
  LIN/n32 (net)                  1                   0.00      18.53 f
  LIN/U19/Z (XOR3D0)                       0.04      0.20      18.73 f
  LIN/n30 (net)                  1                   0.00      18.73 f
  LIN/U18/Z (XOR4D0)                       0.06      0.17      18.90 f
  LIN/n28 (net)                  1                   0.00      18.90 f
  LIN/U17/Z (XOR4D0)                       0.06      0.22      19.12 f
  LIN/n27 (net)                  1                   0.00      19.12 f
  LIN/U16/Z (XOR3D0)                       0.04      0.20      19.32 f
  LIN/n25 (net)                  1                   0.00      19.32 f
  LIN/U15/Z (XOR4D0)                       0.06      0.17      19.49 f
  LIN/n23 (net)                  1                   0.00      19.49 f
  LIN/U14/Z (XOR4D0)                       0.06      0.22      19.71 f
  LIN/n22 (net)                  1                   0.00      19.71 f
  LIN/U13/Z (XOR3D0)                       0.04      0.20      19.91 f
  LIN/n20 (net)                  1                   0.00      19.91 f
  LIN/U12/Z (XOR4D0)                       0.06      0.17      20.08 f
  LIN/n18 (net)                  1                   0.00      20.08 f
  LIN/U11/Z (XOR4D0)                       0.06      0.22      20.30 f
  LIN/n17 (net)                  1                   0.00      20.30 f
  LIN/U10/Z (XOR3D0)                       0.04      0.20      20.50 f
  LIN/n15 (net)                  1                   0.00      20.50 f
  LIN/U9/Z (XOR4D0)                        0.06      0.17      20.67 f
  LIN/n13 (net)                  1                   0.00      20.67 f
  LIN/U8/Z (XOR4D0)                        0.06      0.22      20.89 f
  LIN/n12 (net)                  1                   0.00      20.89 f
  LIN/U7/Z (XOR3D0)                        0.04      0.20      21.09 f
  LIN/n10 (net)                  1                   0.00      21.09 f
  LIN/U6/Z (XOR4D0)                        0.06      0.17      21.26 f
  LIN/n8 (net)                   1                   0.00      21.26 f
  LIN/U5/Z (XOR4D0)                        0.06      0.22      21.48 f
  LIN/n7 (net)                   1                   0.00      21.48 f
  LIN/U4/Z (XOR3D0)                        0.04      0.20      21.68 f
  LIN/n5 (net)                   1                   0.00      21.68 f
  LIN/U3/Z (XOR4D0)                        0.06      0.17      21.85 f
  LIN/n3 (net)                   1                   0.00      21.85 f
  LIN/U2/Z (XOR4D0)                        0.06      0.22      22.07 f
  LIN/n2 (net)                   1                   0.00      22.07 f
  LIN/U1/Z (XOR3D0)                        0.02      0.18      22.25 f
  s[9] (net)                     1                   0.00      22.25 f
  s[9] (out)                               0.02      0.00      22.25 f
  data arrival time                                            22.25
  ------------------------------------------------------------------------------------------
  (Path is unconstrained)


1
