 
****************************************
Report : cell
Design : gen_cla_decomposed
Version: K-2015.06-SP5-1
Date   : Mon Apr 18 15:23:58 2016
****************************************

Attributes:
    b - black box (unknown)
    h - hierarchical
    n - noncombinational
    r - removable
    u - contains unmapped logic

Cell                      Reference       Library             Area  Attributes
--------------------------------------------------------------------------------
LIN/U1                    XOR4D0          tcbn65gpluswc   9.000000  
LIN/U2                    XOR3D0          tcbn65gpluswc   6.120000  
LIN/U3                    XOR4D0          tcbn65gpluswc   9.000000  
LIN/U4                    XOR4D0          tcbn65gpluswc   9.000000  
LIN/U5                    XOR3D0          tcbn65gpluswc   6.120000  
LIN/U6                    XOR4D0          tcbn65gpluswc   9.000000  
LIN/U7                    XOR4D0          tcbn65gpluswc   9.000000  
LIN/U8                    XOR3D0          tcbn65gpluswc   6.120000  
LIN/U9                    XOR4D0          tcbn65gpluswc   9.000000  
LIN/U10                   XOR4D0          tcbn65gpluswc   9.000000  
LIN/U11                   XOR3D0          tcbn65gpluswc   6.120000  
LIN/U12                   XOR4D0          tcbn65gpluswc   9.000000  
LIN/U13                   XOR4D0          tcbn65gpluswc   9.000000  
LIN/U14                   XOR3D0          tcbn65gpluswc   6.120000  
LIN/U15                   XOR4D0          tcbn65gpluswc   9.000000  
LIN/U16                   XOR4D0          tcbn65gpluswc   9.000000  
LIN/U17                   XOR3D0          tcbn65gpluswc   6.120000  
LIN/U18                   XOR4D0          tcbn65gpluswc   9.000000  
LIN/U19                   XOR4D0          tcbn65gpluswc   9.000000  
LIN/U20                   XOR3D0          tcbn65gpluswc   6.120000  
LIN/U21                   XOR4D0          tcbn65gpluswc   9.000000  
LIN/U22                   XOR4D0          tcbn65gpluswc   9.000000  
LIN/U23                   XOR3D0          tcbn65gpluswc   6.120000  
LIN/U24                   XOR4D0          tcbn65gpluswc   9.000000  
LIN/U25                   XOR4D0          tcbn65gpluswc   9.000000  
LIN/U26                   XOR3D0          tcbn65gpluswc   6.120000  
LIN/U27                   XOR4D0          tcbn65gpluswc   9.000000  
LIN/U28                   XOR4D0          tcbn65gpluswc   9.000000  
LIN/U29                   XOR3D0          tcbn65gpluswc   6.120000  
LIN/U30                   XOR4D0          tcbn65gpluswc   9.000000  
LIN/U31                   XOR4D0          tcbn65gpluswc   9.000000  
LIN/U32                   XOR3D0          tcbn65gpluswc   6.120000  
LIN/U33                   XOR4D0          tcbn65gpluswc   9.000000  
LIN/U34                   XOR4D0          tcbn65gpluswc   9.000000  
LIN/U35                   XOR3D0          tcbn65gpluswc   6.120000  
LIN/U36                   XOR4D0          tcbn65gpluswc   9.000000  
LIN/U37                   XOR4D0          tcbn65gpluswc   9.000000  
LIN/U38                   XOR3D0          tcbn65gpluswc   6.120000  
LIN/U39                   XOR4D0          tcbn65gpluswc   9.000000  
LIN/U40                   XOR4D0          tcbn65gpluswc   9.000000  
LIN/U41                   XOR3D0          tcbn65gpluswc   6.120000  
LIN/U42                   XOR4D0          tcbn65gpluswc   9.000000  
LIN/U43                   XOR4D0          tcbn65gpluswc   9.000000  
LIN/U44                   XOR3D0          tcbn65gpluswc   6.120000  
LIN/U45                   XOR4D0          tcbn65gpluswc   9.000000  
LIN/U46                   XOR4D0          tcbn65gpluswc   9.000000  
LIN/U47                   XOR3D0          tcbn65gpluswc   6.120000  
LIN/U48                   XOR4D0          tcbn65gpluswc   9.000000  
LIN/U49                   XOR4D0          tcbn65gpluswc   9.000000  
LIN/U50                   XOR3D0          tcbn65gpluswc   6.120000  
LIN/U51                   XOR4D0          tcbn65gpluswc   9.000000  
LIN/U52                   XOR4D0          tcbn65gpluswc   9.000000  
LIN/U53                   XOR3D0          tcbn65gpluswc   6.120000  
LIN/U54                   XOR3D0          tcbn65gpluswc   6.120000  
LIN/U55                   XOR3D0          tcbn65gpluswc   6.120000  
LIN/U56                   XOR4D0          tcbn65gpluswc   9.000000  
LIN/U57                   XOR4D0          tcbn65gpluswc   9.000000  
LIN/U58                   XOR4D0          tcbn65gpluswc   9.000000  
LIN/U59                   XOR4D0          tcbn65gpluswc   9.000000  
LIN/U60                   XOR4D0          tcbn65gpluswc   9.000000  
LIN/U61                   XOR4D0          tcbn65gpluswc   9.000000  
LIN/U62                   XOR4D0          tcbn65gpluswc   9.000000  
LIN/U63                   XOR4D0          tcbn65gpluswc   9.000000  
LIN/U64                   XOR4D0          tcbn65gpluswc   9.000000  
LIN/U65                   XOR4D0          tcbn65gpluswc   9.000000  
LIN/U66                   XOR4D0          tcbn65gpluswc   9.000000  
LIN/U67                   XOR4D0          tcbn65gpluswc   9.000000  
LIN/U68                   XOR4D0          tcbn65gpluswc   9.000000  
LIN/U69                   XOR4D0          tcbn65gpluswc   9.000000  
LIN/U70                   XOR4D0          tcbn65gpluswc   9.000000  
LIN/U71                   XOR4D0          tcbn65gpluswc   9.000000  
LIN/U72                   XOR4D0          tcbn65gpluswc   9.000000  
LIN/U73                   XOR4D0          tcbn65gpluswc   9.000000  
LIN/U74                   XOR4D0          tcbn65gpluswc   9.000000  
LIN/U75                   XOR4D0          tcbn65gpluswc   9.000000  
LIN/U76                   XOR4D0          tcbn65gpluswc   9.000000  
LIN/U77                   XOR4D0          tcbn65gpluswc   9.000000  
LIN/U78                   XOR4D0          tcbn65gpluswc   9.000000  
LIN/U79                   XOR4D0          tcbn65gpluswc   9.000000  
LIN/U80                   XOR4D0          tcbn65gpluswc   9.000000  
LIN/U81                   XOR4D0          tcbn65gpluswc   9.000000  
LIN/U82                   XOR4D0          tcbn65gpluswc   9.000000  
LIN/U83                   XOR4D0          tcbn65gpluswc   9.000000  
LIN/U84                   XOR4D0          tcbn65gpluswc   9.000000  
LIN/U85                   XOR4D0          tcbn65gpluswc   9.000000  
LIN/U86                   XOR4D0          tcbn65gpluswc   9.000000  
LIN/U87                   XOR4D0          tcbn65gpluswc   9.000000  
LIN/U88                   XOR4D0          tcbn65gpluswc   9.000000  
LIN/U89                   XOR4D0          tcbn65gpluswc   9.000000  
LIN/U90                   XOR4D0          tcbn65gpluswc   9.000000  
LIN/U91                   XOR4D0          tcbn65gpluswc   9.000000  
LIN/U92                   XOR4D0          tcbn65gpluswc   9.000000  
LIN/U93                   XOR4D0          tcbn65gpluswc   9.000000  
LIN/U94                   XOR4D0          tcbn65gpluswc   9.000000  
LIN/U95                   XOR4D0          tcbn65gpluswc   9.000000  
LIN/U96                   XOR3D0          tcbn65gpluswc   6.120000  
LIN/U97                   XOR4D0          tcbn65gpluswc   9.000000  
LIN/U98                   XOR4D0          tcbn65gpluswc   9.000000  
LIN/U99                   XOR3D0          tcbn65gpluswc   6.120000  
LIN/U100                  XOR4D0          tcbn65gpluswc   9.000000  
LIN/U101                  XOR4D0          tcbn65gpluswc   9.000000  
LIN/U102                  XOR3D0          tcbn65gpluswc   6.120000  
LIN/U103                  XOR4D0          tcbn65gpluswc   9.000000  
LIN/U104                  XOR4D0          tcbn65gpluswc   9.000000  
LIN/U105                  XOR3D0          tcbn65gpluswc   6.120000  
LIN/U106                  XOR4D0          tcbn65gpluswc   9.000000  
LIN/U107                  XOR4D0          tcbn65gpluswc   9.000000  
LIN/U108                  XOR3D0          tcbn65gpluswc   6.120000  
LIN/U109                  XOR4D0          tcbn65gpluswc   9.000000  
LIN/U110                  XOR4D0          tcbn65gpluswc   9.000000  
LIN/U111                  XOR3D0          tcbn65gpluswc   6.120000  
LIN/U112                  XOR4D0          tcbn65gpluswc   9.000000  
LIN/U113                  XOR4D0          tcbn65gpluswc   9.000000  
LIN/U114                  XOR3D0          tcbn65gpluswc   6.120000  
LIN/U115                  XOR4D0          tcbn65gpluswc   9.000000  
LIN/U116                  XOR4D0          tcbn65gpluswc   9.000000  
LIN/U117                  XOR3D0          tcbn65gpluswc   6.120000  
LIN/U118                  XOR3D0          tcbn65gpluswc   6.120000  
LIN/U119                  XOR3D0          tcbn65gpluswc   6.120000  
LIN/U120                  XOR4D0          tcbn65gpluswc   9.000000  
LIN/U121                  XOR4D0          tcbn65gpluswc   9.000000  
LIN/U122                  XOR4D0          tcbn65gpluswc   9.000000  
LIN/U123                  XOR4D0          tcbn65gpluswc   9.000000  
LIN/U124                  XOR4D0          tcbn65gpluswc   9.000000  
LIN/U125                  XOR4D0          tcbn65gpluswc   9.000000  
LIN/U126                  XOR4D0          tcbn65gpluswc   9.000000  
LIN/U127                  XOR4D0          tcbn65gpluswc   9.000000  
LIN/U128                  XOR4D0          tcbn65gpluswc   9.000000  
LIN/U129                  XOR4D0          tcbn65gpluswc   9.000000  
LIN/U130                  XOR4D0          tcbn65gpluswc   9.000000  
LIN/U131                  XOR4D0          tcbn65gpluswc   9.000000  
LIN/U132                  XOR4D0          tcbn65gpluswc   9.000000  
LIN/U133                  XOR4D0          tcbn65gpluswc   9.000000  
LIN/U134                  XOR4D0          tcbn65gpluswc   9.000000  
LIN/U135                  XOR4D0          tcbn65gpluswc   9.000000  
LIN/U136                  XOR4D0          tcbn65gpluswc   9.000000  
LIN/U137                  XOR4D0          tcbn65gpluswc   9.000000  
LIN/U138                  XOR4D0          tcbn65gpluswc   9.000000  
LIN/U139                  XOR3D0          tcbn65gpluswc   6.120000  
LIN/U140                  XOR4D0          tcbn65gpluswc   9.000000  
LIN/U141                  XOR4D0          tcbn65gpluswc   9.000000  
LIN/U142                  XOR3D0          tcbn65gpluswc   6.120000  
LIN/U143                  XOR4D0          tcbn65gpluswc   9.000000  
LIN/U144                  XOR4D0          tcbn65gpluswc   9.000000  
LIN/U145                  XOR3D0          tcbn65gpluswc   6.120000  
LIN/U146                  XOR4D0          tcbn65gpluswc   9.000000  
LIN/U147                  XOR4D0          tcbn65gpluswc   9.000000  
LIN/U148                  XOR3D0          tcbn65gpluswc   6.120000  
LIN/U149                  XOR4D0          tcbn65gpluswc   9.000000  
LIN/U150                  XOR4D0          tcbn65gpluswc   9.000000  
LIN/U151                  XOR3D0          tcbn65gpluswc   6.120000  
LIN/U152                  XOR4D0          tcbn65gpluswc   9.000000  
LIN/U153                  XOR4D0          tcbn65gpluswc   9.000000  
LIN/U154                  XOR4D0          tcbn65gpluswc   9.000000  
LIN/U155                  XOR4D0          tcbn65gpluswc   9.000000  
LIN/U156                  XOR4D0          tcbn65gpluswc   9.000000  
LIN/U157                  XOR4D0          tcbn65gpluswc   9.000000  
LIN/U158                  XOR4D0          tcbn65gpluswc   9.000000  
LIN/U159                  XOR4D0          tcbn65gpluswc   9.000000  
LIN/U160                  XOR4D0          tcbn65gpluswc   9.000000  
LIN/U161                  XOR4D0          tcbn65gpluswc   9.000000  
LIN/U162                  XOR4D0          tcbn65gpluswc   9.000000  
LIN/U163                  XOR3D0          tcbn65gpluswc   6.120000  
LIN/U164                  XOR4D0          tcbn65gpluswc   9.000000  
LIN/U165                  XOR4D0          tcbn65gpluswc   9.000000  
LIN/U166                  XOR3D0          tcbn65gpluswc   6.120000  
LIN/U167                  XOR3D0          tcbn65gpluswc   6.120000  
LIN/U168                  XOR3D0          tcbn65gpluswc   6.120000  
LIN/U169                  XOR4D0          tcbn65gpluswc   9.000000  
LIN/U170                  XOR4D0          tcbn65gpluswc   9.000000  
LIN/U171                  XOR4D0          tcbn65gpluswc   9.000000  
LIN/U172                  XOR4D0          tcbn65gpluswc   9.000000  
LIN/U173                  XOR4D0          tcbn65gpluswc   9.000000  
LIN/U174                  XOR4D0          tcbn65gpluswc   9.000000  
LIN/U175                  XOR3D0          tcbn65gpluswc   6.120000  
LIN/U176                  XOR3D0          tcbn65gpluswc   6.120000  
LIN/U177                  XOR4D0          tcbn65gpluswc   9.000000  
LIN/U178                  XOR4D0          tcbn65gpluswc   9.000000  
LIN/U179                  XOR4D0          tcbn65gpluswc   9.000000  
LIN/U180                  XOR3D0          tcbn65gpluswc   6.120000  
LIN/U181                  XOR4D0          tcbn65gpluswc   9.000000  
LIN/U182                  XOR4D0          tcbn65gpluswc   9.000000  
LIN/U183                  XOR3D0          tcbn65gpluswc   6.120000  
LIN/U184                  XOR3D0          tcbn65gpluswc   6.120000  
LIN/U185                  XOR3D0          tcbn65gpluswc   6.120000  
LIN/U186                  XOR2D0          tcbn65gpluswc   3.600000  
NLIN/U1                   AN2D0           tcbn65gpluswc   2.160000  
NLIN/U2                   AN2D0           tcbn65gpluswc   2.160000  
NLIN/U3                   AN2D0           tcbn65gpluswc   2.160000  
NLIN/U4                   AN2D0           tcbn65gpluswc   2.160000  
NLIN/U5                   AN2D0           tcbn65gpluswc   2.160000  
NLIN/U6                   AN2D0           tcbn65gpluswc   2.160000  
NLIN/U7                   AN2D0           tcbn65gpluswc   2.160000  
NLIN/U8                   AN2D0           tcbn65gpluswc   2.160000  
NLIN/U9                   AN2D0           tcbn65gpluswc   2.160000  
NLIN/U10                  AN2D0           tcbn65gpluswc   2.160000  
NLIN/U11                  AN2D0           tcbn65gpluswc   2.160000  
NLIN/U12                  AN2D0           tcbn65gpluswc   2.160000  
NLIN/U13                  AN2D0           tcbn65gpluswc   2.160000  
NLIN/U14                  AN2D0           tcbn65gpluswc   2.160000  
NLIN/U15                  AN2D0           tcbn65gpluswc   2.160000  
NLIN/U16                  AN2D0           tcbn65gpluswc   2.160000  
NLIN/U17                  AN2D0           tcbn65gpluswc   2.160000  
NLIN/U18                  AN2D0           tcbn65gpluswc   2.160000  
NLIN/U19                  AN2D0           tcbn65gpluswc   2.160000  
NLIN/U20                  AN2D0           tcbn65gpluswc   2.160000  
NLIN/U21                  AN2D0           tcbn65gpluswc   2.160000  
NLIN/U22                  AN2D0           tcbn65gpluswc   2.160000  
NLIN/U23                  AN2D0           tcbn65gpluswc   2.160000  
NLIN/U24                  AN2D0           tcbn65gpluswc   2.160000  
NLIN/U25                  AN2D0           tcbn65gpluswc   2.160000  
NLIN/U26                  AN2D0           tcbn65gpluswc   2.160000  
NLIN/U27                  AN2D0           tcbn65gpluswc   2.160000  
NLIN/U28                  AN2D0           tcbn65gpluswc   2.160000  
NLIN/U29                  AN2D0           tcbn65gpluswc   2.160000  
NLIN/U30                  AN2D0           tcbn65gpluswc   2.160000  
NLIN/U31                  AN2D0           tcbn65gpluswc   2.160000  
NLIN/U32                  AN2D0           tcbn65gpluswc   2.160000  
NLIN/U33                  AN2D0           tcbn65gpluswc   2.160000  
NLIN/U34                  AN2D0           tcbn65gpluswc   2.160000  
NLIN/U35                  AN2D0           tcbn65gpluswc   2.160000  
NLIN/U36                  AN2D0           tcbn65gpluswc   2.160000  
NLIN/U37                  AN2D0           tcbn65gpluswc   2.160000  
NLIN/U38                  AN2D0           tcbn65gpluswc   2.160000  
NLIN/U39                  AN2D0           tcbn65gpluswc   2.160000  
NLIN/U40                  AN2D0           tcbn65gpluswc   2.160000  
NLIN/U41                  AN2D0           tcbn65gpluswc   2.160000  
NLIN/U42                  AN2D0           tcbn65gpluswc   2.160000  
NLIN/U43                  AN2D0           tcbn65gpluswc   2.160000  
NLIN/U44                  AN2D0           tcbn65gpluswc   2.160000  
NLIN/U45                  AN2D0           tcbn65gpluswc   2.160000  
NLIN/U46                  AN2D0           tcbn65gpluswc   2.160000  
NLIN/U47                  AN2D0           tcbn65gpluswc   2.160000  
NLIN/U48                  AN2D0           tcbn65gpluswc   2.160000  
NLIN/U49                  AN2D0           tcbn65gpluswc   2.160000  
NLIN/U50                  AN2D0           tcbn65gpluswc   2.160000  
NLIN/U51                  AN2D0           tcbn65gpluswc   2.160000  
NLIN/U52                  AN2D0           tcbn65gpluswc   2.160000  
NLIN/U53                  AN2D0           tcbn65gpluswc   2.160000  
NLIN/U54                  AN2D0           tcbn65gpluswc   2.160000  
NLIN/U55                  AN2D0           tcbn65gpluswc   2.160000  
NLIN/U56                  AN2D0           tcbn65gpluswc   2.160000  
NLIN/U57                  AN2D0           tcbn65gpluswc   2.160000  
NLIN/U58                  AN2D0           tcbn65gpluswc   2.160000  
NLIN/U59                  AN2D0           tcbn65gpluswc   2.160000  
NLIN/U60                  AN2D0           tcbn65gpluswc   2.160000  
NLIN/U61                  AN2D0           tcbn65gpluswc   2.160000  
NLIN/U62                  AN2D0           tcbn65gpluswc   2.160000  
NLIN/U63                  AN2D0           tcbn65gpluswc   2.160000  
NLIN/U64                  AN2D0           tcbn65gpluswc   2.160000  
NLIN/U65                  AN2D0           tcbn65gpluswc   2.160000  
NLIN/U66                  AN2D0           tcbn65gpluswc   2.160000  
NLIN/U67                  AN2D0           tcbn65gpluswc   2.160000  
NLIN/U68                  AN2D0           tcbn65gpluswc   2.160000  
NLIN/U69                  AN2D0           tcbn65gpluswc   2.160000  
NLIN/U70                  AN2D0           tcbn65gpluswc   2.160000  
NLIN/U71                  AN2D0           tcbn65gpluswc   2.160000  
NLIN/U72                  AN2D0           tcbn65gpluswc   2.160000  
NLIN/U73                  AN2D0           tcbn65gpluswc   2.160000  
NLIN/U74                  AN2D0           tcbn65gpluswc   2.160000  
NLIN/U75                  AN2D0           tcbn65gpluswc   2.160000  
NLIN/U76                  AN2D0           tcbn65gpluswc   2.160000  
NLIN/U77                  AN2D0           tcbn65gpluswc   2.160000  
NLIN/U78                  AN2D0           tcbn65gpluswc   2.160000  
NLIN/U79                  AN2D0           tcbn65gpluswc   2.160000  
NLIN/U80                  AN2D0           tcbn65gpluswc   2.160000  
NLIN/U81                  AN2D0           tcbn65gpluswc   2.160000  
NLIN/U82                  AN2D0           tcbn65gpluswc   2.160000  
NLIN/U83                  AN2D0           tcbn65gpluswc   2.160000  
NLIN/U84                  AN2D0           tcbn65gpluswc   2.160000  
NLIN/U85                  AN2D0           tcbn65gpluswc   2.160000  
NLIN/U86                  AN2D0           tcbn65gpluswc   2.160000  
NLIN/U87                  AN2D0           tcbn65gpluswc   2.160000  
NLIN/U88                  AN2D0           tcbn65gpluswc   2.160000  
NLIN/U89                  AN2D0           tcbn65gpluswc   2.160000  
NLIN/U90                  AN2D0           tcbn65gpluswc   2.160000  
NLIN/U91                  AN2D0           tcbn65gpluswc   2.160000  
NLIN/U92                  AN2D0           tcbn65gpluswc   2.160000  
NLIN/U93                  AN2D0           tcbn65gpluswc   2.160000  
NLIN/U94                  AN2D0           tcbn65gpluswc   2.160000  
NLIN/U95                  AN2D0           tcbn65gpluswc   2.160000  
NLIN/U96                  AN2D0           tcbn65gpluswc   2.160000  
NLIN/U97                  AN2D0           tcbn65gpluswc   2.160000  
NLIN/U98                  AN2D0           tcbn65gpluswc   2.160000  
NLIN/U99                  AN2D0           tcbn65gpluswc   2.160000  
NLIN/U100                 AN2D0           tcbn65gpluswc   2.160000  
NLIN/U101                 AN2D0           tcbn65gpluswc   2.160000  
NLIN/U102                 AN2D0           tcbn65gpluswc   2.160000  
NLIN/U103                 AN2D0           tcbn65gpluswc   2.160000  
NLIN/U104                 AN2D0           tcbn65gpluswc   2.160000  
NLIN/U105                 AN2D0           tcbn65gpluswc   2.160000  
NLIN/U106                 AN2D0           tcbn65gpluswc   2.160000  
NLIN/U107                 AN2D0           tcbn65gpluswc   2.160000  
NLIN/U108                 AN2D0           tcbn65gpluswc   2.160000  
NLIN/U109                 AN2D0           tcbn65gpluswc   2.160000  
NLIN/U110                 AN2D0           tcbn65gpluswc   2.160000  
NLIN/U111                 AN2D0           tcbn65gpluswc   2.160000  
NLIN/U112                 AN2D0           tcbn65gpluswc   2.160000  
NLIN/U113                 AN2D0           tcbn65gpluswc   2.160000  
NLIN/U114                 AN2D0           tcbn65gpluswc   2.160000  
NLIN/U115                 AN2D0           tcbn65gpluswc   2.160000  
NLIN/U116                 AN2D0           tcbn65gpluswc   2.160000  
NLIN/U117                 AN2D0           tcbn65gpluswc   2.160000  
NLIN/U118                 AN2D0           tcbn65gpluswc   2.160000  
NLIN/U119                 AN2D0           tcbn65gpluswc   2.160000  
NLIN/U120                 AN2D0           tcbn65gpluswc   2.160000  
NLIN/U121                 AN2D0           tcbn65gpluswc   2.160000  
NLIN/U122                 AN2D0           tcbn65gpluswc   2.160000  
NLIN/U123                 AN2D0           tcbn65gpluswc   2.160000  
NLIN/U124                 AN2D0           tcbn65gpluswc   2.160000  
NLIN/U125                 AN2D0           tcbn65gpluswc   2.160000  
NLIN/U126                 AN2D0           tcbn65gpluswc   2.160000  
NLIN/U127                 AN2D0           tcbn65gpluswc   2.160000  
NLIN/U128                 AN2D0           tcbn65gpluswc   2.160000  
NLIN/U129                 AN2D0           tcbn65gpluswc   2.160000  
NLIN/U130                 AN2D0           tcbn65gpluswc   2.160000  
NLIN/U131                 AN2D0           tcbn65gpluswc   2.160000  
NLIN/U132                 AN2D0           tcbn65gpluswc   2.160000  
NLIN/U133                 AN2D0           tcbn65gpluswc   2.160000  
NLIN/U134                 AN2D0           tcbn65gpluswc   2.160000  
NLIN/U135                 AN2D0           tcbn65gpluswc   2.160000  
NLIN/U136                 AN2D0           tcbn65gpluswc   2.160000  
NLIN/U137                 AN2D0           tcbn65gpluswc   2.160000  
NLIN/U138                 AN2D0           tcbn65gpluswc   2.160000  
NLIN/U139                 AN2D0           tcbn65gpluswc   2.160000  
NLIN/U140                 AN2D0           tcbn65gpluswc   2.160000  
NLIN/U141                 AN2D0           tcbn65gpluswc   2.160000  
NLIN/U142                 AN2D0           tcbn65gpluswc   2.160000  
NLIN/U143                 AN2D0           tcbn65gpluswc   2.160000  
NLIN/U144                 AN2D0           tcbn65gpluswc   2.160000  
NLIN/U145                 AN2D0           tcbn65gpluswc   2.160000  
NLIN/U146                 AN2D0           tcbn65gpluswc   2.160000  
NLIN/U147                 AN2D0           tcbn65gpluswc   2.160000  
NLIN/U148                 AN2D0           tcbn65gpluswc   2.160000  
NLIN/U149                 AN2D0           tcbn65gpluswc   2.160000  
NLIN/U150                 AN2D0           tcbn65gpluswc   2.160000  
NLIN/U151                 AN2D0           tcbn65gpluswc   2.160000  
NLIN/U152                 AN2D0           tcbn65gpluswc   2.160000  
NLIN/U153                 AN2D0           tcbn65gpluswc   2.160000  
NLIN/U154                 AN2D0           tcbn65gpluswc   2.160000  
NLIN/U155                 AN2D0           tcbn65gpluswc   2.160000  
NLIN/U156                 AN2D0           tcbn65gpluswc   2.160000  
NLIN/U157                 AN2D0           tcbn65gpluswc   2.160000  
NLIN/U158                 AN2D0           tcbn65gpluswc   2.160000  
NLIN/U159                 AN2D0           tcbn65gpluswc   2.160000  
NLIN/U160                 AN2D0           tcbn65gpluswc   2.160000  
NLIN/U161                 AN2D0           tcbn65gpluswc   2.160000  
NLIN/U162                 AN2D0           tcbn65gpluswc   2.160000  
NLIN/U163                 AN2D0           tcbn65gpluswc   2.160000  
NLIN/U164                 AN2D0           tcbn65gpluswc   2.160000  
NLIN/U165                 AN2D0           tcbn65gpluswc   2.160000  
NLIN/U166                 AN2D0           tcbn65gpluswc   2.160000  
NLIN/U167                 AN2D0           tcbn65gpluswc   2.160000  
NLIN/U168                 AN2D0           tcbn65gpluswc   2.160000  
NLIN/U169                 AN2D0           tcbn65gpluswc   2.160000  
NLIN/U170                 AN2D0           tcbn65gpluswc   2.160000  
NLIN/U171                 AN2D0           tcbn65gpluswc   2.160000  
NLIN/U172                 AN2D0           tcbn65gpluswc   2.160000  
NLIN/U173                 AN2D0           tcbn65gpluswc   2.160000  
NLIN/U174                 AN2D0           tcbn65gpluswc   2.160000  
NLIN/U175                 AN2D0           tcbn65gpluswc   2.160000  
NLIN/U176                 AN2D0           tcbn65gpluswc   2.160000  
NLIN/U177                 AN2D0           tcbn65gpluswc   2.160000  
NLIN/U178                 AN2D0           tcbn65gpluswc   2.160000  
NLIN/U179                 AN2D0           tcbn65gpluswc   2.160000  
NLIN/U180                 AN2D0           tcbn65gpluswc   2.160000  
NLIN/U181                 AN2D0           tcbn65gpluswc   2.160000  
NLIN/U182                 AN2D0           tcbn65gpluswc   2.160000  
NLIN/U183                 AN2D0           tcbn65gpluswc   2.160000  
NLIN/U184                 AN2D0           tcbn65gpluswc   2.160000  
NLIN/U185                 AN2D0           tcbn65gpluswc   2.160000  
NLIN/U186                 AN2D0           tcbn65gpluswc   2.160000  
NLIN/U187                 AN2D0           tcbn65gpluswc   2.160000  
NLIN/U188                 AN2D0           tcbn65gpluswc   2.160000  
NLIN/U189                 AN2D0           tcbn65gpluswc   2.160000  
NLIN/U190                 AN2D0           tcbn65gpluswc   2.160000  
NLIN/U191                 AN2D0           tcbn65gpluswc   2.160000  
NLIN/U192                 AN2D0           tcbn65gpluswc   2.160000  
NLIN/U193                 AN2D0           tcbn65gpluswc   2.160000  
NLIN/U194                 AN2D0           tcbn65gpluswc   2.160000  
NLIN/U195                 AN2D0           tcbn65gpluswc   2.160000  
NLIN/U196                 AN2D0           tcbn65gpluswc   2.160000  
NLIN/U197                 AN2D0           tcbn65gpluswc   2.160000  
NLIN/U198                 AN2D0           tcbn65gpluswc   2.160000  
NLIN/U199                 AN2D0           tcbn65gpluswc   2.160000  
NLIN/U200                 AN2D0           tcbn65gpluswc   2.160000  
NLIN/U201                 AN2D0           tcbn65gpluswc   2.160000  
NLIN/U202                 AN2D0           tcbn65gpluswc   2.160000  
NLIN/U203                 AN2D0           tcbn65gpluswc   2.160000  
NLIN/U204                 AN2D0           tcbn65gpluswc   2.160000  
NLIN/U205                 AN2D0           tcbn65gpluswc   2.160000  
NLIN/U206                 AN2D0           tcbn65gpluswc   2.160000  
NLIN/U207                 AN2D0           tcbn65gpluswc   2.160000  
NLIN/U208                 AN2D0           tcbn65gpluswc   2.160000  
NLIN/U209                 AN2D0           tcbn65gpluswc   2.160000  
NLIN/U210                 AN2D0           tcbn65gpluswc   2.160000  
NLIN/U211                 AN2D0           tcbn65gpluswc   2.160000  
NLIN/U212                 AN2D0           tcbn65gpluswc   2.160000  
NLIN/U213                 AN2D0           tcbn65gpluswc   2.160000  
NLIN/U214                 AN2D0           tcbn65gpluswc   2.160000  
NLIN/U215                 AN2D0           tcbn65gpluswc   2.160000  
NLIN/U216                 AN2D0           tcbn65gpluswc   2.160000  
NLIN/U217                 AN2D0           tcbn65gpluswc   2.160000  
NLIN/U218                 AN2D0           tcbn65gpluswc   2.160000  
NLIN/U219                 AN2D0           tcbn65gpluswc   2.160000  
NLIN/U220                 AN2D0           tcbn65gpluswc   2.160000  
NLIN/U221                 AN2D0           tcbn65gpluswc   2.160000  
NLIN/U222                 AN2D0           tcbn65gpluswc   2.160000  
NLIN/U223                 AN2D0           tcbn65gpluswc   2.160000  
NLIN/U224                 AN2D0           tcbn65gpluswc   2.160000  
NLIN/U225                 AN2D0           tcbn65gpluswc   2.160000  
NLIN/U226                 AN2D0           tcbn65gpluswc   2.160000  
NLIN/U227                 AN2D0           tcbn65gpluswc   2.160000  
NLIN/U228                 AN2D0           tcbn65gpluswc   2.160000  
NLIN/U229                 AN2D0           tcbn65gpluswc   2.160000  
NLIN/U230                 AN2D0           tcbn65gpluswc   2.160000  
NLIN/U231                 AN2D0           tcbn65gpluswc   2.160000  
NLIN/U232                 AN2D0           tcbn65gpluswc   2.160000  
NLIN/U233                 AN2D0           tcbn65gpluswc   2.160000  
NLIN/U234                 AN2D0           tcbn65gpluswc   2.160000  
NLIN/U235                 AN2D0           tcbn65gpluswc   2.160000  
NLIN/U236                 AN2D0           tcbn65gpluswc   2.160000  
NLIN/U237                 AN2D0           tcbn65gpluswc   2.160000  
NLIN/U238                 AN2D0           tcbn65gpluswc   2.160000  
NLIN/U239                 AN2D0           tcbn65gpluswc   2.160000  
NLIN/U240                 AN2D0           tcbn65gpluswc   2.160000  
NLIN/U241                 AN2D0           tcbn65gpluswc   2.160000  
NLIN/U242                 AN2D0           tcbn65gpluswc   2.160000  
NLIN/U243                 AN2D0           tcbn65gpluswc   2.160000  
NLIN/U244                 AN2D0           tcbn65gpluswc   2.160000  
NLIN/U245                 AN2D0           tcbn65gpluswc   2.160000  
NLIN/U246                 AN2D0           tcbn65gpluswc   2.160000  
NLIN/U247                 AN2D0           tcbn65gpluswc   2.160000  
NLIN/U248                 AN2D0           tcbn65gpluswc   2.160000  
NLIN/U249                 AN2D0           tcbn65gpluswc   2.160000  
NLIN/U250                 AN2D0           tcbn65gpluswc   2.160000  
NLIN/U251                 AN2D0           tcbn65gpluswc   2.160000  
NLIN/U252                 AN2D0           tcbn65gpluswc   2.160000  
NLIN/U253                 AN2D0           tcbn65gpluswc   2.160000  
NLIN/U254                 AN2D0           tcbn65gpluswc   2.160000  
NLIN/U255                 AN2D0           tcbn65gpluswc   2.160000  
NLIN/U256                 AN2D0           tcbn65gpluswc   2.160000  
NLIN/U257                 AN2D0           tcbn65gpluswc   2.160000  
NLIN/U258                 AN2D0           tcbn65gpluswc   2.160000  
NLIN/U259                 AN2D0           tcbn65gpluswc   2.160000  
NLIN/U260                 AN2D0           tcbn65gpluswc   2.160000  
NLIN/U261                 AN2D0           tcbn65gpluswc   2.160000  
NLIN/U262                 AN2D0           tcbn65gpluswc   2.160000  
NLIN/U263                 AN2D0           tcbn65gpluswc   2.160000  
NLIN/U264                 AN2D0           tcbn65gpluswc   2.160000  
NLIN/U265                 AN2D0           tcbn65gpluswc   2.160000  
NLIN/U266                 AN2D0           tcbn65gpluswc   2.160000  
NLIN/U267                 AN2D0           tcbn65gpluswc   2.160000  
NLIN/U268                 AN2D0           tcbn65gpluswc   2.160000  
NLIN/U269                 AN2D0           tcbn65gpluswc   2.160000  
NLIN/U270                 AN2D0           tcbn65gpluswc   2.160000  
NLIN/U271                 AN2D0           tcbn65gpluswc   2.160000  
NLIN/U272                 AN2D0           tcbn65gpluswc   2.160000  
NLIN/U273                 AN2D0           tcbn65gpluswc   2.160000  
NLIN/U274                 AN2D0           tcbn65gpluswc   2.160000  
NLIN/U275                 AN2D0           tcbn65gpluswc   2.160000  
NLIN/U276                 AN2D0           tcbn65gpluswc   2.160000  
NLIN/U277                 AN2D0           tcbn65gpluswc   2.160000  
NLIN/U278                 AN2D0           tcbn65gpluswc   2.160000  
NLIN/U279                 AN2D0           tcbn65gpluswc   2.160000  
NLIN/U280                 AN2D0           tcbn65gpluswc   2.160000  
NLIN/U281                 AN2D0           tcbn65gpluswc   2.160000  
NLIN/U282                 AN2D0           tcbn65gpluswc   2.160000  
NLIN/U283                 AN2D0           tcbn65gpluswc   2.160000  
NLIN/U284                 AN2D0           tcbn65gpluswc   2.160000  
NLIN/U285                 AN2D0           tcbn65gpluswc   2.160000  
NLIN/U286                 AN2D0           tcbn65gpluswc   2.160000  
NLIN/U287                 AN2D0           tcbn65gpluswc   2.160000  
NLIN/U288                 AN2D0           tcbn65gpluswc   2.160000  
NLIN/U289                 AN2D0           tcbn65gpluswc   2.160000  
NLIN/U290                 AN2D0           tcbn65gpluswc   2.160000  
NLIN/U291                 AN2D0           tcbn65gpluswc   2.160000  
NLIN/U292                 AN2D0           tcbn65gpluswc   2.160000  
NLIN/U293                 AN2D0           tcbn65gpluswc   2.160000  
NLIN/U294                 AN2D0           tcbn65gpluswc   2.160000  
NLIN/U295                 AN2D0           tcbn65gpluswc   2.160000  
NLIN/U296                 AN2D0           tcbn65gpluswc   2.160000  
NLIN/U297                 AN2D0           tcbn65gpluswc   2.160000  
NLIN/U298                 AN2D0           tcbn65gpluswc   2.160000  
NLIN/U299                 AN2D0           tcbn65gpluswc   2.160000  
NLIN/U300                 AN2D0           tcbn65gpluswc   2.160000  
NLIN/U301                 AN2D0           tcbn65gpluswc   2.160000  
NLIN/U302                 AN2D0           tcbn65gpluswc   2.160000  
NLIN/U303                 AN2D0           tcbn65gpluswc   2.160000  
NLIN/U304                 AN2D0           tcbn65gpluswc   2.160000  
NLIN/U305                 AN2D0           tcbn65gpluswc   2.160000  
NLIN/U306                 AN2D0           tcbn65gpluswc   2.160000  
NLIN/U307                 AN2D0           tcbn65gpluswc   2.160000  
NLIN/U308                 AN2D0           tcbn65gpluswc   2.160000  
NLIN/U309                 AN2D0           tcbn65gpluswc   2.160000  
NLIN/U310                 AN2D0           tcbn65gpluswc   2.160000  
NLIN/U311                 AN2D0           tcbn65gpluswc   2.160000  
NLIN/U312                 AN2D0           tcbn65gpluswc   2.160000  
NLIN/U313                 AN2D0           tcbn65gpluswc   2.160000  
NLIN/U314                 AN2D0           tcbn65gpluswc   2.160000  
NLIN/U315                 AN2D0           tcbn65gpluswc   2.160000  
NLIN/U316                 AN2D0           tcbn65gpluswc   2.160000  
NLIN/U317                 AN2D0           tcbn65gpluswc   2.160000  
NLIN/U318                 AN2D0           tcbn65gpluswc   2.160000  
NLIN/U319                 AN2D0           tcbn65gpluswc   2.160000  
NLIN/U320                 AN2D0           tcbn65gpluswc   2.160000  
NLIN/U321                 AN2D0           tcbn65gpluswc   2.160000  
NLIN/U322                 AN2D0           tcbn65gpluswc   2.160000  
NLIN/U323                 AN2D0           tcbn65gpluswc   2.160000  
NLIN/U324                 AN2D0           tcbn65gpluswc   2.160000  
NLIN/U325                 AN2D0           tcbn65gpluswc   2.160000  
NLIN/U326                 AN2D0           tcbn65gpluswc   2.160000  
NLIN/U327                 AN2D0           tcbn65gpluswc   2.160000  
NLIN/U328                 AN2D0           tcbn65gpluswc   2.160000  
NLIN/U329                 AN2D0           tcbn65gpluswc   2.160000  
NLIN/U330                 AN2D0           tcbn65gpluswc   2.160000  
NLIN/U331                 AN2D0           tcbn65gpluswc   2.160000  
NLIN/U332                 AN2D0           tcbn65gpluswc   2.160000  
NLIN/U333                 AN2D0           tcbn65gpluswc   2.160000  
NLIN/U334                 AN2D0           tcbn65gpluswc   2.160000  
NLIN/U335                 AN2D0           tcbn65gpluswc   2.160000  
NLIN/U336                 AN2D0           tcbn65gpluswc   2.160000  
NLIN/U337                 AN2D0           tcbn65gpluswc   2.160000  
NLIN/U338                 AN2D0           tcbn65gpluswc   2.160000  
NLIN/U339                 AN2D0           tcbn65gpluswc   2.160000  
NLIN/U340                 AN2D0           tcbn65gpluswc   2.160000  
NLIN/U341                 AN2D0           tcbn65gpluswc   2.160000  
NLIN/U342                 AN2D0           tcbn65gpluswc   2.160000  
NLIN/U343                 AN2D0           tcbn65gpluswc   2.160000  
NLIN/U344                 AN2D0           tcbn65gpluswc   2.160000  
NLIN/U345                 AN2D0           tcbn65gpluswc   2.160000  
NLIN/U346                 AN2D0           tcbn65gpluswc   2.160000  
NLIN/U347                 AN2D0           tcbn65gpluswc   2.160000  
NLIN/U348                 AN2D0           tcbn65gpluswc   2.160000  
NLIN/U349                 AN2D0           tcbn65gpluswc   2.160000  
NLIN/U350                 AN2D0           tcbn65gpluswc   2.160000  
NLIN/U351                 AN2D0           tcbn65gpluswc   2.160000  
NLIN/U352                 AN2D0           tcbn65gpluswc   2.160000  
NLIN/U353                 AN2D0           tcbn65gpluswc   2.160000  
NLIN/U354                 AN2D0           tcbn65gpluswc   2.160000  
NLIN/U355                 AN2D0           tcbn65gpluswc   2.160000  
NLIN/U356                 AN2D0           tcbn65gpluswc   2.160000  
NLIN/U357                 AN2D0           tcbn65gpluswc   2.160000  
NLIN/U358                 AN2D0           tcbn65gpluswc   2.160000  
NLIN/U359                 AN2D0           tcbn65gpluswc   2.160000  
NLIN/U360                 AN2D0           tcbn65gpluswc   2.160000  
NLIN/U361                 AN2D0           tcbn65gpluswc   2.160000  
NLIN/U362                 AN2D0           tcbn65gpluswc   2.160000  
NLIN/U363                 AN2D0           tcbn65gpluswc   2.160000  
NLIN/U364                 AN2D0           tcbn65gpluswc   2.160000  
NLIN/U365                 AN2D0           tcbn65gpluswc   2.160000  
NLIN/U366                 AN2D0           tcbn65gpluswc   2.160000  
NLIN/U367                 AN2D0           tcbn65gpluswc   2.160000  
NLIN/U368                 AN2D0           tcbn65gpluswc   2.160000  
NLIN/U369                 AN2D0           tcbn65gpluswc   2.160000  
NLIN/U370                 AN2D0           tcbn65gpluswc   2.160000  
NLIN/U371                 AN2D0           tcbn65gpluswc   2.160000  
NLIN/U372                 AN2D0           tcbn65gpluswc   2.160000  
NLIN/U373                 AN2D0           tcbn65gpluswc   2.160000  
NLIN/U374                 AN2D0           tcbn65gpluswc   2.160000  
NLIN/U375                 AN2D0           tcbn65gpluswc   2.160000  
NLIN/U376                 AN2D0           tcbn65gpluswc   2.160000  
NLIN/U377                 AN2D0           tcbn65gpluswc   2.160000  
NLIN/U378                 AN2D0           tcbn65gpluswc   2.160000  
NLIN/U379                 AN2D0           tcbn65gpluswc   2.160000  
NLIN/U380                 AN2D0           tcbn65gpluswc   2.160000  
NLIN/U381                 AN2D0           tcbn65gpluswc   2.160000  
NLIN/U382                 AN2D0           tcbn65gpluswc   2.160000  
NLIN/U383                 AN2D0           tcbn65gpluswc   2.160000  
NLIN/U384                 AN2D0           tcbn65gpluswc   2.160000  
NLIN/U385                 AN2D0           tcbn65gpluswc   2.160000  
NLIN/U386                 AN2D0           tcbn65gpluswc   2.160000  
NLIN/U387                 AN2D0           tcbn65gpluswc   2.160000  
NLIN/U388                 AN2D0           tcbn65gpluswc   2.160000  
NLIN/U389                 AN2D0           tcbn65gpluswc   2.160000  
NLIN/U390                 AN2D0           tcbn65gpluswc   2.160000  
NLIN/U391                 AN2D0           tcbn65gpluswc   2.160000  
NLIN/U392                 AN2D0           tcbn65gpluswc   2.160000  
NLIN/U393                 AN2D0           tcbn65gpluswc   2.160000  
NLIN/U394                 AN2D0           tcbn65gpluswc   2.160000  
NLIN/U395                 AN2D0           tcbn65gpluswc   2.160000  
NLIN/U396                 AN2D0           tcbn65gpluswc   2.160000  
NLIN/U397                 AN2D0           tcbn65gpluswc   2.160000  
NLIN/U398                 AN2D0           tcbn65gpluswc   2.160000  
NLIN/U399                 AN2D0           tcbn65gpluswc   2.160000  
NLIN/U400                 AN2D0           tcbn65gpluswc   2.160000  
NLIN/U401                 AN2D0           tcbn65gpluswc   2.160000  
NLIN/U402                 AN2D0           tcbn65gpluswc   2.160000  
NLIN/U403                 AN2D0           tcbn65gpluswc   2.160000  
NLIN/U404                 AN2D0           tcbn65gpluswc   2.160000  
NLIN/U405                 AN2D0           tcbn65gpluswc   2.160000  
NLIN/U406                 AN2D0           tcbn65gpluswc   2.160000  
NLIN/U407                 AN2D0           tcbn65gpluswc   2.160000  
NLIN/U408                 AN2D0           tcbn65gpluswc   2.160000  
NLIN/U409                 AN2D0           tcbn65gpluswc   2.160000  
NLIN/U410                 AN2D0           tcbn65gpluswc   2.160000  
NLIN/U411                 AN2D0           tcbn65gpluswc   2.160000  
NLIN/U412                 AN2D0           tcbn65gpluswc   2.160000  
NLIN/U413                 AN2D0           tcbn65gpluswc   2.160000  
NLIN/U414                 AN2D0           tcbn65gpluswc   2.160000  
NLIN/U415                 AN2D0           tcbn65gpluswc   2.160000  
NLIN/U416                 AN2D0           tcbn65gpluswc   2.160000  
NLIN/U417                 AN2D0           tcbn65gpluswc   2.160000  
NLIN/U418                 AN2D0           tcbn65gpluswc   2.160000  
NLIN/U419                 AN2D0           tcbn65gpluswc   2.160000  
NLIN/U420                 AN2D0           tcbn65gpluswc   2.160000  
NLIN/U421                 AN2D0           tcbn65gpluswc   2.160000  
NLIN/U422                 AN2D0           tcbn65gpluswc   2.160000  
NLIN/U423                 AN2D0           tcbn65gpluswc   2.160000  
NLIN/U424                 AN2D0           tcbn65gpluswc   2.160000  
NLIN/U425                 AN2D0           tcbn65gpluswc   2.160000  
NLIN/U426                 AN2D0           tcbn65gpluswc   2.160000  
NLIN/U427                 AN2D0           tcbn65gpluswc   2.160000  
NLIN/U428                 AN2D0           tcbn65gpluswc   2.160000  
NLIN/U429                 AN2D0           tcbn65gpluswc   2.160000  
NLIN/U430                 AN2D0           tcbn65gpluswc   2.160000  
NLIN/U431                 AN2D0           tcbn65gpluswc   2.160000  
NLIN/U432                 AN2D0           tcbn65gpluswc   2.160000  
NLIN/U433                 AN2D0           tcbn65gpluswc   2.160000  
NLIN/U434                 AN2D0           tcbn65gpluswc   2.160000  
NLIN/U435                 AN2D0           tcbn65gpluswc   2.160000  
NLIN/U436                 AN2D0           tcbn65gpluswc   2.160000  
NLIN/U437                 AN2D0           tcbn65gpluswc   2.160000  
NLIN/U438                 AN2D0           tcbn65gpluswc   2.160000  
NLIN/U439                 AN2D0           tcbn65gpluswc   2.160000  
NLIN/U440                 AN2D0           tcbn65gpluswc   2.160000  
NLIN/U441                 AN2D0           tcbn65gpluswc   2.160000  
NLIN/U442                 AN2D0           tcbn65gpluswc   2.160000  
NLIN/U443                 AN2D0           tcbn65gpluswc   2.160000  
NLIN/U444                 AN2D0           tcbn65gpluswc   2.160000  
NLIN/U445                 AN2D0           tcbn65gpluswc   2.160000  
NLIN/U446                 AN2D0           tcbn65gpluswc   2.160000  
NLIN/U447                 AN2D0           tcbn65gpluswc   2.160000  
NLIN/U448                 AN2D0           tcbn65gpluswc   2.160000  
NLIN/U449                 AN2D0           tcbn65gpluswc   2.160000  
NLIN/U450                 AN2D0           tcbn65gpluswc   2.160000  
NLIN/U451                 AN2D0           tcbn65gpluswc   2.160000  
NLIN/U452                 AN2D0           tcbn65gpluswc   2.160000  
NLIN/U453                 AN2D0           tcbn65gpluswc   2.160000  
NLIN/U454                 AN2D0           tcbn65gpluswc   2.160000  
NLIN/U455                 AN2D0           tcbn65gpluswc   2.160000  
NLIN/U456                 AN2D0           tcbn65gpluswc   2.160000  
NLIN/U457                 AN2D0           tcbn65gpluswc   2.160000  
NLIN/U458                 AN2D0           tcbn65gpluswc   2.160000  
NLIN/U459                 AN2D0           tcbn65gpluswc   2.160000  
NLIN/U460                 AN2D0           tcbn65gpluswc   2.160000  
NLIN/U461                 AN2D0           tcbn65gpluswc   2.160000  
NLIN/U462                 AN2D0           tcbn65gpluswc   2.160000  
NLIN/U463                 AN2D0           tcbn65gpluswc   2.160000  
NLIN/U464                 AN2D0           tcbn65gpluswc   2.160000  
NLIN/U465                 AN2D0           tcbn65gpluswc   2.160000  
NLIN/U466                 AN2D0           tcbn65gpluswc   2.160000  
NLIN/U467                 AN2D0           tcbn65gpluswc   2.160000  
NLIN/U468                 AN2D0           tcbn65gpluswc   2.160000  
NLIN/U469                 AN2D0           tcbn65gpluswc   2.160000  
NLIN/U470                 AN2D0           tcbn65gpluswc   2.160000  
NLIN/U471                 AN2D0           tcbn65gpluswc   2.160000  
NLIN/U472                 AN2D0           tcbn65gpluswc   2.160000  
NLIN/U473                 AN2D0           tcbn65gpluswc   2.160000  
NLIN/U474                 AN2D0           tcbn65gpluswc   2.160000  
NLIN/U475                 AN2D0           tcbn65gpluswc   2.160000  
NLIN/U476                 AN2D0           tcbn65gpluswc   2.160000  
NLIN/U477                 AN2D0           tcbn65gpluswc   2.160000  
NLIN/U478                 AN2D0           tcbn65gpluswc   2.160000  
NLIN/U479                 AN2D0           tcbn65gpluswc   2.160000  
NLIN/U480                 AN2D0           tcbn65gpluswc   2.160000  
NLIN/U481                 AN2D0           tcbn65gpluswc   2.160000  
NLIN/U482                 AN2D0           tcbn65gpluswc   2.160000  
NLIN/U483                 AN2D0           tcbn65gpluswc   2.160000  
NLIN/U484                 AN2D0           tcbn65gpluswc   2.160000  
NLIN/U485                 AN2D0           tcbn65gpluswc   2.160000  
NLIN/U486                 AN2D0           tcbn65gpluswc   2.160000  
NLIN/U487                 AN2D0           tcbn65gpluswc   2.160000  
NLIN/U488                 AN2D0           tcbn65gpluswc   2.160000  
NLIN/U489                 AN2D0           tcbn65gpluswc   2.160000  
NLIN/U490                 AN2D0           tcbn65gpluswc   2.160000  
NLIN/U491                 AN2D0           tcbn65gpluswc   2.160000  
NLIN/U492                 AN2D0           tcbn65gpluswc   2.160000  
NLIN/U493                 AN2D0           tcbn65gpluswc   2.160000  
NLIN/U494                 AN2D0           tcbn65gpluswc   2.160000  
NLIN/U495                 AN2D0           tcbn65gpluswc   2.160000  
NLIN/U496                 AN2D0           tcbn65gpluswc   2.160000  
NLIN/U497                 AN2D0           tcbn65gpluswc   2.160000  
NLIN/U498                 AN2D0           tcbn65gpluswc   2.160000  
NLIN/U499                 AN2D0           tcbn65gpluswc   2.160000  
NLIN/U500                 AN2D0           tcbn65gpluswc   2.160000  
NLIN/U501                 AN2D0           tcbn65gpluswc   2.160000  
NLIN/U502                 AN2D0           tcbn65gpluswc   2.160000  
--------------------------------------------------------------------------------
Total 688 cells                                           2623.320038
1
