Information: Updating design information... (UID-85)
 
****************************************
Report : cell
Design : pearson
Version: B-2008.09-SP4
Date   : Tue Jan 26 12:11:33 2016
****************************************

Attributes:
    b - black box (unknown)
    h - hierarchical
    n - noncombinational
    r - removable
    u - contains unmapped logic

Cell                      Reference       Library             Area  Attributes
--------------------------------------------------------------------------------
LUT1                      lut_0                           863.280022
                                                                    h
LUT2                      lut_7                           863.280022
                                                                    h
LUT3                      lut_6                           863.280022
                                                                    h
LUT4                      lut_5                           863.280022
                                                                    h
LUT5                      lut_4                           863.280022
                                                                    h
LUT6                      lut_3                           863.280022
                                                                    h
LUT7                      lut_2                           863.280022
                                                                    h
LUT8                      lut_1                           863.280022
                                                                    h
U58                       CKXOR2D0        tcbn65gpluswc   3.600000  
U59                       CKXOR2D0        tcbn65gpluswc   3.600000  
U60                       CKXOR2D0        tcbn65gpluswc   3.600000  
U61                       CKXOR2D0        tcbn65gpluswc   3.600000  
U62                       CKXOR2D0        tcbn65gpluswc   3.600000  
U63                       CKXOR2D0        tcbn65gpluswc   3.600000  
U64                       CKXOR2D0        tcbn65gpluswc   3.600000  
U65                       CKXOR2D0        tcbn65gpluswc   3.600000  
U66                       CKXOR2D0        tcbn65gpluswc   3.600000  
U67                       CKXOR2D0        tcbn65gpluswc   3.600000  
U68                       CKXOR2D0        tcbn65gpluswc   3.600000  
U69                       CKXOR2D0        tcbn65gpluswc   3.600000  
U70                       CKXOR2D0        tcbn65gpluswc   3.600000  
U71                       CKXOR2D0        tcbn65gpluswc   3.600000  
U72                       CKXOR2D0        tcbn65gpluswc   3.600000  
U73                       CKXOR2D0        tcbn65gpluswc   3.600000  
U74                       CKXOR2D0        tcbn65gpluswc   3.600000  
U75                       CKXOR2D0        tcbn65gpluswc   3.600000  
U76                       CKXOR2D0        tcbn65gpluswc   3.600000  
U77                       CKXOR2D0        tcbn65gpluswc   3.600000  
U78                       CKXOR2D0        tcbn65gpluswc   3.600000  
U79                       CKXOR2D0        tcbn65gpluswc   3.600000  
U80                       CKXOR2D0        tcbn65gpluswc   3.600000  
U81                       CKXOR2D0        tcbn65gpluswc   3.600000  
U82                       CKXOR2D0        tcbn65gpluswc   3.600000  
U83                       CKXOR2D0        tcbn65gpluswc   3.600000  
U84                       CKXOR2D0        tcbn65gpluswc   3.600000  
U85                       CKXOR2D0        tcbn65gpluswc   3.600000  
U86                       CKXOR2D0        tcbn65gpluswc   3.600000  
U87                       CKXOR2D0        tcbn65gpluswc   3.600000  
U88                       CKXOR2D0        tcbn65gpluswc   3.600000  
U89                       CKXOR2D0        tcbn65gpluswc   3.600000  
U90                       CKXOR2D0        tcbn65gpluswc   3.600000  
U91                       CKXOR2D0        tcbn65gpluswc   3.600000  
U92                       CKXOR2D0        tcbn65gpluswc   3.600000  
U93                       CKXOR2D0        tcbn65gpluswc   3.600000  
U94                       CKXOR2D0        tcbn65gpluswc   3.600000  
U95                       CKXOR2D0        tcbn65gpluswc   3.600000  
U96                       CKXOR2D0        tcbn65gpluswc   3.600000  
U97                       CKXOR2D0        tcbn65gpluswc   3.600000  
U98                       CKXOR2D0        tcbn65gpluswc   3.600000  
U99                       CKXOR2D0        tcbn65gpluswc   3.600000  
U100                      CKXOR2D0        tcbn65gpluswc   3.600000  
U101                      CKXOR2D0        tcbn65gpluswc   3.600000  
U102                      CKXOR2D0        tcbn65gpluswc   3.600000  
U103                      CKXOR2D0        tcbn65gpluswc   3.600000  
U104                      CKXOR2D0        tcbn65gpluswc   3.600000  
U105                      CKXOR2D0        tcbn65gpluswc   3.600000  
U106                      CKXOR2D0        tcbn65gpluswc   3.600000  
U107                      CKXOR2D0        tcbn65gpluswc   3.600000  
U108                      CKXOR2D0        tcbn65gpluswc   3.600000  
U109                      CKXOR2D0        tcbn65gpluswc   3.600000  
U110                      CKXOR2D0        tcbn65gpluswc   3.600000  
U111                      CKXOR2D0        tcbn65gpluswc   3.600000  
U112                      CKXOR2D0        tcbn65gpluswc   3.600000  
U113                      CKXOR2D0        tcbn65gpluswc   3.600000  
--------------------------------------------------------------------------------
Total 64 cells                                            7107.840170
1
