Copyright 1986-2015 Xilinx, Inc. All Rights Reserved.
-------------------------------------------------------------------------------------------
| Tool Version : Vivado v.2015.4 (lin64) Build 1412921 Wed Nov 18 09:44:32 MST 2015
| Date         : Wed Apr 27 10:48:50 2016
| Host         : localhost.localdomain running 64-bit CentOS Linux release 7.2.1511 (Core)
| Command      : report_timing -file ./reports/timing/16bit_decomposed_rca_timing.rpt
| Design       : decomposed_rca
| Device       : 7z010-clg400
| Speed File   : -1  PRODUCTION 1.11 2014-09-11
-------------------------------------------------------------------------------------------

Timing Report

Slack:                    inf
  Source:                 A[0]
                            (input port)
  Destination:            S[15]
                            (output port)
  Path Group:             (none)
  Path Type:              Max at Slow Process Corner
  Data Path Delay:        19.486ns  (logic 5.515ns (28.302%)  route 13.971ns (71.698%))
  Logic Levels:           17  (IBUF=1 LUT3=1 LUT5=13 LUT6=1 OBUF=1)

    Location             Delay type                Incr(ns)  Path(ns)    Netlist Resource(s)
  -------------------------------------------------------------------    -------------------
    T19                                               0.000     0.000 r  A[0] (IN)
                         net (fo=0)                   0.000     0.000    A[0]
    T19                  IBUF (Prop_ibuf_I_O)         0.950     0.950 r  A_IBUF[0]_inst/O
                         net (fo=4, routed)           1.916     2.866    NL_PART/A_IBUF[0]
    SLICE_X43Y15         LUT3 (Prop_lut3_I2_O)        0.124     2.990 r  NL_PART/S_OBUF[2]_inst_i_2/O
                         net (fo=3, routed)           0.748     3.739    NL_PART/nl[2]
    SLICE_X42Y16         LUT5 (Prop_lut5_I2_O)        0.124     3.863 r  NL_PART/S_OBUF[3]_inst_i_2/O
                         net (fo=3, routed)           0.830     4.693    NL_PART/nl[5]
    SLICE_X42Y17         LUT5 (Prop_lut5_I2_O)        0.124     4.817 r  NL_PART/S_OBUF[4]_inst_i_3/O
                         net (fo=3, routed)           0.477     5.293    NL_PART/nl[9]
    SLICE_X42Y17         LUT5 (Prop_lut5_I3_O)        0.124     5.417 r  NL_PART/S_OBUF[5]_inst_i_2/O
                         net (fo=3, routed)           0.518     5.936    NL_PART/nl[11]
    SLICE_X43Y17         LUT5 (Prop_lut5_I2_O)        0.124     6.060 r  NL_PART/S_OBUF[6]_inst_i_3/O
                         net (fo=3, routed)           0.839     6.899    NL_PART/nl[15]
    SLICE_X42Y18         LUT5 (Prop_lut5_I3_O)        0.124     7.023 r  NL_PART/S_OBUF[7]_inst_i_2/O
                         net (fo=3, routed)           0.831     7.854    NL_PART/nl[17]
    SLICE_X42Y20         LUT5 (Prop_lut5_I2_O)        0.124     7.978 r  NL_PART/S_OBUF[8]_inst_i_3/O
                         net (fo=3, routed)           0.321     8.299    NL_PART/nl[21]
    SLICE_X42Y21         LUT5 (Prop_lut5_I3_O)        0.124     8.423 r  NL_PART/S_OBUF[9]_inst_i_2/O
                         net (fo=3, routed)           0.609     9.032    NL_PART/nl[23]
    SLICE_X42Y22         LUT5 (Prop_lut5_I2_O)        0.124     9.156 r  NL_PART/S_OBUF[10]_inst_i_2/O
                         net (fo=3, routed)           0.778     9.934    NL_PART/nl[26]
    SLICE_X41Y23         LUT5 (Prop_lut5_I2_O)        0.124    10.058 r  NL_PART/S_OBUF[11]_inst_i_3/O
                         net (fo=3, routed)           1.012    11.070    NL_PART/nl[30]
    SLICE_X42Y23         LUT5 (Prop_lut5_I3_O)        0.124    11.194 r  NL_PART/S_OBUF[12]_inst_i_3/O
                         net (fo=3, routed)           0.506    11.700    NL_PART/nl[33]
    SLICE_X43Y23         LUT5 (Prop_lut5_I3_O)        0.124    11.824 r  NL_PART/S_OBUF[13]_inst_i_3/O
                         net (fo=3, routed)           0.863    12.687    NL_PART/nl[36]
    SLICE_X42Y25         LUT5 (Prop_lut5_I3_O)        0.124    12.811 r  NL_PART/S_OBUF[14]_inst_i_2/O
                         net (fo=3, routed)           0.799    13.610    NL_PART/nl[38]
    SLICE_X42Y26         LUT5 (Prop_lut5_I2_O)        0.124    13.734 r  NL_PART/S_OBUF[15]_inst_i_3/O
                         net (fo=1, routed)           0.622    14.356    NL_PART/nl[41]
    SLICE_X43Y26         LUT6 (Prop_lut6_I4_O)        0.124    14.480 r  NL_PART/S_OBUF[15]_inst_i_1/O
                         net (fo=1, routed)           2.301    16.781    S_OBUF[15]
    T10                  OBUF (Prop_obuf_I_O)         2.705    19.486 r  S_OBUF[15]_inst/O
                         net (fo=0)                   0.000    19.486    S[15]
    T10                                                               r  S[15] (OUT)
  -------------------------------------------------------------------    -------------------




