Copyright 1986-2015 Xilinx, Inc. All Rights Reserved.
--------------------------------------------------------------------------------------
| Tool Version : Vivado v.2015.4 (lin64) Build 1412921 Wed Nov 18 09:44:32 MST 2015
| Date         : Wed Apr 27 12:46:46 2016
| Host         : localhost.localdomain running 64-bit unknown
| Command      : report_timing -file ./reports/timing/21bit_decomposed_rca_timing.rpt
| Design       : decomposed_rca
| Device       : 7z010-clg400
| Speed File   : -1  PRODUCTION 1.11 2014-09-11
--------------------------------------------------------------------------------------

Timing Report

Slack:                    inf
  Source:                 A[1]
                            (input port)
  Destination:            S[20]
                            (output port)
  Path Group:             (none)
  Path Type:              Max at Slow Process Corner
  Data Path Delay:        20.824ns  (logic 6.034ns (28.974%)  route 14.790ns (71.026%))
  Logic Levels:           22  (IBUF=1 LUT3=18 LUT4=1 LUT5=1 OBUF=1)

    Location             Delay type                Incr(ns)  Path(ns)    Netlist Resource(s)
  -------------------------------------------------------------------    -------------------
    P16                                               0.000     0.000 r  A[1] (IN)
                         net (fo=0)                   0.000     0.000    A[1]
    P16                  IBUF (Prop_ibuf_I_O)         0.938     0.938 r  A_IBUF[1]_inst/O
                         net (fo=4, routed)           1.983     2.921    A_IBUF[1]
    SLICE_X43Y20         LUT3 (Prop_lut3_I0_O)        0.124     3.045 r  S_OBUF[2]_inst_i_2/O
                         net (fo=2, routed)           0.806     3.851    nl[2]
    SLICE_X43Y21         LUT4 (Prop_lut4_I2_O)        0.124     3.975 r  S_OBUF[3]_inst_i_2/O
                         net (fo=2, routed)           0.300     4.276    r[0]
    SLICE_X43Y23         LUT3 (Prop_lut3_I1_O)        0.124     4.400 r  S_OBUF[4]_inst_i_2/O
                         net (fo=2, routed)           0.445     4.844    r[1]
    SLICE_X43Y23         LUT3 (Prop_lut3_I1_O)        0.124     4.968 r  S_OBUF[5]_inst_i_2/O
                         net (fo=2, routed)           0.683     5.651    r[2]
    SLICE_X43Y25         LUT3 (Prop_lut3_I1_O)        0.124     5.775 r  S_OBUF[6]_inst_i_2/O
                         net (fo=2, routed)           0.445     6.220    r[3]
    SLICE_X43Y25         LUT3 (Prop_lut3_I1_O)        0.124     6.344 r  S_OBUF[7]_inst_i_2/O
                         net (fo=2, routed)           0.652     6.996    r[4]
    SLICE_X43Y27         LUT3 (Prop_lut3_I1_O)        0.124     7.120 r  S_OBUF[8]_inst_i_2/O
                         net (fo=2, routed)           0.445     7.565    r[5]
    SLICE_X43Y27         LUT3 (Prop_lut3_I1_O)        0.124     7.689 r  S_OBUF[9]_inst_i_2/O
                         net (fo=2, routed)           0.832     8.522    r[6]
    SLICE_X42Y29         LUT3 (Prop_lut3_I1_O)        0.124     8.646 r  S_OBUF[10]_inst_i_2/O
                         net (fo=2, routed)           0.556     9.201    r[7]
    SLICE_X43Y31         LUT3 (Prop_lut3_I1_O)        0.124     9.325 r  S_OBUF[11]_inst_i_2/O
                         net (fo=2, routed)           0.445     9.770    r[8]
    SLICE_X43Y31         LUT3 (Prop_lut3_I1_O)        0.124     9.894 r  S_OBUF[12]_inst_i_2/O
                         net (fo=2, routed)           0.881    10.775    r[9]
    SLICE_X42Y31         LUT3 (Prop_lut3_I1_O)        0.124    10.899 r  S_OBUF[13]_inst_i_2/O
                         net (fo=2, routed)           0.416    11.316    r[10]
    SLICE_X43Y33         LUT3 (Prop_lut3_I1_O)        0.124    11.440 r  S_OBUF[14]_inst_i_2/O
                         net (fo=2, routed)           0.300    11.740    r[11]
    SLICE_X43Y34         LUT3 (Prop_lut3_I1_O)        0.124    11.864 r  S_OBUF[15]_inst_i_2/O
                         net (fo=2, routed)           0.445    12.308    r[12]
    SLICE_X43Y34         LUT3 (Prop_lut3_I1_O)        0.124    12.432 r  S_OBUF[16]_inst_i_2/O
                         net (fo=2, routed)           0.805    13.237    r[13]
    SLICE_X43Y35         LUT3 (Prop_lut3_I1_O)        0.124    13.361 r  S_OBUF[17]_inst_i_2/O
                         net (fo=2, routed)           0.300    13.662    r[14]
    SLICE_X43Y37         LUT3 (Prop_lut3_I1_O)        0.124    13.786 r  S_OBUF[18]_inst_i_2/O
                         net (fo=2, routed)           0.445    14.230    r[15]
    SLICE_X43Y37         LUT3 (Prop_lut3_I1_O)        0.124    14.354 r  S_OBUF[19]_inst_i_2/O
                         net (fo=2, routed)           0.806    15.160    r[16]
    SLICE_X43Y38         LUT3 (Prop_lut3_I1_O)        0.124    15.284 r  S_OBUF[20]_inst_i_2/O
                         net (fo=1, routed)           0.151    15.436    r[17]
    SLICE_X43Y38         LUT5 (Prop_lut5_I1_O)        0.124    15.560 r  S_OBUF[20]_inst_i_1/O
                         net (fo=1, routed)           2.649    18.209    S_OBUF[20]
    F19                  OBUF (Prop_obuf_I_O)         2.615    20.824 r  S_OBUF[20]_inst/O
                         net (fo=0)                   0.000    20.824    S[20]
    F19                                                               r  S[20] (OUT)
  -------------------------------------------------------------------    -------------------




