Copyright 1986-2015 Xilinx, Inc. All Rights Reserved.
--------------------------------------------------------------------------------------
| Tool Version : Vivado v.2015.4 (lin64) Build 1412921 Wed Nov 18 09:44:32 MST 2015
| Date         : Wed Apr 27 12:51:07 2016
| Host         : localhost.localdomain running 64-bit unknown
| Command      : report_timing -file ./reports/timing/28bit_decomposed_rca_timing.rpt
| Design       : decomposed_rca
| Device       : 7z010-clg400
| Speed File   : -1  PRODUCTION 1.11 2014-09-11
--------------------------------------------------------------------------------------

Timing Report

Slack:                    inf
  Source:                 B[1]
                            (input port)
  Destination:            S[26]
                            (output port)
  Path Group:             (none)
  Path Type:              Max at Slow Process Corner
  Data Path Delay:        24.727ns  (logic 6.833ns (27.632%)  route 17.894ns (72.368%))
  Logic Levels:           28  (IBUF=1 LUT3=24 LUT4=1 LUT5=1 OBUF=1)

    Location             Delay type                Incr(ns)  Path(ns)    Netlist Resource(s)
  -------------------------------------------------------------------    -------------------
    J16                                               0.000     0.000 r  B[1] (IN)
                         net (fo=0)                   0.000     0.000    B[1]
    J16                  IBUF (Prop_ibuf_I_O)         0.951     0.951 r  B_IBUF[1]_inst/O
                         net (fo=4, routed)           2.065     3.017    B_IBUF[1]
    SLICE_X42Y29         LUT3 (Prop_lut3_I0_O)        0.124     3.141 r  S_OBUF[2]_inst_i_3/O
                         net (fo=2, routed)           0.581     3.721    nl[3]
    SLICE_X43Y29         LUT4 (Prop_lut4_I3_O)        0.124     3.845 r  S_OBUF[3]_inst_i_2/O
                         net (fo=2, routed)           0.809     4.654    r[0]
    SLICE_X43Y31         LUT3 (Prop_lut3_I1_O)        0.124     4.778 r  S_OBUF[4]_inst_i_2/O
                         net (fo=2, routed)           0.445     5.223    r[1]
    SLICE_X43Y31         LUT3 (Prop_lut3_I1_O)        0.124     5.347 r  S_OBUF[5]_inst_i_2/O
                         net (fo=2, routed)           0.652     5.999    r[2]
    SLICE_X43Y33         LUT3 (Prop_lut3_I1_O)        0.124     6.123 r  S_OBUF[6]_inst_i_2/O
                         net (fo=2, routed)           0.445     6.568    r[3]
    SLICE_X43Y33         LUT3 (Prop_lut3_I1_O)        0.124     6.692 r  S_OBUF[7]_inst_i_2/O
                         net (fo=2, routed)           0.817     7.509    r[4]
    SLICE_X43Y34         LUT3 (Prop_lut3_I1_O)        0.124     7.633 r  S_OBUF[8]_inst_i_2/O
                         net (fo=2, routed)           0.305     7.938    r[5]
    SLICE_X43Y35         LUT3 (Prop_lut3_I1_O)        0.124     8.062 r  S_OBUF[9]_inst_i_2/O
                         net (fo=2, routed)           0.274     8.335    r[6]
    SLICE_X43Y35         LUT3 (Prop_lut3_I1_O)        0.124     8.459 r  S_OBUF[10]_inst_i_2/O
                         net (fo=2, routed)           0.304     8.763    r[7]
    SLICE_X43Y37         LUT3 (Prop_lut3_I1_O)        0.124     8.887 r  S_OBUF[11]_inst_i_2/O
                         net (fo=2, routed)           0.300     9.188    r[8]
    SLICE_X43Y39         LUT3 (Prop_lut3_I1_O)        0.124     9.312 r  S_OBUF[12]_inst_i_2/O
                         net (fo=2, routed)           0.445     9.756    r[9]
    SLICE_X43Y39         LUT3 (Prop_lut3_I1_O)        0.124     9.880 r  S_OBUF[13]_inst_i_2/O
                         net (fo=2, routed)           0.652    10.533    r[10]
    SLICE_X43Y41         LUT3 (Prop_lut3_I1_O)        0.124    10.657 r  S_OBUF[14]_inst_i_2/O
                         net (fo=2, routed)           0.445    11.101    r[11]
    SLICE_X43Y41         LUT3 (Prop_lut3_I1_O)        0.124    11.225 r  S_OBUF[15]_inst_i_2/O
                         net (fo=2, routed)           0.652    11.878    r[12]
    SLICE_X43Y43         LUT3 (Prop_lut3_I1_O)        0.124    12.002 r  S_OBUF[16]_inst_i_2/O
                         net (fo=2, routed)           0.445    12.446    r[13]
    SLICE_X43Y43         LUT3 (Prop_lut3_I1_O)        0.124    12.570 r  S_OBUF[17]_inst_i_2/O
                         net (fo=2, routed)           0.652    13.223    r[14]
    SLICE_X43Y45         LUT3 (Prop_lut3_I1_O)        0.124    13.347 r  S_OBUF[18]_inst_i_2/O
                         net (fo=2, routed)           0.445    13.791    r[15]
    SLICE_X43Y45         LUT3 (Prop_lut3_I1_O)        0.124    13.915 r  S_OBUF[19]_inst_i_2/O
                         net (fo=2, routed)           0.652    14.568    r[16]
    SLICE_X43Y47         LUT3 (Prop_lut3_I1_O)        0.124    14.692 r  S_OBUF[20]_inst_i_2/O
                         net (fo=2, routed)           0.445    15.137    r[17]
    SLICE_X43Y47         LUT3 (Prop_lut3_I1_O)        0.124    15.261 r  S_OBUF[21]_inst_i_2/O
                         net (fo=2, routed)           0.819    16.080    r[18]
    SLICE_X43Y49         LUT3 (Prop_lut3_I1_O)        0.124    16.204 r  S_OBUF[22]_inst_i_2/O
                         net (fo=2, routed)           1.031    17.235    r[19]
    SLICE_X43Y71         LUT3 (Prop_lut3_I1_O)        0.124    17.359 r  S_OBUF[23]_inst_i_2/O
                         net (fo=2, routed)           0.444    17.803    r[20]
    SLICE_X43Y71         LUT3 (Prop_lut3_I1_O)        0.124    17.927 r  S_OBUF[24]_inst_i_2/O
                         net (fo=2, routed)           0.415    18.343    r[21]
    SLICE_X43Y73         LUT3 (Prop_lut3_I1_O)        0.124    18.467 r  S_OBUF[25]_inst_i_2/O
                         net (fo=2, routed)           0.445    18.911    r[22]
    SLICE_X43Y73         LUT3 (Prop_lut3_I1_O)        0.124    19.035 r  S_OBUF[26]_inst_i_2/O
                         net (fo=2, routed)           0.815    19.850    r[23]
    SLICE_X43Y74         LUT5 (Prop_lut5_I1_O)        0.124    19.974 r  S_OBUF[26]_inst_i_1/O
                         net (fo=1, routed)           2.095    22.070    S_OBUF[26]
    L19                  OBUF (Prop_obuf_I_O)         2.657    24.727 r  S_OBUF[26]_inst/O
                         net (fo=0)                   0.000    24.727    S[26]
    L19                                                               r  S[26] (OUT)
  -------------------------------------------------------------------    -------------------




