Information: Updating design information... (UID-85)
 
****************************************
Report : timing
        -path full
        -delay max
        -nets
        -max_paths 1
        -transition_time
Design : adder_P
Version: K-2015.06-SP5-1
Date   : Tue May 24 14:28:21 2016
****************************************

Operating Conditions: WCCOM   Library: tcbn65gpluswc
Wire Load Model Mode: segmented

  Startpoint: b[0] (input port)
  Endpoint: s[3] (output port)
  Path Group: (none)
  Path Type: max

  Des/Clust/Port     Wire Load Model       Library
  ------------------------------------------------
  adder_DW01_add_0   ZeroWireload          tcbn65gpluswc
  adder_P            ZeroWireload          tcbn65gpluswc
  adder              ZeroWireload          tcbn65gpluswc
  parity             ZeroWireload          tcbn65gpluswc

Attributes:
    d - dont_touch
    u - dont_use
   mo - map_only
   so - size_only
    i - ideal_net or ideal_network
  inf - infeasible path

  Point                                       Fanout     Trans      Incr       Path      Attributes
  ---------------------------------------------------------------------------------------------------------
  input external delay                                              0.00       0.00 f
  b[0] (in)                                               0.00      0.00       0.00 f
  b[0] (net)                                    2                   0.00       0.00 f
  ADD/b[0] (adder)                                                  0.00       0.00 f
  ADD/b[0] (net)                                                    0.00       0.00 f
  ADD/add_8/B[0] (adder_DW01_add_0)                                 0.00       0.00 f
  ADD/add_8/B[0] (net)                                              0.00       0.00 f
  ADD/add_8/U75/Z (AN2D0)                                 0.04      0.06       0.06 f
  ADD/add_8/n17 (net)                           3                   0.00       0.06 f
  ADD/add_8/U74/Z (OR2D0)                                 0.03      0.07       0.13 f
  ADD/add_8/n62 (net)                           1                   0.00       0.13 f
  ADD/add_8/U73/Z (AN2D0)                                 0.02      0.05       0.18 f
  ADD/add_8/n60 (net)                           1                   0.00       0.18 f
  ADD/add_8/U71/Z (OR2D0)                                 0.04      0.08       0.26 f
  ADD/add_8/n16 (net)                           3                   0.00       0.26 f
  ADD/add_8/U70/Z (OR2D0)                                 0.03      0.08       0.33 f
  ADD/add_8/n59 (net)                           1                   0.00       0.33 f
  ADD/add_8/U69/Z (AN2D0)                                 0.02      0.05       0.38 f
  ADD/add_8/n57 (net)                           1                   0.00       0.38 f
  ADD/add_8/U67/Z (OR2D0)                                 0.05      0.09       0.47 f
  ADD/add_8/n13 (net)                           3                   0.00       0.47 f
  ADD/add_8/U66/Z (OR2D0)                                 0.03      0.08       0.55 f
  ADD/add_8/n56 (net)                           1                   0.00       0.55 f
  ADD/add_8/U65/Z (AN2D0)                                 0.02      0.05       0.60 f
  ADD/add_8/n54 (net)                           1                   0.00       0.60 f
  ADD/add_8/U63/Z (OR2D0)                                 0.05      0.09       0.68 f
  ADD/add_8/n11 (net)                           3                   0.00       0.68 f
  ADD/add_8/U62/Z (OR2D0)                                 0.03      0.08       0.76 f
  ADD/add_8/n53 (net)                           1                   0.00       0.76 f
  ADD/add_8/U61/Z (AN2D0)                                 0.02      0.05       0.81 f
  ADD/add_8/n51 (net)                           1                   0.00       0.81 f
  ADD/add_8/U59/Z (OR2D0)                                 0.05      0.09       0.89 f
  ADD/add_8/n9 (net)                            3                   0.00       0.89 f
  ADD/add_8/U58/Z (OR2D0)                                 0.03      0.08       0.97 f
  ADD/add_8/n50 (net)                           1                   0.00       0.97 f
  ADD/add_8/U57/Z (AN2D0)                                 0.02      0.05       1.02 f
  ADD/add_8/n48 (net)                           1                   0.00       1.02 f
  ADD/add_8/U55/Z (OR2D0)                                 0.05      0.09       1.11 f
  ADD/add_8/n7 (net)                            3                   0.00       1.11 f
  ADD/add_8/U54/Z (OR2D0)                                 0.03      0.08       1.19 f
  ADD/add_8/n47 (net)                           1                   0.00       1.19 f
  ADD/add_8/U53/Z (AN2D0)                                 0.02      0.05       1.24 f
  ADD/add_8/n45 (net)                           1                   0.00       1.24 f
  ADD/add_8/U51/Z (OR2D0)                                 0.05      0.09       1.32 f
  ADD/add_8/n5 (net)                            3                   0.00       1.32 f
  ADD/add_8/U50/Z (OR2D0)                                 0.03      0.08       1.40 f
  ADD/add_8/n44 (net)                           1                   0.00       1.40 f
  ADD/add_8/U49/Z (AN2D0)                                 0.02      0.05       1.45 f
  ADD/add_8/n42 (net)                           1                   0.00       1.45 f
  ADD/add_8/U47/Z (OR2D0)                                 0.05      0.09       1.53 f
  ADD/add_8/n3 (net)                            3                   0.00       1.53 f
  ADD/add_8/U46/Z (OR2D0)                                 0.03      0.08       1.61 f
  ADD/add_8/n41 (net)                           1                   0.00       1.61 f
  ADD/add_8/U45/Z (AN2D0)                                 0.02      0.05       1.66 f
  ADD/add_8/n39 (net)                           1                   0.00       1.66 f
  ADD/add_8/U43/Z (OR2D0)                                 0.05      0.09       1.75 f
  ADD/add_8/n1 (net)                            3                   0.00       1.75 f
  ADD/add_8/U42/Z (OR2D0)                                 0.03      0.08       1.83 f
  ADD/add_8/n38 (net)                           1                   0.00       1.83 f
  ADD/add_8/U41/Z (AN2D0)                                 0.02      0.05       1.88 f
  ADD/add_8/n36 (net)                           1                   0.00       1.88 f
  ADD/add_8/U39/Z (OR2D0)                                 0.05      0.09       1.96 f
  ADD/add_8/n33 (net)                           3                   0.00       1.96 f
  ADD/add_8/U36/Z (OR2D0)                                 0.03      0.08       2.04 f
  ADD/add_8/n34 (net)                           1                   0.00       2.04 f
  ADD/add_8/U35/Z (AN2D0)                                 0.02      0.05       2.09 f
  ADD/add_8/n31 (net)                           1                   0.00       2.09 f
  ADD/add_8/U33/Z (OR2D0)                                 0.05      0.09       2.17 f
  ADD/add_8/n28 (net)                           3                   0.00       2.17 f
  ADD/add_8/U30/Z (OR2D0)                                 0.03      0.08       2.25 f
  ADD/add_8/n29 (net)                           1                   0.00       2.25 f
  ADD/add_8/U29/Z (AN2D0)                                 0.02      0.05       2.30 f
  ADD/add_8/n26 (net)                           1                   0.00       2.30 f
  ADD/add_8/U27/Z (OR2D0)                                 0.05      0.09       2.39 f
  ADD/add_8/n23 (net)                           3                   0.00       2.39 f
  ADD/add_8/U23/Z (OR2D0)                                 0.03      0.08       2.47 f
  ADD/add_8/n24 (net)                           1                   0.00       2.47 f
  ADD/add_8/U22/Z (AN2D0)                                 0.02      0.05       2.52 f
  ADD/add_8/n21 (net)                           1                   0.00       2.52 f
  ADD/add_8/U20/Z (OR2D0)                                 0.03      0.07       2.58 f
  ADD/add_8/n20 (net)                           1                   0.00       2.58 f
  ADD/add_8/U19/Z (XOR2D0)                                0.06      0.13       2.71 f
  ADD/add_8/SUM[13] (net)                       3                   0.00       2.71 f
  ADD/add_8/SUM[13] (adder_DW01_add_0)                              0.00       2.71 f
  ADD/s[13] (net)                                                   0.00       2.71 f
  ADD/s[13] (adder)                                                 0.00       2.71 f
  sp[13] (net)                                                      0.00       2.71 f
  PAR/c[13] (parity)                                                0.00       2.71 f
  PAR/c[13] (net)                                                   0.00       2.71 f
  PAR/U24/Z (XOR2D0)                                      0.07      0.11       2.81 r
  PAR/n12 (net)                                 2                   0.00       2.81 r
  PAR/U23/Z (XOR2D0)                                      0.08      0.12       2.93 r
  PAR/n3 (net)                                  3                   0.00       2.93 r
  PAR/U17/Z (XOR2D0)                                      0.07      0.14       3.07 r
  PAR/n8 (net)                                  2                   0.00       3.07 r
  PAR/U16/Z (XOR2D0)                                      0.04      0.10       3.17 f
  PAR/n17 (net)                                 1                   0.00       3.17 f
  PAR/U15/Z (XOR2D0)                                      0.02      0.07       3.24 f
  PAR/p[3] (net)                                1                   0.00       3.24 f
  PAR/p[3] (parity)                                                 0.00       3.24 f
  s[3] (net)                                                        0.00       3.24 f
  s[3] (out)                                              0.02      0.00       3.24 f
  data arrival time                                                            3.24
  ---------------------------------------------------------------------------------------------------------
  (Path is unconstrained)


1
