 
****************************************
Report : cell
Design : cla_adder
Version: B-2008.09-SP4
Date   : Fri Mar  4 14:03:18 2016
****************************************

Attributes:
    b - black box (unknown)
    h - hierarchical
    n - noncombinational
    r - removable
    u - contains unmapped logic

Cell                      Reference       Library             Area  Attributes
--------------------------------------------------------------------------------
C134                      AN2D0           tcbn65gpluswc   2.160000  
C135                      AN2D0           tcbn65gpluswc   2.160000  
C136                      AN2D0           tcbn65gpluswc   2.160000  
C137                      AN2D0           tcbn65gpluswc   2.160000  
C138                      AN2D0           tcbn65gpluswc   2.160000  
C139                      AN2D0           tcbn65gpluswc   2.160000  
C140                      AN2D0           tcbn65gpluswc   2.160000  
C141                      AN2D0           tcbn65gpluswc   2.160000  
C142                      AN2D0           tcbn65gpluswc   2.160000  
C143                      AN2D0           tcbn65gpluswc   2.160000  
C144                      AN2D0           tcbn65gpluswc   2.160000  
C145                      AN2D0           tcbn65gpluswc   2.160000  
C146                      AN2D0           tcbn65gpluswc   2.160000  
C147                      AN2D0           tcbn65gpluswc   2.160000  
C148                      AN2D0           tcbn65gpluswc   2.160000  
C149                      AN2D0           tcbn65gpluswc   2.160000  
C150                      AN2D0           tcbn65gpluswc   2.160000  
C151                      AN2D0           tcbn65gpluswc   2.160000  
C152                      AN2D0           tcbn65gpluswc   2.160000  
C153                      AN2D0           tcbn65gpluswc   2.160000  
C154                      AN2D0           tcbn65gpluswc   2.160000  
C155                      AN2D0           tcbn65gpluswc   2.160000  
C156                      AN2D0           tcbn65gpluswc   2.160000  
C157                      AN2D0           tcbn65gpluswc   2.160000  
C158                      AN2D0           tcbn65gpluswc   2.160000  
C159                      AN2D0           tcbn65gpluswc   2.160000  
C160                      AN2D0           tcbn65gpluswc   2.160000  
C161                      AN2D0           tcbn65gpluswc   2.160000  
C162                      AN2D0           tcbn65gpluswc   2.160000  
C163                      AN2D0           tcbn65gpluswc   2.160000  
C164                      AN2D0           tcbn65gpluswc   2.160000  
C165                      XOR2D0          tcbn65gpluswc   3.600000  
C166                      XOR2D0          tcbn65gpluswc   3.600000  
C167                      XOR2D0          tcbn65gpluswc   3.600000  
C168                      XOR2D0          tcbn65gpluswc   3.600000  
C169                      XOR2D0          tcbn65gpluswc   3.600000  
C170                      XOR2D0          tcbn65gpluswc   3.600000  
C171                      XOR2D0          tcbn65gpluswc   3.600000  
C172                      XOR2D0          tcbn65gpluswc   3.600000  
C173                      XOR2D0          tcbn65gpluswc   3.600000  
C174                      XOR2D0          tcbn65gpluswc   3.600000  
C175                      XOR2D0          tcbn65gpluswc   3.600000  
C176                      XOR2D0          tcbn65gpluswc   3.600000  
C177                      XOR2D0          tcbn65gpluswc   3.600000  
C178                      XOR2D0          tcbn65gpluswc   3.600000  
C179                      XOR2D0          tcbn65gpluswc   3.600000  
C180                      XOR2D0          tcbn65gpluswc   3.600000  
C181                      XOR2D0          tcbn65gpluswc   3.600000  
C182                      XOR2D0          tcbn65gpluswc   3.600000  
C183                      XOR2D0          tcbn65gpluswc   3.600000  
C184                      XOR2D0          tcbn65gpluswc   3.600000  
C185                      XOR2D0          tcbn65gpluswc   3.600000  
C186                      XOR2D0          tcbn65gpluswc   3.600000  
C187                      XOR2D0          tcbn65gpluswc   3.600000  
C188                      XOR2D0          tcbn65gpluswc   3.600000  
C189                      XOR2D0          tcbn65gpluswc   3.600000  
C190                      XOR2D0          tcbn65gpluswc   3.600000  
C191                      XOR2D0          tcbn65gpluswc   3.600000  
C192                      XOR2D0          tcbn65gpluswc   3.600000  
C193                      XOR2D0          tcbn65gpluswc   3.600000  
C194                      XOR2D0          tcbn65gpluswc   3.600000  
C195                      XOR2D0          tcbn65gpluswc   3.600000  
C196                      XOR2D0          tcbn65gpluswc   3.600000  
C197                      OR2D0           tcbn65gpluswc   2.160000  
C198                      AN2D0           tcbn65gpluswc   2.160000  
C199                      OR2D0           tcbn65gpluswc   2.160000  
C200                      AN2D0           tcbn65gpluswc   2.160000  
C201                      OR2D0           tcbn65gpluswc   2.160000  
C202                      AN2D0           tcbn65gpluswc   2.160000  
C203                      OR2D0           tcbn65gpluswc   2.160000  
C204                      AN2D0           tcbn65gpluswc   2.160000  
C205                      OR2D0           tcbn65gpluswc   2.160000  
C206                      AN2D0           tcbn65gpluswc   2.160000  
C207                      OR2D0           tcbn65gpluswc   2.160000  
C208                      AN2D0           tcbn65gpluswc   2.160000  
C209                      OR2D0           tcbn65gpluswc   2.160000  
C210                      AN2D0           tcbn65gpluswc   2.160000  
C211                      OR2D0           tcbn65gpluswc   2.160000  
C212                      AN2D0           tcbn65gpluswc   2.160000  
C213                      OR2D0           tcbn65gpluswc   2.160000  
C214                      AN2D0           tcbn65gpluswc   2.160000  
C215                      OR2D0           tcbn65gpluswc   2.160000  
C216                      AN2D0           tcbn65gpluswc   2.160000  
C217                      OR2D0           tcbn65gpluswc   2.160000  
C218                      AN2D0           tcbn65gpluswc   2.160000  
C219                      OR2D0           tcbn65gpluswc   2.160000  
C220                      AN2D0           tcbn65gpluswc   2.160000  
C221                      OR2D0           tcbn65gpluswc   2.160000  
C222                      AN2D0           tcbn65gpluswc   2.160000  
C223                      OR2D0           tcbn65gpluswc   2.160000  
C224                      AN2D0           tcbn65gpluswc   2.160000  
C225                      OR2D0           tcbn65gpluswc   2.160000  
C226                      AN2D0           tcbn65gpluswc   2.160000  
C227                      OR2D0           tcbn65gpluswc   2.160000  
C228                      AN2D0           tcbn65gpluswc   2.160000  
C229                      OR2D0           tcbn65gpluswc   2.160000  
C230                      AN2D0           tcbn65gpluswc   2.160000  
C231                      OR2D0           tcbn65gpluswc   2.160000  
C232                      AN2D0           tcbn65gpluswc   2.160000  
C233                      OR2D0           tcbn65gpluswc   2.160000  
C234                      AN2D0           tcbn65gpluswc   2.160000  
C235                      OR2D0           tcbn65gpluswc   2.160000  
C236                      AN2D0           tcbn65gpluswc   2.160000  
C237                      OR2D0           tcbn65gpluswc   2.160000  
C238                      AN2D0           tcbn65gpluswc   2.160000  
C239                      OR2D0           tcbn65gpluswc   2.160000  
C240                      AN2D0           tcbn65gpluswc   2.160000  
C241                      OR2D0           tcbn65gpluswc   2.160000  
C242                      AN2D0           tcbn65gpluswc   2.160000  
C243                      OR2D0           tcbn65gpluswc   2.160000  
C244                      AN2D0           tcbn65gpluswc   2.160000  
C245                      OR2D0           tcbn65gpluswc   2.160000  
C246                      AN2D0           tcbn65gpluswc   2.160000  
C247                      OR2D0           tcbn65gpluswc   2.160000  
C248                      AN2D0           tcbn65gpluswc   2.160000  
C249                      OR2D0           tcbn65gpluswc   2.160000  
C250                      AN2D0           tcbn65gpluswc   2.160000  
C251                      OR2D0           tcbn65gpluswc   2.160000  
C252                      AN2D0           tcbn65gpluswc   2.160000  
C253                      OR2D0           tcbn65gpluswc   2.160000  
C254                      AN2D0           tcbn65gpluswc   2.160000  
C255                      OR2D0           tcbn65gpluswc   2.160000  
C256                      AN2D0           tcbn65gpluswc   2.160000  
C257                      OR2D0           tcbn65gpluswc   2.160000  
C258                      AN2D0           tcbn65gpluswc   2.160000  
C259                      XOR2D0          tcbn65gpluswc   3.600000  
C260                      XOR2D0          tcbn65gpluswc   3.600000  
C261                      XOR2D0          tcbn65gpluswc   3.600000  
C262                      XOR2D0          tcbn65gpluswc   3.600000  
C263                      XOR2D0          tcbn65gpluswc   3.600000  
C264                      XOR2D0          tcbn65gpluswc   3.600000  
C265                      XOR2D0          tcbn65gpluswc   3.600000  
C266                      XOR2D0          tcbn65gpluswc   3.600000  
C267                      XOR2D0          tcbn65gpluswc   3.600000  
C268                      XOR2D0          tcbn65gpluswc   3.600000  
C269                      XOR2D0          tcbn65gpluswc   3.600000  
C270                      XOR2D0          tcbn65gpluswc   3.600000  
C271                      XOR2D0          tcbn65gpluswc   3.600000  
C272                      XOR2D0          tcbn65gpluswc   3.600000  
C273                      XOR2D0          tcbn65gpluswc   3.600000  
C274                      XOR2D0          tcbn65gpluswc   3.600000  
C275                      XOR2D0          tcbn65gpluswc   3.600000  
C276                      XOR2D0          tcbn65gpluswc   3.600000  
C277                      XOR2D0          tcbn65gpluswc   3.600000  
C278                      XOR2D0          tcbn65gpluswc   3.600000  
C279                      XOR2D0          tcbn65gpluswc   3.600000  
C280                      XOR2D0          tcbn65gpluswc   3.600000  
C281                      XOR2D0          tcbn65gpluswc   3.600000  
C282                      XOR2D0          tcbn65gpluswc   3.600000  
C283                      XOR2D0          tcbn65gpluswc   3.600000  
C284                      XOR2D0          tcbn65gpluswc   3.600000  
C285                      XOR2D0          tcbn65gpluswc   3.600000  
C286                      XOR2D0          tcbn65gpluswc   3.600000  
C287                      XOR2D0          tcbn65gpluswc   3.600000  
C288                      XOR2D0          tcbn65gpluswc   3.600000  
C289                      XOR2D0          tcbn65gpluswc   3.600000  
C290                      XOR2D0          tcbn65gpluswc   3.600000  
--------------------------------------------------------------------------------
Total 157 cells                                           431.280002
1
