 
****************************************
Report : cell
Design : cla_adder
Version: B-2008.09-SP4
Date   : Fri Mar  4 14:05:02 2016
****************************************

Attributes:
    b - black box (unknown)
    h - hierarchical
    n - noncombinational
    r - removable
    u - contains unmapped logic

Cell                      Reference       Library             Area  Attributes
--------------------------------------------------------------------------------
C518                      AN2D0           tcbn65gpluswc   2.160000  
C519                      AN2D0           tcbn65gpluswc   2.160000  
C520                      AN2D0           tcbn65gpluswc   2.160000  
C521                      AN2D0           tcbn65gpluswc   2.160000  
C522                      AN2D0           tcbn65gpluswc   2.160000  
C523                      AN2D0           tcbn65gpluswc   2.160000  
C524                      AN2D0           tcbn65gpluswc   2.160000  
C525                      AN2D0           tcbn65gpluswc   2.160000  
C526                      AN2D0           tcbn65gpluswc   2.160000  
C527                      AN2D0           tcbn65gpluswc   2.160000  
C528                      AN2D0           tcbn65gpluswc   2.160000  
C529                      AN2D0           tcbn65gpluswc   2.160000  
C530                      AN2D0           tcbn65gpluswc   2.160000  
C531                      AN2D0           tcbn65gpluswc   2.160000  
C532                      AN2D0           tcbn65gpluswc   2.160000  
C533                      AN2D0           tcbn65gpluswc   2.160000  
C534                      AN2D0           tcbn65gpluswc   2.160000  
C535                      AN2D0           tcbn65gpluswc   2.160000  
C536                      AN2D0           tcbn65gpluswc   2.160000  
C537                      AN2D0           tcbn65gpluswc   2.160000  
C538                      AN2D0           tcbn65gpluswc   2.160000  
C539                      AN2D0           tcbn65gpluswc   2.160000  
C540                      AN2D0           tcbn65gpluswc   2.160000  
C541                      AN2D0           tcbn65gpluswc   2.160000  
C542                      AN2D0           tcbn65gpluswc   2.160000  
C543                      AN2D0           tcbn65gpluswc   2.160000  
C544                      AN2D0           tcbn65gpluswc   2.160000  
C545                      AN2D0           tcbn65gpluswc   2.160000  
C546                      AN2D0           tcbn65gpluswc   2.160000  
C547                      AN2D0           tcbn65gpluswc   2.160000  
C548                      AN2D0           tcbn65gpluswc   2.160000  
C549                      AN2D0           tcbn65gpluswc   2.160000  
C550                      AN2D0           tcbn65gpluswc   2.160000  
C551                      AN2D0           tcbn65gpluswc   2.160000  
C552                      AN2D0           tcbn65gpluswc   2.160000  
C553                      AN2D0           tcbn65gpluswc   2.160000  
C554                      AN2D0           tcbn65gpluswc   2.160000  
C555                      AN2D0           tcbn65gpluswc   2.160000  
C556                      AN2D0           tcbn65gpluswc   2.160000  
C557                      AN2D0           tcbn65gpluswc   2.160000  
C558                      AN2D0           tcbn65gpluswc   2.160000  
C559                      AN2D0           tcbn65gpluswc   2.160000  
C560                      AN2D0           tcbn65gpluswc   2.160000  
C561                      AN2D0           tcbn65gpluswc   2.160000  
C562                      AN2D0           tcbn65gpluswc   2.160000  
C563                      AN2D0           tcbn65gpluswc   2.160000  
C564                      AN2D0           tcbn65gpluswc   2.160000  
C565                      AN2D0           tcbn65gpluswc   2.160000  
C566                      AN2D0           tcbn65gpluswc   2.160000  
C567                      AN2D0           tcbn65gpluswc   2.160000  
C568                      AN2D0           tcbn65gpluswc   2.160000  
C569                      AN2D0           tcbn65gpluswc   2.160000  
C570                      AN2D0           tcbn65gpluswc   2.160000  
C571                      AN2D0           tcbn65gpluswc   2.160000  
C572                      AN2D0           tcbn65gpluswc   2.160000  
C573                      AN2D0           tcbn65gpluswc   2.160000  
C574                      AN2D0           tcbn65gpluswc   2.160000  
C575                      AN2D0           tcbn65gpluswc   2.160000  
C576                      AN2D0           tcbn65gpluswc   2.160000  
C577                      AN2D0           tcbn65gpluswc   2.160000  
C578                      AN2D0           tcbn65gpluswc   2.160000  
C579                      AN2D0           tcbn65gpluswc   2.160000  
C580                      AN2D0           tcbn65gpluswc   2.160000  
C581                      AN2D0           tcbn65gpluswc   2.160000  
C582                      AN2D0           tcbn65gpluswc   2.160000  
C583                      AN2D0           tcbn65gpluswc   2.160000  
C584                      AN2D0           tcbn65gpluswc   2.160000  
C585                      AN2D0           tcbn65gpluswc   2.160000  
C586                      AN2D0           tcbn65gpluswc   2.160000  
C587                      AN2D0           tcbn65gpluswc   2.160000  
C588                      AN2D0           tcbn65gpluswc   2.160000  
C589                      AN2D0           tcbn65gpluswc   2.160000  
C590                      AN2D0           tcbn65gpluswc   2.160000  
C591                      AN2D0           tcbn65gpluswc   2.160000  
C592                      AN2D0           tcbn65gpluswc   2.160000  
C593                      AN2D0           tcbn65gpluswc   2.160000  
C594                      AN2D0           tcbn65gpluswc   2.160000  
C595                      AN2D0           tcbn65gpluswc   2.160000  
C596                      AN2D0           tcbn65gpluswc   2.160000  
C597                      AN2D0           tcbn65gpluswc   2.160000  
C598                      AN2D0           tcbn65gpluswc   2.160000  
C599                      AN2D0           tcbn65gpluswc   2.160000  
C600                      AN2D0           tcbn65gpluswc   2.160000  
C601                      AN2D0           tcbn65gpluswc   2.160000  
C602                      AN2D0           tcbn65gpluswc   2.160000  
C603                      AN2D0           tcbn65gpluswc   2.160000  
C604                      AN2D0           tcbn65gpluswc   2.160000  
C605                      AN2D0           tcbn65gpluswc   2.160000  
C606                      AN2D0           tcbn65gpluswc   2.160000  
C607                      AN2D0           tcbn65gpluswc   2.160000  
C608                      AN2D0           tcbn65gpluswc   2.160000  
C609                      AN2D0           tcbn65gpluswc   2.160000  
C610                      AN2D0           tcbn65gpluswc   2.160000  
C611                      AN2D0           tcbn65gpluswc   2.160000  
C612                      AN2D0           tcbn65gpluswc   2.160000  
C613                      AN2D0           tcbn65gpluswc   2.160000  
C614                      AN2D0           tcbn65gpluswc   2.160000  
C615                      AN2D0           tcbn65gpluswc   2.160000  
C616                      AN2D0           tcbn65gpluswc   2.160000  
C617                      AN2D0           tcbn65gpluswc   2.160000  
C618                      AN2D0           tcbn65gpluswc   2.160000  
C619                      AN2D0           tcbn65gpluswc   2.160000  
C620                      AN2D0           tcbn65gpluswc   2.160000  
C621                      AN2D0           tcbn65gpluswc   2.160000  
C622                      AN2D0           tcbn65gpluswc   2.160000  
C623                      AN2D0           tcbn65gpluswc   2.160000  
C624                      AN2D0           tcbn65gpluswc   2.160000  
C625                      AN2D0           tcbn65gpluswc   2.160000  
C626                      AN2D0           tcbn65gpluswc   2.160000  
C627                      AN2D0           tcbn65gpluswc   2.160000  
C628                      AN2D0           tcbn65gpluswc   2.160000  
C629                      AN2D0           tcbn65gpluswc   2.160000  
C630                      AN2D0           tcbn65gpluswc   2.160000  
C631                      AN2D0           tcbn65gpluswc   2.160000  
C632                      AN2D0           tcbn65gpluswc   2.160000  
C633                      AN2D0           tcbn65gpluswc   2.160000  
C634                      AN2D0           tcbn65gpluswc   2.160000  
C635                      AN2D0           tcbn65gpluswc   2.160000  
C636                      AN2D0           tcbn65gpluswc   2.160000  
C637                      AN2D0           tcbn65gpluswc   2.160000  
C638                      AN2D0           tcbn65gpluswc   2.160000  
C639                      AN2D0           tcbn65gpluswc   2.160000  
C640                      AN2D0           tcbn65gpluswc   2.160000  
C641                      AN2D0           tcbn65gpluswc   2.160000  
C642                      AN2D0           tcbn65gpluswc   2.160000  
C643                      AN2D0           tcbn65gpluswc   2.160000  
C644                      AN2D0           tcbn65gpluswc   2.160000  
C645                      XOR2D0          tcbn65gpluswc   3.600000  
C646                      XOR2D0          tcbn65gpluswc   3.600000  
C647                      XOR2D0          tcbn65gpluswc   3.600000  
C648                      XOR2D0          tcbn65gpluswc   3.600000  
C649                      XOR2D0          tcbn65gpluswc   3.600000  
C650                      XOR2D0          tcbn65gpluswc   3.600000  
C651                      XOR2D0          tcbn65gpluswc   3.600000  
C652                      XOR2D0          tcbn65gpluswc   3.600000  
C653                      XOR2D0          tcbn65gpluswc   3.600000  
C654                      XOR2D0          tcbn65gpluswc   3.600000  
C655                      XOR2D0          tcbn65gpluswc   3.600000  
C656                      XOR2D0          tcbn65gpluswc   3.600000  
C657                      XOR2D0          tcbn65gpluswc   3.600000  
C658                      XOR2D0          tcbn65gpluswc   3.600000  
C659                      XOR2D0          tcbn65gpluswc   3.600000  
C660                      XOR2D0          tcbn65gpluswc   3.600000  
C661                      XOR2D0          tcbn65gpluswc   3.600000  
C662                      XOR2D0          tcbn65gpluswc   3.600000  
C663                      XOR2D0          tcbn65gpluswc   3.600000  
C664                      XOR2D0          tcbn65gpluswc   3.600000  
C665                      XOR2D0          tcbn65gpluswc   3.600000  
C666                      XOR2D0          tcbn65gpluswc   3.600000  
C667                      XOR2D0          tcbn65gpluswc   3.600000  
C668                      XOR2D0          tcbn65gpluswc   3.600000  
C669                      XOR2D0          tcbn65gpluswc   3.600000  
C670                      XOR2D0          tcbn65gpluswc   3.600000  
C671                      XOR2D0          tcbn65gpluswc   3.600000  
C672                      XOR2D0          tcbn65gpluswc   3.600000  
C673                      XOR2D0          tcbn65gpluswc   3.600000  
C674                      XOR2D0          tcbn65gpluswc   3.600000  
C675                      XOR2D0          tcbn65gpluswc   3.600000  
C676                      XOR2D0          tcbn65gpluswc   3.600000  
C677                      XOR2D0          tcbn65gpluswc   3.600000  
C678                      XOR2D0          tcbn65gpluswc   3.600000  
C679                      XOR2D0          tcbn65gpluswc   3.600000  
C680                      XOR2D0          tcbn65gpluswc   3.600000  
C681                      XOR2D0          tcbn65gpluswc   3.600000  
C682                      XOR2D0          tcbn65gpluswc   3.600000  
C683                      XOR2D0          tcbn65gpluswc   3.600000  
C684                      XOR2D0          tcbn65gpluswc   3.600000  
C685                      XOR2D0          tcbn65gpluswc   3.600000  
C686                      XOR2D0          tcbn65gpluswc   3.600000  
C687                      XOR2D0          tcbn65gpluswc   3.600000  
C688                      XOR2D0          tcbn65gpluswc   3.600000  
C689                      XOR2D0          tcbn65gpluswc   3.600000  
C690                      XOR2D0          tcbn65gpluswc   3.600000  
C691                      XOR2D0          tcbn65gpluswc   3.600000  
C692                      XOR2D0          tcbn65gpluswc   3.600000  
C693                      XOR2D0          tcbn65gpluswc   3.600000  
C694                      XOR2D0          tcbn65gpluswc   3.600000  
C695                      XOR2D0          tcbn65gpluswc   3.600000  
C696                      XOR2D0          tcbn65gpluswc   3.600000  
C697                      XOR2D0          tcbn65gpluswc   3.600000  
C698                      XOR2D0          tcbn65gpluswc   3.600000  
C699                      XOR2D0          tcbn65gpluswc   3.600000  
C700                      XOR2D0          tcbn65gpluswc   3.600000  
C701                      XOR2D0          tcbn65gpluswc   3.600000  
C702                      XOR2D0          tcbn65gpluswc   3.600000  
C703                      XOR2D0          tcbn65gpluswc   3.600000  
C704                      XOR2D0          tcbn65gpluswc   3.600000  
C705                      XOR2D0          tcbn65gpluswc   3.600000  
C706                      XOR2D0          tcbn65gpluswc   3.600000  
C707                      XOR2D0          tcbn65gpluswc   3.600000  
C708                      XOR2D0          tcbn65gpluswc   3.600000  
C709                      XOR2D0          tcbn65gpluswc   3.600000  
C710                      XOR2D0          tcbn65gpluswc   3.600000  
C711                      XOR2D0          tcbn65gpluswc   3.600000  
C712                      XOR2D0          tcbn65gpluswc   3.600000  
C713                      XOR2D0          tcbn65gpluswc   3.600000  
C714                      XOR2D0          tcbn65gpluswc   3.600000  
C715                      XOR2D0          tcbn65gpluswc   3.600000  
C716                      XOR2D0          tcbn65gpluswc   3.600000  
C717                      XOR2D0          tcbn65gpluswc   3.600000  
C718                      XOR2D0          tcbn65gpluswc   3.600000  
C719                      XOR2D0          tcbn65gpluswc   3.600000  
C720                      XOR2D0          tcbn65gpluswc   3.600000  
C721                      XOR2D0          tcbn65gpluswc   3.600000  
C722                      XOR2D0          tcbn65gpluswc   3.600000  
C723                      XOR2D0          tcbn65gpluswc   3.600000  
C724                      XOR2D0          tcbn65gpluswc   3.600000  
C725                      XOR2D0          tcbn65gpluswc   3.600000  
C726                      XOR2D0          tcbn65gpluswc   3.600000  
C727                      XOR2D0          tcbn65gpluswc   3.600000  
C728                      XOR2D0          tcbn65gpluswc   3.600000  
C729                      XOR2D0          tcbn65gpluswc   3.600000  
C730                      XOR2D0          tcbn65gpluswc   3.600000  
C731                      XOR2D0          tcbn65gpluswc   3.600000  
C732                      XOR2D0          tcbn65gpluswc   3.600000  
C733                      XOR2D0          tcbn65gpluswc   3.600000  
C734                      XOR2D0          tcbn65gpluswc   3.600000  
C735                      XOR2D0          tcbn65gpluswc   3.600000  
C736                      XOR2D0          tcbn65gpluswc   3.600000  
C737                      XOR2D0          tcbn65gpluswc   3.600000  
C738                      XOR2D0          tcbn65gpluswc   3.600000  
C739                      XOR2D0          tcbn65gpluswc   3.600000  
C740                      XOR2D0          tcbn65gpluswc   3.600000  
C741                      XOR2D0          tcbn65gpluswc   3.600000  
C742                      XOR2D0          tcbn65gpluswc   3.600000  
C743                      XOR2D0          tcbn65gpluswc   3.600000  
C744                      XOR2D0          tcbn65gpluswc   3.600000  
C745                      XOR2D0          tcbn65gpluswc   3.600000  
C746                      XOR2D0          tcbn65gpluswc   3.600000  
C747                      XOR2D0          tcbn65gpluswc   3.600000  
C748                      XOR2D0          tcbn65gpluswc   3.600000  
C749                      XOR2D0          tcbn65gpluswc   3.600000  
C750                      XOR2D0          tcbn65gpluswc   3.600000  
C751                      XOR2D0          tcbn65gpluswc   3.600000  
C752                      XOR2D0          tcbn65gpluswc   3.600000  
C753                      XOR2D0          tcbn65gpluswc   3.600000  
C754                      XOR2D0          tcbn65gpluswc   3.600000  
C755                      XOR2D0          tcbn65gpluswc   3.600000  
C756                      XOR2D0          tcbn65gpluswc   3.600000  
C757                      XOR2D0          tcbn65gpluswc   3.600000  
C758                      XOR2D0          tcbn65gpluswc   3.600000  
C759                      XOR2D0          tcbn65gpluswc   3.600000  
C760                      XOR2D0          tcbn65gpluswc   3.600000  
C761                      XOR2D0          tcbn65gpluswc   3.600000  
C762                      XOR2D0          tcbn65gpluswc   3.600000  
C763                      XOR2D0          tcbn65gpluswc   3.600000  
C764                      XOR2D0          tcbn65gpluswc   3.600000  
C765                      XOR2D0          tcbn65gpluswc   3.600000  
C766                      XOR2D0          tcbn65gpluswc   3.600000  
C767                      XOR2D0          tcbn65gpluswc   3.600000  
C768                      XOR2D0          tcbn65gpluswc   3.600000  
C769                      XOR2D0          tcbn65gpluswc   3.600000  
C770                      XOR2D0          tcbn65gpluswc   3.600000  
C771                      XOR2D0          tcbn65gpluswc   3.600000  
C772                      XOR2D0          tcbn65gpluswc   3.600000  
C773                      OR2D0           tcbn65gpluswc   2.160000  
C774                      AN2D0           tcbn65gpluswc   2.160000  
C775                      OR2D0           tcbn65gpluswc   2.160000  
C776                      AN2D0           tcbn65gpluswc   2.160000  
C777                      OR2D0           tcbn65gpluswc   2.160000  
C778                      AN2D0           tcbn65gpluswc   2.160000  
C779                      OR2D0           tcbn65gpluswc   2.160000  
C780                      AN2D0           tcbn65gpluswc   2.160000  
C781                      OR2D0           tcbn65gpluswc   2.160000  
C782                      AN2D0           tcbn65gpluswc   2.160000  
C783                      OR2D0           tcbn65gpluswc   2.160000  
C784                      AN2D0           tcbn65gpluswc   2.160000  
C785                      OR2D0           tcbn65gpluswc   2.160000  
C786                      AN2D0           tcbn65gpluswc   2.160000  
C787                      OR2D0           tcbn65gpluswc   2.160000  
C788                      AN2D0           tcbn65gpluswc   2.160000  
C789                      OR2D0           tcbn65gpluswc   2.160000  
C790                      AN2D0           tcbn65gpluswc   2.160000  
C791                      OR2D0           tcbn65gpluswc   2.160000  
C792                      AN2D0           tcbn65gpluswc   2.160000  
C793                      OR2D0           tcbn65gpluswc   2.160000  
C794                      AN2D0           tcbn65gpluswc   2.160000  
C795                      OR2D0           tcbn65gpluswc   2.160000  
C796                      AN2D0           tcbn65gpluswc   2.160000  
C797                      OR2D0           tcbn65gpluswc   2.160000  
C798                      AN2D0           tcbn65gpluswc   2.160000  
C799                      OR2D0           tcbn65gpluswc   2.160000  
C800                      AN2D0           tcbn65gpluswc   2.160000  
C801                      OR2D0           tcbn65gpluswc   2.160000  
C802                      AN2D0           tcbn65gpluswc   2.160000  
C803                      OR2D0           tcbn65gpluswc   2.160000  
C804                      AN2D0           tcbn65gpluswc   2.160000  
C805                      OR2D0           tcbn65gpluswc   2.160000  
C806                      AN2D0           tcbn65gpluswc   2.160000  
C807                      OR2D0           tcbn65gpluswc   2.160000  
C808                      AN2D0           tcbn65gpluswc   2.160000  
C809                      OR2D0           tcbn65gpluswc   2.160000  
C810                      AN2D0           tcbn65gpluswc   2.160000  
C811                      OR2D0           tcbn65gpluswc   2.160000  
C812                      AN2D0           tcbn65gpluswc   2.160000  
C813                      OR2D0           tcbn65gpluswc   2.160000  
C814                      AN2D0           tcbn65gpluswc   2.160000  
C815                      OR2D0           tcbn65gpluswc   2.160000  
C816                      AN2D0           tcbn65gpluswc   2.160000  
C817                      OR2D0           tcbn65gpluswc   2.160000  
C818                      AN2D0           tcbn65gpluswc   2.160000  
C819                      OR2D0           tcbn65gpluswc   2.160000  
C820                      AN2D0           tcbn65gpluswc   2.160000  
C821                      OR2D0           tcbn65gpluswc   2.160000  
C822                      AN2D0           tcbn65gpluswc   2.160000  
C823                      OR2D0           tcbn65gpluswc   2.160000  
C824                      AN2D0           tcbn65gpluswc   2.160000  
C825                      OR2D0           tcbn65gpluswc   2.160000  
C826                      AN2D0           tcbn65gpluswc   2.160000  
C827                      OR2D0           tcbn65gpluswc   2.160000  
C828                      AN2D0           tcbn65gpluswc   2.160000  
C829                      OR2D0           tcbn65gpluswc   2.160000  
C830                      AN2D0           tcbn65gpluswc   2.160000  
C831                      OR2D0           tcbn65gpluswc   2.160000  
C832                      AN2D0           tcbn65gpluswc   2.160000  
C833                      OR2D0           tcbn65gpluswc   2.160000  
C834                      AN2D0           tcbn65gpluswc   2.160000  
C835                      OR2D0           tcbn65gpluswc   2.160000  
C836                      AN2D0           tcbn65gpluswc   2.160000  
C837                      OR2D0           tcbn65gpluswc   2.160000  
C838                      AN2D0           tcbn65gpluswc   2.160000  
C839                      OR2D0           tcbn65gpluswc   2.160000  
C840                      AN2D0           tcbn65gpluswc   2.160000  
C841                      OR2D0           tcbn65gpluswc   2.160000  
C842                      AN2D0           tcbn65gpluswc   2.160000  
C843                      OR2D0           tcbn65gpluswc   2.160000  
C844                      AN2D0           tcbn65gpluswc   2.160000  
C845                      OR2D0           tcbn65gpluswc   2.160000  
C846                      AN2D0           tcbn65gpluswc   2.160000  
C847                      OR2D0           tcbn65gpluswc   2.160000  
C848                      AN2D0           tcbn65gpluswc   2.160000  
C849                      OR2D0           tcbn65gpluswc   2.160000  
C850                      AN2D0           tcbn65gpluswc   2.160000  
C851                      OR2D0           tcbn65gpluswc   2.160000  
C852                      AN2D0           tcbn65gpluswc   2.160000  
C853                      OR2D0           tcbn65gpluswc   2.160000  
C854                      AN2D0           tcbn65gpluswc   2.160000  
C855                      OR2D0           tcbn65gpluswc   2.160000  
C856                      AN2D0           tcbn65gpluswc   2.160000  
C857                      OR2D0           tcbn65gpluswc   2.160000  
C858                      AN2D0           tcbn65gpluswc   2.160000  
C859                      OR2D0           tcbn65gpluswc   2.160000  
C860                      AN2D0           tcbn65gpluswc   2.160000  
C861                      OR2D0           tcbn65gpluswc   2.160000  
C862                      AN2D0           tcbn65gpluswc   2.160000  
C863                      OR2D0           tcbn65gpluswc   2.160000  
C864                      AN2D0           tcbn65gpluswc   2.160000  
C865                      OR2D0           tcbn65gpluswc   2.160000  
C866                      AN2D0           tcbn65gpluswc   2.160000  
C867                      OR2D0           tcbn65gpluswc   2.160000  
C868                      AN2D0           tcbn65gpluswc   2.160000  
C869                      OR2D0           tcbn65gpluswc   2.160000  
C870                      AN2D0           tcbn65gpluswc   2.160000  
C871                      OR2D0           tcbn65gpluswc   2.160000  
C872                      AN2D0           tcbn65gpluswc   2.160000  
C873                      OR2D0           tcbn65gpluswc   2.160000  
C874                      AN2D0           tcbn65gpluswc   2.160000  
C875                      OR2D0           tcbn65gpluswc   2.160000  
C876                      AN2D0           tcbn65gpluswc   2.160000  
C877                      OR2D0           tcbn65gpluswc   2.160000  
C878                      AN2D0           tcbn65gpluswc   2.160000  
C879                      OR2D0           tcbn65gpluswc   2.160000  
C880                      AN2D0           tcbn65gpluswc   2.160000  
C881                      OR2D0           tcbn65gpluswc   2.160000  
C882                      AN2D0           tcbn65gpluswc   2.160000  
C883                      OR2D0           tcbn65gpluswc   2.160000  
C884                      AN2D0           tcbn65gpluswc   2.160000  
C885                      OR2D0           tcbn65gpluswc   2.160000  
C886                      AN2D0           tcbn65gpluswc   2.160000  
C887                      OR2D0           tcbn65gpluswc   2.160000  
C888                      AN2D0           tcbn65gpluswc   2.160000  
C889                      OR2D0           tcbn65gpluswc   2.160000  
C890                      AN2D0           tcbn65gpluswc   2.160000  
C891                      OR2D0           tcbn65gpluswc   2.160000  
C892                      AN2D0           tcbn65gpluswc   2.160000  
C893                      OR2D0           tcbn65gpluswc   2.160000  
C894                      AN2D0           tcbn65gpluswc   2.160000  
C895                      OR2D0           tcbn65gpluswc   2.160000  
C896                      AN2D0           tcbn65gpluswc   2.160000  
C897                      OR2D0           tcbn65gpluswc   2.160000  
C898                      AN2D0           tcbn65gpluswc   2.160000  
C899                      OR2D0           tcbn65gpluswc   2.160000  
C900                      AN2D0           tcbn65gpluswc   2.160000  
C901                      OR2D0           tcbn65gpluswc   2.160000  
C902                      AN2D0           tcbn65gpluswc   2.160000  
C903                      OR2D0           tcbn65gpluswc   2.160000  
C904                      AN2D0           tcbn65gpluswc   2.160000  
C905                      OR2D0           tcbn65gpluswc   2.160000  
C906                      AN2D0           tcbn65gpluswc   2.160000  
C907                      OR2D0           tcbn65gpluswc   2.160000  
C908                      AN2D0           tcbn65gpluswc   2.160000  
C909                      OR2D0           tcbn65gpluswc   2.160000  
C910                      AN2D0           tcbn65gpluswc   2.160000  
C911                      OR2D0           tcbn65gpluswc   2.160000  
C912                      AN2D0           tcbn65gpluswc   2.160000  
C913                      OR2D0           tcbn65gpluswc   2.160000  
C914                      AN2D0           tcbn65gpluswc   2.160000  
C915                      OR2D0           tcbn65gpluswc   2.160000  
C916                      AN2D0           tcbn65gpluswc   2.160000  
C917                      OR2D0           tcbn65gpluswc   2.160000  
C918                      AN2D0           tcbn65gpluswc   2.160000  
C919                      OR2D0           tcbn65gpluswc   2.160000  
C920                      AN2D0           tcbn65gpluswc   2.160000  
C921                      OR2D0           tcbn65gpluswc   2.160000  
C922                      AN2D0           tcbn65gpluswc   2.160000  
C923                      OR2D0           tcbn65gpluswc   2.160000  
C924                      AN2D0           tcbn65gpluswc   2.160000  
C925                      OR2D0           tcbn65gpluswc   2.160000  
C926                      AN2D0           tcbn65gpluswc   2.160000  
C927                      OR2D0           tcbn65gpluswc   2.160000  
C928                      AN2D0           tcbn65gpluswc   2.160000  
C929                      OR2D0           tcbn65gpluswc   2.160000  
C930                      AN2D0           tcbn65gpluswc   2.160000  
C931                      OR2D0           tcbn65gpluswc   2.160000  
C932                      AN2D0           tcbn65gpluswc   2.160000  
C933                      OR2D0           tcbn65gpluswc   2.160000  
C934                      AN2D0           tcbn65gpluswc   2.160000  
C935                      OR2D0           tcbn65gpluswc   2.160000  
C936                      AN2D0           tcbn65gpluswc   2.160000  
C937                      OR2D0           tcbn65gpluswc   2.160000  
C938                      AN2D0           tcbn65gpluswc   2.160000  
C939                      OR2D0           tcbn65gpluswc   2.160000  
C940                      AN2D0           tcbn65gpluswc   2.160000  
C941                      OR2D0           tcbn65gpluswc   2.160000  
C942                      AN2D0           tcbn65gpluswc   2.160000  
C943                      OR2D0           tcbn65gpluswc   2.160000  
C944                      AN2D0           tcbn65gpluswc   2.160000  
C945                      OR2D0           tcbn65gpluswc   2.160000  
C946                      AN2D0           tcbn65gpluswc   2.160000  
C947                      OR2D0           tcbn65gpluswc   2.160000  
C948                      AN2D0           tcbn65gpluswc   2.160000  
C949                      OR2D0           tcbn65gpluswc   2.160000  
C950                      AN2D0           tcbn65gpluswc   2.160000  
C951                      OR2D0           tcbn65gpluswc   2.160000  
C952                      AN2D0           tcbn65gpluswc   2.160000  
C953                      OR2D0           tcbn65gpluswc   2.160000  
C954                      AN2D0           tcbn65gpluswc   2.160000  
C955                      OR2D0           tcbn65gpluswc   2.160000  
C956                      AN2D0           tcbn65gpluswc   2.160000  
C957                      OR2D0           tcbn65gpluswc   2.160000  
C958                      AN2D0           tcbn65gpluswc   2.160000  
C959                      OR2D0           tcbn65gpluswc   2.160000  
C960                      AN2D0           tcbn65gpluswc   2.160000  
C961                      OR2D0           tcbn65gpluswc   2.160000  
C962                      AN2D0           tcbn65gpluswc   2.160000  
C963                      OR2D0           tcbn65gpluswc   2.160000  
C964                      AN2D0           tcbn65gpluswc   2.160000  
C965                      OR2D0           tcbn65gpluswc   2.160000  
C966                      AN2D0           tcbn65gpluswc   2.160000  
C967                      OR2D0           tcbn65gpluswc   2.160000  
C968                      AN2D0           tcbn65gpluswc   2.160000  
C969                      OR2D0           tcbn65gpluswc   2.160000  
C970                      AN2D0           tcbn65gpluswc   2.160000  
C971                      OR2D0           tcbn65gpluswc   2.160000  
C972                      AN2D0           tcbn65gpluswc   2.160000  
C973                      OR2D0           tcbn65gpluswc   2.160000  
C974                      AN2D0           tcbn65gpluswc   2.160000  
C975                      OR2D0           tcbn65gpluswc   2.160000  
C976                      AN2D0           tcbn65gpluswc   2.160000  
C977                      OR2D0           tcbn65gpluswc   2.160000  
C978                      AN2D0           tcbn65gpluswc   2.160000  
C979                      OR2D0           tcbn65gpluswc   2.160000  
C980                      AN2D0           tcbn65gpluswc   2.160000  
C981                      OR2D0           tcbn65gpluswc   2.160000  
C982                      AN2D0           tcbn65gpluswc   2.160000  
C983                      OR2D0           tcbn65gpluswc   2.160000  
C984                      AN2D0           tcbn65gpluswc   2.160000  
C985                      OR2D0           tcbn65gpluswc   2.160000  
C986                      AN2D0           tcbn65gpluswc   2.160000  
C987                      OR2D0           tcbn65gpluswc   2.160000  
C988                      AN2D0           tcbn65gpluswc   2.160000  
C989                      OR2D0           tcbn65gpluswc   2.160000  
C990                      AN2D0           tcbn65gpluswc   2.160000  
C991                      OR2D0           tcbn65gpluswc   2.160000  
C992                      AN2D0           tcbn65gpluswc   2.160000  
C993                      OR2D0           tcbn65gpluswc   2.160000  
C994                      AN2D0           tcbn65gpluswc   2.160000  
C995                      OR2D0           tcbn65gpluswc   2.160000  
C996                      AN2D0           tcbn65gpluswc   2.160000  
C997                      OR2D0           tcbn65gpluswc   2.160000  
C998                      AN2D0           tcbn65gpluswc   2.160000  
C999                      OR2D0           tcbn65gpluswc   2.160000  
C1000                     AN2D0           tcbn65gpluswc   2.160000  
C1001                     OR2D0           tcbn65gpluswc   2.160000  
C1002                     AN2D0           tcbn65gpluswc   2.160000  
C1003                     OR2D0           tcbn65gpluswc   2.160000  
C1004                     AN2D0           tcbn65gpluswc   2.160000  
C1005                     OR2D0           tcbn65gpluswc   2.160000  
C1006                     AN2D0           tcbn65gpluswc   2.160000  
C1007                     OR2D0           tcbn65gpluswc   2.160000  
C1008                     AN2D0           tcbn65gpluswc   2.160000  
C1009                     OR2D0           tcbn65gpluswc   2.160000  
C1010                     AN2D0           tcbn65gpluswc   2.160000  
C1011                     OR2D0           tcbn65gpluswc   2.160000  
C1012                     AN2D0           tcbn65gpluswc   2.160000  
C1013                     OR2D0           tcbn65gpluswc   2.160000  
C1014                     AN2D0           tcbn65gpluswc   2.160000  
C1015                     OR2D0           tcbn65gpluswc   2.160000  
C1016                     AN2D0           tcbn65gpluswc   2.160000  
C1017                     OR2D0           tcbn65gpluswc   2.160000  
C1018                     AN2D0           tcbn65gpluswc   2.160000  
C1019                     OR2D0           tcbn65gpluswc   2.160000  
C1020                     AN2D0           tcbn65gpluswc   2.160000  
C1021                     OR2D0           tcbn65gpluswc   2.160000  
C1022                     AN2D0           tcbn65gpluswc   2.160000  
C1023                     OR2D0           tcbn65gpluswc   2.160000  
C1024                     AN2D0           tcbn65gpluswc   2.160000  
C1025                     OR2D0           tcbn65gpluswc   2.160000  
C1026                     AN2D0           tcbn65gpluswc   2.160000  
C1027                     XOR2D0          tcbn65gpluswc   3.600000  
C1028                     XOR2D0          tcbn65gpluswc   3.600000  
C1029                     XOR2D0          tcbn65gpluswc   3.600000  
C1030                     XOR2D0          tcbn65gpluswc   3.600000  
C1031                     XOR2D0          tcbn65gpluswc   3.600000  
C1032                     XOR2D0          tcbn65gpluswc   3.600000  
C1033                     XOR2D0          tcbn65gpluswc   3.600000  
C1034                     XOR2D0          tcbn65gpluswc   3.600000  
C1035                     XOR2D0          tcbn65gpluswc   3.600000  
C1036                     XOR2D0          tcbn65gpluswc   3.600000  
C1037                     XOR2D0          tcbn65gpluswc   3.600000  
C1038                     XOR2D0          tcbn65gpluswc   3.600000  
C1039                     XOR2D0          tcbn65gpluswc   3.600000  
C1040                     XOR2D0          tcbn65gpluswc   3.600000  
C1041                     XOR2D0          tcbn65gpluswc   3.600000  
C1042                     XOR2D0          tcbn65gpluswc   3.600000  
C1043                     XOR2D0          tcbn65gpluswc   3.600000  
C1044                     XOR2D0          tcbn65gpluswc   3.600000  
C1045                     XOR2D0          tcbn65gpluswc   3.600000  
C1046                     XOR2D0          tcbn65gpluswc   3.600000  
C1047                     XOR2D0          tcbn65gpluswc   3.600000  
C1048                     XOR2D0          tcbn65gpluswc   3.600000  
C1049                     XOR2D0          tcbn65gpluswc   3.600000  
C1050                     XOR2D0          tcbn65gpluswc   3.600000  
C1051                     XOR2D0          tcbn65gpluswc   3.600000  
C1052                     XOR2D0          tcbn65gpluswc   3.600000  
C1053                     XOR2D0          tcbn65gpluswc   3.600000  
C1054                     XOR2D0          tcbn65gpluswc   3.600000  
C1055                     XOR2D0          tcbn65gpluswc   3.600000  
C1056                     XOR2D0          tcbn65gpluswc   3.600000  
C1057                     XOR2D0          tcbn65gpluswc   3.600000  
C1058                     XOR2D0          tcbn65gpluswc   3.600000  
C1059                     XOR2D0          tcbn65gpluswc   3.600000  
C1060                     XOR2D0          tcbn65gpluswc   3.600000  
C1061                     XOR2D0          tcbn65gpluswc   3.600000  
C1062                     XOR2D0          tcbn65gpluswc   3.600000  
C1063                     XOR2D0          tcbn65gpluswc   3.600000  
C1064                     XOR2D0          tcbn65gpluswc   3.600000  
C1065                     XOR2D0          tcbn65gpluswc   3.600000  
C1066                     XOR2D0          tcbn65gpluswc   3.600000  
C1067                     XOR2D0          tcbn65gpluswc   3.600000  
C1068                     XOR2D0          tcbn65gpluswc   3.600000  
C1069                     XOR2D0          tcbn65gpluswc   3.600000  
C1070                     XOR2D0          tcbn65gpluswc   3.600000  
C1071                     XOR2D0          tcbn65gpluswc   3.600000  
C1072                     XOR2D0          tcbn65gpluswc   3.600000  
C1073                     XOR2D0          tcbn65gpluswc   3.600000  
C1074                     XOR2D0          tcbn65gpluswc   3.600000  
C1075                     XOR2D0          tcbn65gpluswc   3.600000  
C1076                     XOR2D0          tcbn65gpluswc   3.600000  
C1077                     XOR2D0          tcbn65gpluswc   3.600000  
C1078                     XOR2D0          tcbn65gpluswc   3.600000  
C1079                     XOR2D0          tcbn65gpluswc   3.600000  
C1080                     XOR2D0          tcbn65gpluswc   3.600000  
C1081                     XOR2D0          tcbn65gpluswc   3.600000  
C1082                     XOR2D0          tcbn65gpluswc   3.600000  
C1083                     XOR2D0          tcbn65gpluswc   3.600000  
C1084                     XOR2D0          tcbn65gpluswc   3.600000  
C1085                     XOR2D0          tcbn65gpluswc   3.600000  
C1086                     XOR2D0          tcbn65gpluswc   3.600000  
C1087                     XOR2D0          tcbn65gpluswc   3.600000  
C1088                     XOR2D0          tcbn65gpluswc   3.600000  
C1089                     XOR2D0          tcbn65gpluswc   3.600000  
C1090                     XOR2D0          tcbn65gpluswc   3.600000  
C1091                     XOR2D0          tcbn65gpluswc   3.600000  
C1092                     XOR2D0          tcbn65gpluswc   3.600000  
C1093                     XOR2D0          tcbn65gpluswc   3.600000  
C1094                     XOR2D0          tcbn65gpluswc   3.600000  
C1095                     XOR2D0          tcbn65gpluswc   3.600000  
C1096                     XOR2D0          tcbn65gpluswc   3.600000  
C1097                     XOR2D0          tcbn65gpluswc   3.600000  
C1098                     XOR2D0          tcbn65gpluswc   3.600000  
C1099                     XOR2D0          tcbn65gpluswc   3.600000  
C1100                     XOR2D0          tcbn65gpluswc   3.600000  
C1101                     XOR2D0          tcbn65gpluswc   3.600000  
C1102                     XOR2D0          tcbn65gpluswc   3.600000  
C1103                     XOR2D0          tcbn65gpluswc   3.600000  
C1104                     XOR2D0          tcbn65gpluswc   3.600000  
C1105                     XOR2D0          tcbn65gpluswc   3.600000  
C1106                     XOR2D0          tcbn65gpluswc   3.600000  
C1107                     XOR2D0          tcbn65gpluswc   3.600000  
C1108                     XOR2D0          tcbn65gpluswc   3.600000  
C1109                     XOR2D0          tcbn65gpluswc   3.600000  
C1110                     XOR2D0          tcbn65gpluswc   3.600000  
C1111                     XOR2D0          tcbn65gpluswc   3.600000  
C1112                     XOR2D0          tcbn65gpluswc   3.600000  
C1113                     XOR2D0          tcbn65gpluswc   3.600000  
C1114                     XOR2D0          tcbn65gpluswc   3.600000  
C1115                     XOR2D0          tcbn65gpluswc   3.600000  
C1116                     XOR2D0          tcbn65gpluswc   3.600000  
C1117                     XOR2D0          tcbn65gpluswc   3.600000  
C1118                     XOR2D0          tcbn65gpluswc   3.600000  
C1119                     XOR2D0          tcbn65gpluswc   3.600000  
C1120                     XOR2D0          tcbn65gpluswc   3.600000  
C1121                     XOR2D0          tcbn65gpluswc   3.600000  
C1122                     XOR2D0          tcbn65gpluswc   3.600000  
C1123                     XOR2D0          tcbn65gpluswc   3.600000  
C1124                     XOR2D0          tcbn65gpluswc   3.600000  
C1125                     XOR2D0          tcbn65gpluswc   3.600000  
C1126                     XOR2D0          tcbn65gpluswc   3.600000  
C1127                     XOR2D0          tcbn65gpluswc   3.600000  
C1128                     XOR2D0          tcbn65gpluswc   3.600000  
C1129                     XOR2D0          tcbn65gpluswc   3.600000  
C1130                     XOR2D0          tcbn65gpluswc   3.600000  
C1131                     XOR2D0          tcbn65gpluswc   3.600000  
C1132                     XOR2D0          tcbn65gpluswc   3.600000  
C1133                     XOR2D0          tcbn65gpluswc   3.600000  
C1134                     XOR2D0          tcbn65gpluswc   3.600000  
C1135                     XOR2D0          tcbn65gpluswc   3.600000  
C1136                     XOR2D0          tcbn65gpluswc   3.600000  
C1137                     XOR2D0          tcbn65gpluswc   3.600000  
C1138                     XOR2D0          tcbn65gpluswc   3.600000  
C1139                     XOR2D0          tcbn65gpluswc   3.600000  
C1140                     XOR2D0          tcbn65gpluswc   3.600000  
C1141                     XOR2D0          tcbn65gpluswc   3.600000  
C1142                     XOR2D0          tcbn65gpluswc   3.600000  
C1143                     XOR2D0          tcbn65gpluswc   3.600000  
C1144                     XOR2D0          tcbn65gpluswc   3.600000  
C1145                     XOR2D0          tcbn65gpluswc   3.600000  
C1146                     XOR2D0          tcbn65gpluswc   3.600000  
C1147                     XOR2D0          tcbn65gpluswc   3.600000  
C1148                     XOR2D0          tcbn65gpluswc   3.600000  
C1149                     XOR2D0          tcbn65gpluswc   3.600000  
C1150                     XOR2D0          tcbn65gpluswc   3.600000  
C1151                     XOR2D0          tcbn65gpluswc   3.600000  
C1152                     XOR2D0          tcbn65gpluswc   3.600000  
C1153                     XOR2D0          tcbn65gpluswc   3.600000  
C1154                     XOR2D0          tcbn65gpluswc   3.600000  
--------------------------------------------------------------------------------
Total 637 cells                                           1744.560008
1
