Copyright 1986-2015 Xilinx, Inc. All Rights Reserved.
-------------------------------------------------------------------------------------------
| Tool Version : Vivado v.2015.4 (lin64) Build 1412921 Wed Nov 18 09:44:32 MST 2015
| Date         : Sat Apr 23 21:30:08 2016
| Host         : localhost.localdomain running 64-bit CentOS Linux release 7.2.1511 (Core)
| Command      : report_timing -file ./reports/timing/11bit_adder_timing.rpt
| Design       : adder
| Device       : 7z010-clg400
| Speed File   : -1  PRODUCTION 1.11 2014-09-11
-------------------------------------------------------------------------------------------

Timing Report

Slack:                    inf
  Source:                 a[0]
                            (input port)
  Destination:            s[9]
                            (output port)
  Path Group:             (none)
  Path Type:              Max at Slow Process Corner
  Data Path Delay:        8.956ns  (logic 4.906ns (54.775%)  route 4.050ns (45.225%))
  Logic Levels:           6  (CARRY4=3 IBUF=1 LUT2=1 OBUF=1)

    Location             Delay type                Incr(ns)  Path(ns)    Netlist Resource(s)
  -------------------------------------------------------------------    -------------------
    T19                                               0.000     0.000 r  a[0] (IN)
                         net (fo=0)                   0.000     0.000    a[0]
    T19                  IBUF (Prop_ibuf_I_O)         0.950     0.950 r  a_IBUF[0]_inst/O
                         net (fo=2, routed)           1.816     2.766    a_IBUF[0]
    SLICE_X43Y16         LUT2 (Prop_lut2_I0_O)        0.124     2.890 r  s_OBUF[3]_inst_i_5/O
                         net (fo=1, routed)           0.000     2.890    s_OBUF[3]_inst_i_5_n_0
    SLICE_X43Y16         CARRY4 (Prop_carry4_S[0]_CO[3])
                                                      0.532     3.422 r  s_OBUF[3]_inst_i_1/CO[3]
                         net (fo=1, routed)           0.000     3.422    s_OBUF[3]_inst_i_1_n_0
    SLICE_X43Y17         CARRY4 (Prop_carry4_CI_CO[3])
                                                      0.114     3.536 r  s_OBUF[7]_inst_i_1/CO[3]
                         net (fo=1, routed)           0.000     3.536    s_OBUF[7]_inst_i_1_n_0
    SLICE_X43Y18         CARRY4 (Prop_carry4_CI_O[1])
                                                      0.334     3.870 r  s_OBUF[10]_inst_i_1/O[1]
                         net (fo=1, routed)           2.235     6.104    s_OBUF[9]
    U17                  OBUF (Prop_obuf_I_O)         2.852     8.956 r  s_OBUF[9]_inst/O
                         net (fo=0)                   0.000     8.956    s[9]
    U17                                                               r  s[9] (OUT)
  -------------------------------------------------------------------    -------------------




